Archive member included to satisfy reference by file (symbol)

c:/users/lenovo/.iotlink/tools/gcc-arm-none-eabi/bin/../lib/gcc/arm-none-eabi/9.2.1/../../../../arm-none-eabi/lib/thumb/v7e-m+fp/hard\libc_nano.a(lib_a-atoi.o)
                              appbuild/net_sockets_alt.o (atoi)
c:/users/lenovo/.iotlink/tools/gcc-arm-none-eabi/bin/../lib/gcc/arm-none-eabi/9.2.1/../../../../arm-none-eabi/lib/thumb/v7e-m+fp/hard\libc_nano.a(lib_a-ctype_.o)
                              appbuild/cJSON.o (_ctype_)
c:/users/lenovo/.iotlink/tools/gcc-arm-none-eabi/bin/../lib/gcc/arm-none-eabi/9.2.1/../../../../arm-none-eabi/lib/thumb/v7e-m+fp/hard\libc_nano.a(lib_a-exit.o)
                              c:/users/lenovo/.iotlink/tools/gcc-arm-none-eabi/bin/../lib/gcc/arm-none-eabi/9.2.1/../../../../arm-none-eabi/lib/thumb/v7e-m+fp/hard/crt0.o (exit)
c:/users/lenovo/.iotlink/tools/gcc-arm-none-eabi/bin/../lib/gcc/arm-none-eabi/9.2.1/../../../../arm-none-eabi/lib/thumb/v7e-m+fp/hard\libc_nano.a(lib_a-fflush.o)
                              appbuild/shell_main.o (fflush)
c:/users/lenovo/.iotlink/tools/gcc-arm-none-eabi/bin/../lib/gcc/arm-none-eabi/9.2.1/../../../../arm-none-eabi/lib/thumb/v7e-m+fp/hard\libc_nano.a(lib_a-findfp.o)
                              c:/users/lenovo/.iotlink/tools/gcc-arm-none-eabi/bin/../lib/gcc/arm-none-eabi/9.2.1/../../../../arm-none-eabi/lib/thumb/v7e-m+fp/hard\libc_nano.a(lib_a-fflush.o) (__sinit)
c:/users/lenovo/.iotlink/tools/gcc-arm-none-eabi/bin/../lib/gcc/arm-none-eabi/9.2.1/../../../../arm-none-eabi/lib/thumb/v7e-m+fp/hard\libc_nano.a(lib_a-fwalk.o)
                              c:/users/lenovo/.iotlink/tools/gcc-arm-none-eabi/bin/../lib/gcc/arm-none-eabi/9.2.1/../../../../arm-none-eabi/lib/thumb/v7e-m+fp/hard\libc_nano.a(lib_a-findfp.o) (_fwalk)
c:/users/lenovo/.iotlink/tools/gcc-arm-none-eabi/bin/../lib/gcc/arm-none-eabi/9.2.1/../../../../arm-none-eabi/lib/thumb/v7e-m+fp/hard\libc_nano.a(lib_a-getchar.o)
                              appbuild/shell_main.o (getchar)
c:/users/lenovo/.iotlink/tools/gcc-arm-none-eabi/bin/../lib/gcc/arm-none-eabi/9.2.1/../../../../arm-none-eabi/lib/thumb/v7e-m+fp/hard\libc_nano.a(lib_a-gmtime.o)
                              appbuild/oc_mqtt_tiny.o (gmtime)
c:/users/lenovo/.iotlink/tools/gcc-arm-none-eabi/bin/../lib/gcc/arm-none-eabi/9.2.1/../../../../arm-none-eabi/lib/thumb/v7e-m+fp/hard\libc_nano.a(lib_a-gmtime_r.o)
                              c:/users/lenovo/.iotlink/tools/gcc-arm-none-eabi/bin/../lib/gcc/arm-none-eabi/9.2.1/../../../../arm-none-eabi/lib/thumb/v7e-m+fp/hard\libc_nano.a(lib_a-gmtime.o) (gmtime_r)
c:/users/lenovo/.iotlink/tools/gcc-arm-none-eabi/bin/../lib/gcc/arm-none-eabi/9.2.1/../../../../arm-none-eabi/lib/thumb/v7e-m+fp/hard\libc_nano.a(lib_a-impure.o)
                              c:/users/lenovo/.iotlink/tools/gcc-arm-none-eabi/bin/../lib/gcc/arm-none-eabi/9.2.1/../../../../arm-none-eabi/lib/thumb/v7e-m+fp/hard\libc_nano.a(lib_a-exit.o) (_global_impure_ptr)
c:/users/lenovo/.iotlink/tools/gcc-arm-none-eabi/bin/../lib/gcc/arm-none-eabi/9.2.1/../../../../arm-none-eabi/lib/thumb/v7e-m+fp/hard\libc_nano.a(lib_a-init.o)
                              c:/users/lenovo/.iotlink/tools/gcc-arm-none-eabi/bin/../lib/gcc/arm-none-eabi/9.2.1/../../../../arm-none-eabi/lib/thumb/v7e-m+fp/hard/crt0.o (__libc_init_array)
c:/users/lenovo/.iotlink/tools/gcc-arm-none-eabi/bin/../lib/gcc/arm-none-eabi/9.2.1/../../../../arm-none-eabi/lib/thumb/v7e-m+fp/hard\libc_nano.a(lib_a-lock.o)
                              c:/users/lenovo/.iotlink/tools/gcc-arm-none-eabi/bin/../lib/gcc/arm-none-eabi/9.2.1/../../../../arm-none-eabi/lib/thumb/v7e-m+fp/hard\libc_nano.a(lib_a-findfp.o) (__retarget_lock_init_recursive)
c:/users/lenovo/.iotlink/tools/gcc-arm-none-eabi/bin/../lib/gcc/arm-none-eabi/9.2.1/../../../../arm-none-eabi/lib/thumb/v7e-m+fp/hard\libc_nano.a(lib_a-memcmp.o)
                              appbuild/at.o (memcmp)
c:/users/lenovo/.iotlink/tools/gcc-arm-none-eabi/bin/../lib/gcc/arm-none-eabi/9.2.1/../../../../arm-none-eabi/lib/thumb/v7e-m+fp/hard\libc_nano.a(lib_a-memcpy-stub.o)
                              appbuild/hal_rng.o (memcpy)
c:/users/lenovo/.iotlink/tools/gcc-arm-none-eabi/bin/../lib/gcc/arm-none-eabi/9.2.1/../../../../arm-none-eabi/lib/thumb/v7e-m+fp/hard\libc_nano.a(lib_a-memmove.o)
                              appbuild/ssl_tls.o (memmove)
c:/users/lenovo/.iotlink/tools/gcc-arm-none-eabi/bin/../lib/gcc/arm-none-eabi/9.2.1/../../../../arm-none-eabi/lib/thumb/v7e-m+fp/hard\libc_nano.a(lib_a-memset.o)
                              c:/users/lenovo/.iotlink/tools/gcc-arm-none-eabi/bin/../lib/gcc/arm-none-eabi/9.2.1/../../../../arm-none-eabi/lib/thumb/v7e-m+fp/hard/crt0.o (memset)
c:/users/lenovo/.iotlink/tools/gcc-arm-none-eabi/bin/../lib/gcc/arm-none-eabi/9.2.1/../../../../arm-none-eabi/lib/thumb/v7e-m+fp/hard\libc_nano.a(lib_a-nano-vfprintf_float.o)
                              (_printf_float)
[...]
Memory Configuration

Name             Origin             Length             Attributes
RAM              0x20000000         0x00010000         xrw
FLASH            0x08000000         0x00040000         xr
*default*        0x00000000         0xffffffff

Linker script and memory map

LOAD c:/users/lenovo/.iotlink/tools/gcc-arm-none-eabi/bin/../lib/gcc/arm-none-eabi/9.2.1/thumb/v7e-m+fp/hard/crti.o
LOAD c:/users/lenovo/.iotlink/tools/gcc-arm-none-eabi/bin/../lib/gcc/arm-none-eabi/9.2.1/thumb/v7e-m+fp/hard/crtbegin.o
LOAD c:/users/lenovo/.iotlink/tools/gcc-arm-none-eabi/bin/../lib/gcc/arm-none-eabi/9.2.1/../../../../arm-none-eabi/lib/thumb/v7e-m+fp/hard/crt0.o
LOAD appbuild/stm32l4xx_hal_flash.o
LOAD appbuild/stm32l4xx_hal_tim_ex.o
LOAD appbuild/stm32l4xx_hal_rcc.o
LOAD appbuild/stm32l4xx_hal_pwr_ex.o
LOAD appbuild/stm32l4xx_hal_pwr.o
LOAD appbuild/stm32l4xx_hal_gpio.o
LOAD appbuild/stm32l4xx_hal_rcc_ex.o
LOAD appbuild/stm32l4xx_hal_flash_ex.o
LOAD appbuild/stm32l4xx_hal_flash_ramfunc.o
LOAD appbuild/stm32l4xx_hal_cortex.o
LOAD appbuild/stm32l4xx_hal_uart.o
LOAD appbuild/stm32l4xx_hal_uart_ex.o
LOAD appbuild/stm32l4xx_hal.o
LOAD appbuild/stm32l4xx_hal_tim.o
LOAD appbuild/stm32l4xx_hal_spi.o
LOAD appbuild/stm32l4xx_hal_i2c.o
LOAD appbuild/stm32l4xx_hal_i2c_ex.o
LOAD appbuild/stm32l4xx_hal_iwdg.o
LOAD appbuild/stm32l4xx_hal_adc.o
LOAD appbuild/hal_iwdg.o
LOAD appbuild/hal_rng.o
LOAD appbuild/hal_qspi_flash.o
LOAD appbuild/lcd.o
LOAD appbuild/stm32l4xx_hal_dma.o
LOAD appbuild/stm32l4xx_hal_dma_ex.o
LOAD appbuild/stm32l4xx_hal_rng.o
LOAD appbuild/main.o
LOAD appbuild/system_stm32l4xx.o
LOAD appbuild/stm32l4xx_it.o
LOAD appbuild/sys_init.o
LOAD appbuild/usart.o
LOAD appbuild/uart_debug.o
LOAD appbuild/dwt.o
LOAD appbuild/i2c.o
LOAD appbuild/spi.o
LOAD appbuild/gpio.o
LOAD appbuild/uart_at.o
LOAD appbuild/link_string.o
LOAD appbuild/link_random.o
LOAD appbuild/link_ring_buffer.o
LOAD appbuild/link_log.o
LOAD appbuild/atiny_log.o
LOAD appbuild/osal.o
LOAD appbuild/los_exc.o
LOAD appbuild/los_dispatch.o
LOAD appbuild/los_hw_tick.o
LOAD appbuild/los_hwi.o
LOAD appbuild/los_svc.o
LOAD appbuild/los_mpu.o
LOAD appbuild/los_hw.o
LOAD appbuild/cmsis_liteos.o
LOAD appbuild/rbtree.o
LOAD appbuild/liteos_errno.o
LOAD appbuild/newlib_stub.o
LOAD appbuild/liteos_imp.o
LOAD appbuild/malloc.o
LOAD appbuild/los_init.o
LOAD appbuild/los_tick.o
LOAD appbuild/los_sys.o
LOAD appbuild/los_timeslice.o
LOAD appbuild/los_task.o
LOAD appbuild/los_priqueue.o
LOAD appbuild/los_swtmr.o
LOAD appbuild/los_queue.o
LOAD appbuild/los_event.o
LOAD appbuild/los_sem.o
LOAD appbuild/los_rwlock.o
LOAD appbuild/los_mux.o
LOAD appbuild/los_memory.o
LOAD appbuild/los_heap.o
LOAD appbuild/los_membox.o
LOAD appbuild/los_slab.o
LOAD appbuild/los_slabmem.o
LOAD appbuild/los_memcheck.o
LOAD appbuild/los_misc.o
LOAD appbuild/los_err.o
LOAD appbuild/los_tickless.o
LOAD appbuild/shell_cmd.o
LOAD appbuild/shell_main.o
LOAD appbuild/shell_test.o
LOAD appbuild/queue.o
LOAD appbuild/driver.o
LOAD appbuild/at.o
LOAD appbuild/cJSON.o
LOAD appbuild/crc32.o
LOAD appbuild/crc8.o
LOAD appbuild/crc16.o
LOAD appbuild/sal_netdb.o
LOAD appbuild/sal.o
LOAD appbuild/esp8266_socket_imp.o
LOAD appbuild/dtls_al.o
LOAD appbuild/poly1305.o
LOAD appbuild/platform_util.o
LOAD appbuild/havege.o
LOAD appbuild/ssl_cookie.o
LOAD appbuild/md5.o
LOAD appbuild/certs.o
LOAD appbuild/ssl_ciphersuites.o
LOAD appbuild/camellia.o
LOAD appbuild/x509_crl.o
LOAD appbuild/threading.o
LOAD appbuild/aesni.o
LOAD appbuild/bignum.o
LOAD appbuild/arc4.o
LOAD appbuild/cipher_wrap.o
LOAD appbuild/rsa_internal.o
LOAD appbuild/aes.o
LOAD appbuild/xtea.o
LOAD appbuild/net_sockets.o
LOAD appbuild/base64.o
LOAD appbuild/sha512.o
LOAD appbuild/pkcs11.o
LOAD appbuild/ecdsa.o
LOAD appbuild/asn1write.o
LOAD appbuild/oid.o
LOAD appbuild/ecjpake.o
LOAD appbuild/ssl_tls.o
LOAD appbuild/debug.o
LOAD appbuild/aria.o
LOAD appbuild/ecdh.o
LOAD appbuild/x509_crt.o
LOAD appbuild/ssl_srv.o
LOAD appbuild/sha1.o
LOAD appbuild/chacha20.o
LOAD appbuild/md2.o
LOAD appbuild/x509_create.o
LOAD appbuild/cmac.o
LOAD appbuild/gcm.o
LOAD appbuild/version.o
LOAD appbuild/pem.o
LOAD appbuild/padlock.o
LOAD appbuild/asn1parse.o
LOAD appbuild/timing.o
LOAD appbuild/ssl_cli.o
LOAD appbuild/pkwrite.o
LOAD appbuild/ssl_cache.o
LOAD appbuild/sha256.o
LOAD appbuild/md_wrap.o
LOAD appbuild/entropy.o
LOAD appbuild/hkdf.o
LOAD appbuild/rsa.o
LOAD appbuild/ripemd160.o
LOAD appbuild/nist_kw.o
LOAD appbuild/pkcs5.o
LOAD appbuild/version_features.o
LOAD appbuild/cipher.o
LOAD appbuild/entropy_poll.o
LOAD appbuild/dhm.o
LOAD appbuild/error.o
LOAD appbuild/ssl_ticket.o
LOAD appbuild/x509.o
LOAD appbuild/blowfish.o
LOAD appbuild/chachapoly.o
LOAD appbuild/ecp.o
LOAD appbuild/md4.o
LOAD appbuild/x509_csr.o
LOAD appbuild/pkparse.o
LOAD appbuild/md.o
LOAD appbuild/ccm.o
LOAD appbuild/pkcs12.o
LOAD appbuild/ecp_curves.o
LOAD appbuild/pk_wrap.o
LOAD appbuild/x509write_crt.o
LOAD appbuild/ctr_drbg.o
LOAD appbuild/platform.o
LOAD appbuild/pk.o
LOAD appbuild/x509write_csr.o
LOAD appbuild/des.o
LOAD appbuild/hmac_drbg.o
LOAD appbuild/memory_buffer_alloc.o
LOAD appbuild/dtls_interface.o
LOAD appbuild/net_sockets_alt.o
LOAD appbuild/timing_alt.o
LOAD appbuild/mbed_port.o
LOAD appbuild/entropy_hardware_poll.o
LOAD appbuild/mqtt_al.o
LOAD appbuild/paho_mqtt_port.o
LOAD appbuild/MQTTConnectClient.o
LOAD appbuild/MQTTSubscribeServer.o
LOAD appbuild/MQTTUnsubscribeClient.o
LOAD appbuild/MQTTDeserializePublish.o
LOAD appbuild/MQTTSubscribeClient.o
LOAD appbuild/MQTTFormat.o
LOAD appbuild/MQTTSerializePublish.o
LOAD appbuild/MQTTPacket.o
LOAD appbuild/MQTTUnsubscribeServer.o
LOAD appbuild/MQTTConnectServer.o
LOAD appbuild/MQTTClient.o
LOAD appbuild/oc_mqtt_al.o
LOAD appbuild/oc_mqtt_at.o
LOAD appbuild/oc_mqtt_profile_package.o
LOAD appbuild/oc_mqtt_profile.o
LOAD appbuild/hmac.o
LOAD appbuild/oc_mqtt_tiny.o
LOAD appbuild/storage.o
LOAD appbuild/partition.o
LOAD appbuild/link_main.o
LOAD appbuild/oc_mqtt_v5_demo.o
LOAD appbuild/los_startup.o
LOAD c:/users/lenovo/.iotlink/tools/gcc-arm-none-eabi/bin/../lib/gcc/arm-none-eabi/9.2.1/../../../../arm-none-eabi/lib/thumb/v7e-m+fp/hard\libc_nano.a
LOAD c:/users/lenovo/.iotlink/tools/gcc-arm-none-eabi/bin/../lib/gcc/arm-none-eabi/9.2.1/../../../../arm-none-eabi/lib/thumb/v7e-m+fp/hard\libm.a
LOAD c:/users/lenovo/.iotlink/tools/gcc-arm-none-eabi/bin/../lib/gcc/arm-none-eabi/9.2.1/../../../../arm-none-eabi/lib/thumb/v7e-m+fp/hard\libnosys.a
START GROUP
LOAD c:/users/lenovo/.iotlink/tools/gcc-arm-none-eabi/bin/../lib/gcc/arm-none-eabi/9.2.1/thumb/v7e-m+fp/hard\libgcc.a
LOAD c:/users/lenovo/.iotlink/tools/gcc-arm-none-eabi/bin/../lib/gcc/arm-none-eabi/9.2.1/../../../../arm-none-eabi/lib/thumb/v7e-m+fp/hard\libc_nano.a
END GROUP
START GROUP
LOAD c:/users/lenovo/.iotlink/tools/gcc-arm-none-eabi/bin/../lib/gcc/arm-none-eabi/9.2.1/thumb/v7e-m+fp/hard\libgcc.a
LOAD c:/users/lenovo/.iotlink/tools/gcc-arm-none-eabi/bin/../lib/gcc/arm-none-eabi/9.2.1/../../../../arm-none-eabi/lib/thumb/v7e-m+fp/hard\libc_nano.a
END GROUP
LOAD c:/users/lenovo/.iotlink/tools/gcc-arm-none-eabi/bin/../lib/gcc/arm-none-eabi/9.2.1/thumb/v7e-m+fp/hard/crtend.o
LOAD c:/users/lenovo/.iotlink/tools/gcc-arm-none-eabi/bin/../lib/gcc/arm-none-eabi/9.2.1/thumb/v7e-m+fp/hard/crtn.o
                0x20010000                _estack = 0x20010000
                0x00000200                _Min_Heap_Size = 0x200
                0x00000400                _Min_Stack_Size = 0x400

.isr_vector     0x08000000      0x400
                0x08000000                . = ALIGN (0x8)
 *(.isr_vector)
 .isr_vector    0x08000000      0x400 appbuild/los_hwi.o
                0x08000000                g_pstHwiForm
                0x08000400                . = ALIGN (0x8)

.text           0x08000400    0x26e48
                0x08000400                . = ALIGN (0x8)
 *(.text)
 .text          0x08000400       0x40 c:/users/lenovo/.iotlink/tools/gcc-arm-none-eabi/bin/../lib/gcc/arm-none-eabi/9.2.1/thumb/v7e-m+fp/hard/crtbegin.o
 .text          0x08000440       0x60 appbuild/los_startup.o
                0x08000440                Reset_Handler
 .text          0x080004a0       0x14 c:/users/lenovo/.iotlink/tools/gcc-arm-none-eabi/bin/../lib/gcc/arm-none-eabi/9.2.1/../../../../arm-none-eabi/lib/thumb/v7e-m+fp/hard\libc_nano.a(lib_a-strcmp.o)
                0x080004a0                strcmp
 .text          0x080004b4       0x10 c:/users/lenovo/.iotlink/tools/gcc-arm-none-eabi/bin/../lib/gcc/arm-none-eabi/9.2.1/../../../../arm-none-eabi/lib/thumb/v7e-m+fp/hard\libc_nano.a(lib_a-strlen.o)
                0x080004b4                strlen
 *fill*         0x080004c4        0xc 
 .text          0x080004d0       0xa0 c:/users/lenovo/.iotlink/tools/gcc-arm-none-eabi/bin/../lib/gcc/arm-none-eabi/9.2.1/../../../../arm-none-eabi/lib/thumb/v7e-m+fp/hard\libc_nano.a(lib_a-memchr.o)
                0x080004d0                memchr
 .text          0x08000570      0x378 c:/users/lenovo/.iotlink/tools/gcc-arm-none-eabi/bin/../lib/gcc/arm-none-eabi/9.2.1/thumb/v7e-m+fp/hard\libgcc.a(_arm_addsubdf3.o)
                0x08000570                __aeabi_drsub
                0x08000578                __aeabi_dsub
                0x08000578                __subdf3
                0x0800057c                __aeabi_dadd
                0x0800057c                __adddf3
                0x080007f4                __floatunsidf
                0x080007f4                __aeabi_ui2d
                0x08000814                __floatsidf
                0x08000814                __aeabi_i2d
                0x08000838                __aeabi_f2d
                0x08000838                __extendsfdf2
                0x0800087c                __floatundidf
                0x0800087c                __aeabi_ul2d
                0x0800088c                __floatdidf
                0x0800088c                __aeabi_l2d
 .text          0x080008e8      0x424 c:/users/lenovo/.iotlink/tools/gcc-arm-none-eabi/bin/../lib/gcc/arm-none-eabi/9.2.1/thumb/v7e-m+fp/hard\libgcc.a(_arm_muldivdf3.o)
                0x080008e8                __aeabi_dmul
                0x080008e8                __muldf3
                0x08000b3c                __divdf3
                0x08000b3c                __aeabi_ddiv
 .text          0x08000d0c      0x110 c:/users/lenovo/.iotlink/tools/gcc-arm-none-eabi/bin/../lib/gcc/arm-none-eabi/9.2.1/thumb/v7e-m+fp/hard\libgcc.a(_arm_cmpdf2.o)
                0x08000d0c                __gtdf2
                0x08000d0c                __gedf2
                0x08000d14                __ltdf2
                0x08000d14                __ledf2
                0x08000d1c                __nedf2
                0x08000d1c                __eqdf2
                0x08000d1c                __cmpdf2
                0x08000d98                __aeabi_cdrcmple
                0x08000da8                __aeabi_cdcmpeq
                0x08000da8                __aeabi_cdcmple
                0x08000db8                __aeabi_dcmpeq
                0x08000dcc                __aeabi_dcmplt
                0x08000de0                __aeabi_dcmple
                0x08000df4                __aeabi_dcmpge
                0x08000e08                __aeabi_dcmpgt
 .text          0x08000e1c       0x2c c:/users/lenovo/.iotlink/tools/gcc-arm-none-eabi/bin/../lib/gcc/arm-none-eabi/9.2.1/thumb/v7e-m+fp/hard\libgcc.a(_arm_unorddf2.o)
                0x08000e1c                __unorddf2
                0x08000e1c                __aeabi_dcmpun
 .text          0x08000e48       0x50 c:/users/lenovo/.iotlink/tools/gcc-arm-none-eabi/bin/../lib/gcc/arm-none-eabi/9.2.1/thumb/v7e-m+fp/hard\libgcc.a(_arm_fixdfsi.o)
                0x08000e48                __aeabi_d2iz
                0x08000e48                __fixdfsi
 .text          0x08000e98       0x40 c:/users/lenovo/.iotlink/tools/gcc-arm-none-eabi/bin/../lib/gcc/arm-none-eabi/9.2.1/thumb/v7e-m+fp/hard\libgcc.a(_arm_fixunsdfsi.o)
                0x08000e98                __aeabi_d2uiz
                0x08000e98                __fixunsdfsi
 .text          0x08000ed8       0xa0 c:/users/lenovo/.iotlink/tools/gcc-arm-none-eabi/bin/../lib/gcc/arm-none-eabi/9.2.1/thumb/v7e-m+fp/hard\libgcc.a(_aeabi_ldivmod.o)
                0x08000ed8                __aeabi_ldivmod
 .text          0x08000f78       0x30 c:/users/lenovo/.iotlink/tools/gcc-arm-none-eabi/bin/../lib/gcc/arm-none-eabi/9.2.1/thumb/v7e-m+fp/hard\libgcc.a(_aeabi_uldivmod.o)
                0x08000f78                __aeabi_uldivmod
 .text          0x08000fa8       0x30 c:/users/lenovo/.iotlink/tools/gcc-arm-none-eabi/bin/../lib/gcc/arm-none-eabi/9.2.1/thumb/v7e-m+fp/hard\libgcc.a(_fixdfdi.o)
                0x08000fa8                __fixdfdi
                0x08000fa8                __aeabi_d2lz
 .text          0x08000fd8       0x3c c:/users/lenovo/.iotlink/tools/gcc-arm-none-eabi/bin/../lib/gcc/arm-none-eabi/9.2.1/thumb/v7e-m+fp/hard\libgcc.a(_fixunsdfdi.o)
                0x08000fd8                __fixunsdfdi
                0x08000fd8                __aeabi_d2ulz
 .text          0x08001014      0x2c4 c:/users/lenovo/.iotlink/tools/gcc-arm-none-eabi/bin/../lib/gcc/arm-none-eabi/9.2.1/thumb/v7e-m+fp/hard\libgcc.a(_udivmoddi4.o)
                0x08001014                __udivmoddi4
 .text          0x080012d8        0x4 c:/users/lenovo/.iotlink/tools/gcc-arm-none-eabi/bin/../lib/gcc/arm-none-eabi/9.2.1/thumb/v7e-m+fp/hard\libgcc.a(_dvmd_tls.o)
                0x080012d8                __aeabi_idiv0
                0x080012d8                __aeabi_ldiv0
 *(.text*)
 .text.HAL_RCC_OscConfig
                0x080012dc      0x73c appbuild/stm32l4xx_hal_rcc.o
                0x080012dc                HAL_RCC_OscConfig
 .text.HAL_RCC_ClockConfig
                0x08001a18      0x230 appbuild/stm32l4xx_hal_rcc.o
                0x08001a18                HAL_RCC_ClockConfig
 .text.HAL_RCC_GetSysClockFreq
                0x08001c48      0x160 appbuild/stm32l4xx_hal_rcc.o
                0x08001c48                HAL_RCC_GetSysClockFreq
 .text.HAL_RCC_GetHCLKFreq
                0x08001da8       0x18 appbuild/stm32l4xx_hal_rcc.o
                0x08001da8                HAL_RCC_GetHCLKFreq
 .text.HAL_RCC_GetPCLK1Freq
                0x08001dc0       0x28 appbuild/stm32l4xx_hal_rcc.o
                0x08001dc0                HAL_RCC_GetPCLK1Freq
 .text.HAL_RCC_GetPCLK2Freq
                0x08001de8       0x28 appbuild/stm32l4xx_hal_rcc.o
                0x08001de8                HAL_RCC_GetPCLK2Freq
 .text.RCC_SetFlashLatencyFromMSIRange
                0x08001e10       0xc4 appbuild/stm32l4xx_hal_rcc.o
 .text.HAL_PWREx_GetVoltageRange
                0x08001ed4       0x1c appbuild/stm32l4xx_hal_pwr_ex.o
                0x08001ed4                HAL_PWREx_GetVoltageRange
 .text.HAL_PWREx_ControlVoltageScaling
                0x08001ef0       0xac appbuild/stm32l4xx_hal_pwr_ex.o
                0x08001ef0                HAL_PWREx_ControlVoltageScaling
 .text.HAL_PWR_EnableBkUpAccess
                0x08001f9c       0x20 appbuild/stm32l4xx_hal_pwr.o
                0x08001f9c                HAL_PWR_EnableBkUpAccess
 .text.HAL_GPIO_Init
                0x08001fbc      0x2fc appbuild/stm32l4xx_hal_gpio.o
                0x08001fbc                HAL_GPIO_Init
 .text.HAL_GPIO_ReadPin
                0x080022b8       0x30 appbuild/stm32l4xx_hal_gpio.o
                0x080022b8                HAL_GPIO_ReadPin
 .text.HAL_GPIO_WritePin
                0x080022e8       0x30 appbuild/stm32l4xx_hal_gpio.o
                0x080022e8                HAL_GPIO_WritePin
 .text.HAL_GPIO_TogglePin
                0x08002318       0x24 appbuild/stm32l4xx_hal_gpio.o
                0x08002318                HAL_GPIO_TogglePin
 .text.HAL_RCCEx_PeriphCLKConfig
                0x0800233c      0x42c appbuild/stm32l4xx_hal_rcc_ex.o
                0x0800233c                HAL_RCCEx_PeriphCLKConfig
 .text.RCCEx_PLLSAI1_Config
                0x08002768      0x1e8 appbuild/stm32l4xx_hal_rcc_ex.o
 .text.__NVIC_SetPriorityGrouping
                0x08002950       0x48 appbuild/stm32l4xx_hal_cortex.o
 .text.__NVIC_GetPriorityGrouping
                0x08002998       0x1c appbuild/stm32l4xx_hal_cortex.o
 .text.__NVIC_EnableIRQ
                0x080029b4       0x3c appbuild/stm32l4xx_hal_cortex.o
 .text.__NVIC_SetPriority
                0x080029f0       0x54 appbuild/stm32l4xx_hal_cortex.o
 .text.NVIC_EncodePriority
                0x08002a44       0x66 appbuild/stm32l4xx_hal_cortex.o
 *fill*         0x08002aaa        0x2 
 .text.SysTick_Config
                0x08002aac       0x44 appbuild/stm32l4xx_hal_cortex.o
 .text.HAL_NVIC_SetPriorityGrouping
                0x08002af0       0x16 appbuild/stm32l4xx_hal_cortex.o
                0x08002af0                HAL_NVIC_SetPriorityGrouping
 .text.HAL_NVIC_SetPriority
                0x08002b06       0x38 appbuild/stm32l4xx_hal_cortex.o
                0x08002b06                HAL_NVIC_SetPriority
 .text.HAL_NVIC_EnableIRQ
                0x08002b3e       0x1c appbuild/stm32l4xx_hal_cortex.o
                0x08002b3e                HAL_NVIC_EnableIRQ
 .text.HAL_SYSTICK_Config
                0x08002b5a       0x18 appbuild/stm32l4xx_hal_cortex.o
                0x08002b5a                HAL_SYSTICK_Config
 .text.HAL_UART_Init
                0x08002b72       0xa2 appbuild/stm32l4xx_hal_uart.o
                0x08002b72                HAL_UART_Init
 .text.HAL_UART_Transmit
                0x08002c14      0x154 appbuild/stm32l4xx_hal_uart.o
                0x08002c14                HAL_UART_Transmit
 .text.UART_SetConfig
                0x08002d68      0x5c0 appbuild/stm32l4xx_hal_uart.o
                0x08002d68                UART_SetConfig
 .text.UART_AdvFeatureConfig
                0x08003328      0x144 appbuild/stm32l4xx_hal_uart.o
                0x08003328                UART_AdvFeatureConfig
 .text.UART_CheckIdleState
                0x0800346c       0x92 appbuild/stm32l4xx_hal_uart.o
                0x0800346c                UART_CheckIdleState
 .text.UART_WaitOnFlagUntilTimeout
                0x080034fe       0x94 appbuild/stm32l4xx_hal_uart.o
                0x080034fe                UART_WaitOnFlagUntilTimeout
 .text.HAL_Init
                0x08003592       0x1a appbuild/stm32l4xx_hal.o
                0x08003592                HAL_Init
 .text.HAL_MspInit
                0x080035ac        0xe appbuild/stm32l4xx_hal.o
                0x080035ac                HAL_MspInit
 *fill*         0x080035ba        0x2 
 .text.HAL_InitTick
                0x080035bc       0x38 appbuild/stm32l4xx_hal.o
                0x080035bc                HAL_InitTick
 .text.HAL_SPI_Init
                0x080035f4      0x114 appbuild/stm32l4xx_hal_spi.o
                0x080035f4                HAL_SPI_Init
 .text.HAL_SPI_Transmit
                0x08003708      0x2ac appbuild/stm32l4xx_hal_spi.o
                0x08003708                HAL_SPI_Transmit
 .text.SPI_WaitFlagStateUntilTimeout
                0x080039b4       0xd0 appbuild/stm32l4xx_hal_spi.o
 .text.SPI_WaitFifoStateUntilTimeout
                0x08003a84       0xe0 appbuild/stm32l4xx_hal_spi.o
 .text.SPI_EndRxTxTransaction
                0x08003b64       0x8c appbuild/stm32l4xx_hal_spi.o
 .text.HAL_I2C_Init
                0x08003bf0      0x11e appbuild/stm32l4xx_hal_i2c.o
                0x08003bf0                HAL_I2C_Init
 .text.HAL_I2CEx_ConfigAnalogFilter
                0x08003d0e       0x96 appbuild/stm32l4xx_hal_i2c_ex.o
                0x08003d0e                HAL_I2CEx_ConfigAnalogFilter
 .text.HAL_I2CEx_ConfigDigitalFilter
                0x08003da4       0x9c appbuild/stm32l4xx_hal_i2c_ex.o
                0x08003da4                HAL_I2CEx_ConfigDigitalFilter
 .text.LCD_Gpio_Init
                0x08003e40       0xc0 appbuild/lcd.o
 .text.LCD_SPI_Send
                0x08003f00       0x1e appbuild/lcd.o
 *fill*         0x08003f1e        0x2 
 .text.LCD_Write_Cmd
                0x08003f20       0x2c appbuild/lcd.o
 .text.LCD_Write_Data
                0x08003f4c       0x2c appbuild/lcd.o
 .text.LCD_Write_HalfWord
                0x08003f78       0x40 appbuild/lcd.o
                0x08003f78                LCD_Write_HalfWord
 .text.LCD_Address_Set
                0x08003fb8       0x98 appbuild/lcd.o
                0x08003fb8                LCD_Address_Set
 .text.LCD_Clear
                0x08004050       0x8c appbuild/lcd.o
                0x08004050                LCD_Clear
 .text.LCD_ShowChar
                0x080040dc      0x260 appbuild/lcd.o
                0x080040dc                LCD_ShowChar
 .text.LCD_ShowString
                0x0800433c       0x96 appbuild/lcd.o
                0x0800433c                LCD_ShowString
 *fill*         0x080043d2        0x2 
 .text.LCD_Init
                0x080043d4      0x1a4 appbuild/lcd.o
                0x080043d4                LCD_Init
 .text.HardWare_Init
                0x08004578       0x74 appbuild/main.o
                0x08004578                HardWare_Init
 .text.link_test
                0x080045ec       0x60 appbuild/main.o
 .text.main     0x0800464c       0x38 appbuild/main.o
                0x0800464c                main
 .text.SystemInit
                0x08004684       0x6c appbuild/system_stm32l4xx.o
                0x08004684                SystemInit
 .text.NMI_Handler
                0x080046f0        0xe appbuild/stm32l4xx_it.o
                0x080046f0                NMI_Handler
 .text.HardFault_Handler
                0x080046fe        0x6 appbuild/stm32l4xx_it.o
                0x080046fe                HardFault_Handler
 .text.MemManage_Handler
                0x08004704        0x6 appbuild/stm32l4xx_it.o
                0x08004704                MemManage_Handler
 .text.BusFault_Handler
                0x0800470a        0x6 appbuild/stm32l4xx_it.o
                0x0800470a                BusFault_Handler
 .text.UsageFault_Handler
                0x08004710        0x6 appbuild/stm32l4xx_it.o
                0x08004710                UsageFault_Handler
 .text.SVC_Handler
                0x08004716        0xe appbuild/stm32l4xx_it.o
                0x08004716                SVC_Handler
 .text.HAL_GetTick
                0x08004724       0x12 appbuild/sys_init.o
                0x08004724                HAL_GetTick
 .text._Error_Handler
                0x08004736        0xc appbuild/sys_init.o
                0x08004736                _Error_Handler
 *fill*         0x08004742        0x2 
 .text.SystemClock_Config
                0x08004744      0x140 appbuild/sys_init.o
                0x08004744                SystemClock_Config
 .text.HAL_UART_MspInit
                0x08004884      0x17c appbuild/usart.o
                0x08004884                HAL_UART_MspInit
 .text.uart_debug_irq
                0x08004a00       0x64 appbuild/uart_debug.o
 .text.shell_uart_init
                0x08004a64       0xb4 appbuild/uart_debug.o
                0x08004a64                shell_uart_init
 .text._write   0x08004b18       0x38 appbuild/uart_debug.o
                0x08004b18                _write
 .text._read    0x08004b50       0x54 appbuild/uart_debug.o
                0x08004b50                _read
 .text.dwt_delay_init
                0x08004ba4       0x40 appbuild/dwt.o
                0x08004ba4                dwt_delay_init
 .text.delayus  0x08004be4       0x78 appbuild/dwt.o
                0x08004be4                delayus
 .text.delay10ms
                0x08004c5c       0x20 appbuild/dwt.o
                0x08004c5c                delay10ms
 .text.MX_I2C1_Init
                0x08004c7c       0x90 appbuild/i2c.o
                0x08004c7c                MX_I2C1_Init
 .text.HAL_I2C_MspInit
                0x08004d0c      0x114 appbuild/i2c.o
                0x08004d0c                HAL_I2C_MspInit
 .text.MX_SPI2_Init
                0x08004e20       0x84 appbuild/spi.o
                0x08004e20                MX_SPI2_Init
 .text.HAL_SPI_MspInit
                0x08004ea4       0x84 appbuild/spi.o
                0x08004ea4                HAL_SPI_MspInit
 .text.SPI2_WriteByte
                0x08004f28       0x28 appbuild/spi.o
                0x08004f28                SPI2_WriteByte
 .text.MX_GPIO_Init
                0x08004f50      0x10c appbuild/gpio.o
                0x08004f50                MX_GPIO_Init
 .text.atio_irq
                0x0800505c      0x13c appbuild/uart_at.o
 .text.uart_at_init
                0x08005198       0xfc appbuild/uart_at.o
                0x08005198                uart_at_init
 .text.uart_at_send
                0x08005294       0x58 appbuild/uart_at.o
 .text.uart_at_receive
                0x080052ec       0xe4 appbuild/uart_at.o
 .text.__at_read
                0x080053d0       0x22 appbuild/uart_at.o
 .text.__at_write
                0x080053f2       0x22 appbuild/uart_at.o
 .text.string_to_arg
                0x08005414       0xb8 appbuild/link_string.o
                0x08005414                string_to_arg
 .text.osal_strdup
                0x080054cc       0x4e appbuild/link_string.o
                0x080054cc                osal_strdup
 .text.byte2hexstr
                0x0800551a       0xba appbuild/link_string.o
                0x0800551a                byte2hexstr
 .text.link_random
                0x080055d4       0x6e appbuild/link_random.o
                0x080055d4                link_random
 .text.ring_buffer_init
                0x08005642       0x48 appbuild/link_ring_buffer.o
                0x08005642                ring_buffer_init
 .text.ring_buffer_write
                0x0800568a      0x162 appbuild/link_ring_buffer.o
                0x0800568a                ring_buffer_write
 .text.ring_buffer_read
                0x080057ec      0x104 appbuild/link_ring_buffer.o
                0x080057ec                ring_buffer_read
 .text.ring_buffer_datalen
                0x080058f0       0x28 appbuild/link_ring_buffer.o
                0x080058f0                ring_buffer_datalen
 .text.ring_buffer_reset
                0x08005918       0x32 appbuild/link_ring_buffer.o
                0x08005918                ring_buffer_reset
 *fill*         0x0800594a        0x2 
 .text.osal_install
                0x0800594c       0x34 appbuild/osal.o
                0x0800594c                osal_install
 .text.osal_task_create
                0x08005980       0x5c appbuild/osal.o
                0x08005980                osal_task_create
 .text.osal_task_kill
                0x080059dc       0x48 appbuild/osal.o
                0x080059dc                osal_task_kill
 .text.osal_task_sleep
                0x08005a24       0x40 appbuild/osal.o
                0x08005a24                osal_task_sleep
 .text.osal_mutex_create
                0x08005a64       0x48 appbuild/osal.o
                0x08005a64                osal_mutex_create
 .text.osal_mutex_lock
                0x08005aac       0x48 appbuild/osal.o
                0x08005aac                osal_mutex_lock
 .text.osal_mutex_unlock
                0x08005af4       0x48 appbuild/osal.o
                0x08005af4                osal_mutex_unlock
 .text.osal_mutex_del
                0x08005b3c       0x48 appbuild/osal.o
                0x08005b3c                osal_mutex_del
 .text.osal_semp_create
                0x08005b84       0x50 appbuild/osal.o
                0x08005b84                osal_semp_create
 .text.osal_semp_pend
                0x08005bd4       0x4c appbuild/osal.o
                0x08005bd4                osal_semp_pend
 .text.osal_semp_post
                0x08005c20       0x48 appbuild/osal.o
                0x08005c20                osal_semp_post
 .text.osal_semp_del
                0x08005c68       0x48 appbuild/osal.o
                0x08005c68                osal_semp_del
 .text.osal_malloc
                0x08005cb0       0x48 appbuild/osal.o
                0x08005cb0                osal_malloc
 .text.osal_free
                0x08005cf8       0x40 appbuild/osal.o
                0x08005cf8                osal_free
 .text.osal_realloc
                0x08005d38       0x4c appbuild/osal.o
                0x08005d38                osal_realloc
 .text.osal_calloc
                0x08005d84       0x3c appbuild/osal.o
                0x08005d84                osal_calloc
 .text.osal_sys_time
                0x08005dc0       0x50 appbuild/osal.o
                0x08005dc0                osal_sys_time
 .text.osal_loop_timer_init
                0x08005e10       0x1e appbuild/osal.o
                0x08005e10                osal_loop_timer_init
 .text.osal_loop_timer_expired
                0x08005e2e       0x30 appbuild/osal.o
                0x08005e2e                osal_loop_timer_expired
 .text.osal_loop_timer_count_downms
                0x08005e5e       0x32 appbuild/osal.o
                0x08005e5e                osal_loop_timer_count_downms
 .text.osal_loop_timer_count_down
                0x08005e90       0x24 appbuild/osal.o
                0x08005e90                osal_loop_timer_count_down
 .text.osal_loop_timer_left
                0x08005eb4       0x38 appbuild/osal.o
                0x08005eb4                osal_loop_timer_left
 .text.osal_reboot
                0x08005eec       0x44 appbuild/osal.o
                0x08005eec                osal_reboot
 .text.osal_init
                0x08005f30       0x1c appbuild/osal.o
                0x08005f30                osal_init
 .text.LOS_StartToRun
                0x08005f4c       0x68 appbuild/los_dispatch.o
                0x08005f4c                LOS_StartToRun
 .text.LOS_IntLock
                0x08005fb4        0xc appbuild/los_dispatch.o
                0x08005fb4                LOS_IntLock
 .text.LOS_IntRestore
                0x08005fc0        0x8 appbuild/los_dispatch.o
                0x08005fc0                LOS_IntRestore
 .text.osTaskSchedule
                0x08005fc8       0x10 appbuild/los_dispatch.o
                0x08005fc8                osTaskSchedule
 .text.PendSV_Handler
                0x08005fd8       0x74 appbuild/los_dispatch.o
                0x08005fd8                PendSV_Handler
 .text.__NVIC_SetPriority
                0x0800604c       0x54 appbuild/los_hw_tick.o
 .text.SysTick_Config
                0x080060a0       0x44 appbuild/los_hw_tick.o
 .text.osTickStart
                0x080060e4       0x9c appbuild/los_hw_tick.o
                0x080060e4                osTickStart
 .text.__NVIC_SetPriorityGrouping
                0x08006180       0x48 appbuild/los_hwi.o
 .text.__NVIC_EnableIRQ
                0x080061c8       0x3c appbuild/los_hwi.o
 .text.__NVIC_SetPriority
                0x08006204       0x54 appbuild/los_hwi.o
 .text.osIntNumGet
                0x08006258       0x1a appbuild/los_hwi.o
                0x08006258                osIntNumGet
 *fill*         0x08006272        0x2 
 .text.osHwiDefaultHandler
                0x08006274       0x28 appbuild/los_hwi.o
                0x08006274                osHwiDefaultHandler
 .text.Debug_Handler
                0x0800629c        0xc appbuild/los_hwi.o
                0x0800629c                Debug_Handler
 .text.osInterrupt
                0x080062a8       0x6c appbuild/los_hwi.o
                0x080062a8                osInterrupt
 .text.osHwiInit
                0x08006314       0x1c appbuild/los_hwi.o
                0x08006314                osHwiInit
 .text.LOS_HwiCreate
                0x08006330       0x84 appbuild/los_hwi.o
                0x08006330                LOS_HwiCreate
 .text.osSchedule
                0x080063b4        0xc appbuild/los_hw.o
                0x080063b4                osSchedule
 .text.LOS_Schedule
                0x080063c0       0x4c appbuild/los_hw.o
                0x080063c0                LOS_Schedule
 .text.osTaskExit
                0x0800640c        0xa appbuild/los_hw.o
                0x0800640c                osTaskExit
 *fill*         0x08006416        0x2 
 .text.osTskStackInit
                0x08006418       0xdc appbuild/los_hw.o
                0x08006418                osTskStackInit
 .text.osTskStackAlloc
                0x080064f4       0x44 appbuild/los_hw.o
                0x080064f4                osTskStackAlloc
 .text.osKernelGetTickCount
                0x08006538       0x48 appbuild/cmsis_liteos.o
                0x08006538                osKernelGetTickCount
 .text._malloc_r
                0x08006580       0x1a appbuild/newlib_stub.o
                0x08006580                _malloc_r
 .text._realloc_r
                0x0800659a       0x1e appbuild/newlib_stub.o
                0x0800659a                _realloc_r
 .text._calloc_r
                0x080065b8       0x1e appbuild/newlib_stub.o
                0x080065b8                _calloc_r
 .text._free_r  0x080065d6       0x18 appbuild/newlib_stub.o
                0x080065d6                _free_r
 .text.__task_sleep
                0x080065ee       0x18 appbuild/liteos_imp.o
 .text.__task_create
                0x08006606       0x64 appbuild/liteos_imp.o
 .text.__task_kill
                0x0800666a       0x32 appbuild/liteos_imp.o
 .text.__task_exit
                0x0800669c        0x6 appbuild/liteos_imp.o
 .text.__mutex_create
                0x080066a2       0x22 appbuild/liteos_imp.o
 .text.__mutex_lock
                0x080066c4       0x28 appbuild/liteos_imp.o
 .text.__mutex_unlock
                0x080066ec       0x24 appbuild/liteos_imp.o
 .text.__mutex_del
                0x08006710       0x24 appbuild/liteos_imp.o
 .text.__semp_create
                0x08006734       0x30 appbuild/liteos_imp.o
 .text.__semp_pend
                0x08006764       0x38 appbuild/liteos_imp.o
 .text.__semp_post
                0x0800679c       0x24 appbuild/liteos_imp.o
 .text.__semp_del
                0x080067c0       0x24 appbuild/liteos_imp.o
 .text.__mem_malloc
                0x080067e4       0x44 appbuild/liteos_imp.o
 .text.__mem_free
                0x08006828       0x20 appbuild/liteos_imp.o
 .text.__get_sys_time
                0x08006848       0x12 appbuild/liteos_imp.o
 .text.liteos_reboot
                0x0800685a        0x6 appbuild/liteos_imp.o
                0x0800685a                liteos_reboot
 .text.__int_connect
                0x08006860       0x2c appbuild/liteos_imp.o
 .text.os_imp_init
                0x0800688c       0x24 appbuild/liteos_imp.o
                0x0800688c                os_imp_init
 .text.free     0x080068b0       0x16 appbuild/malloc.o
                0x080068b0                free
 .text.malloc   0x080068c6       0x18 appbuild/malloc.o
                0x080068c6                malloc
 .text.calloc   0x080068de       0x1c appbuild/malloc.o
                0x080068de                calloc
 .text.realloc  0x080068fa       0x1c appbuild/malloc.o
                0x080068fa                realloc
 *fill*         0x08006916        0x2 
 .text.osRegister
                0x08006918       0x18 appbuild/los_init.o
 .text.LOS_Start
                0x08006930       0x38 appbuild/los_init.o
                0x08006930                LOS_Start
 .text.LOS_KernelInit
                0x08006968       0xb8 appbuild/los_init.o
                0x08006968                LOS_KernelInit
 .text.osTickHandler
                0x08006a20       0x44 appbuild/los_tick.o
                0x08006a20                osTickHandler
 .text.LOS_TickCountGet
                0x08006a64       0x1c appbuild/los_sys.o
                0x08006a64                LOS_TickCountGet
 .text.osTimesliceInit
                0x08006a80       0x20 appbuild/los_timeslice.o
                0x08006a80                osTimesliceInit
 .text.osTimesliceCheck
                0x08006aa0       0x5c appbuild/los_timeslice.o
                0x08006aa0                osTimesliceCheck
 .text.LOS_ListInit
                0x08006afc       0x20 appbuild/los_task.o
 .text.LOS_ListAdd
                0x08006b1c       0x32 appbuild/los_task.o
 .text.LOS_ListTailInsert
                0x08006b4e       0x1e appbuild/los_task.o
 .text.LOS_ListDelete
                0x08006b6c       0x34 appbuild/los_task.o
 .text.LOS_ListEmpty
                0x08006ba0       0x24 appbuild/los_task.o
 .text.osIdleTask
                0x08006bc4        0x6 appbuild/los_task.o
                0x08006bc4                osIdleTask
 .text.osTaskPriModify
                0x08006bca       0x66 appbuild/los_task.o
                0x08006bca                osTaskPriModify
 .text.osTaskAdd2TimerList
                0x08006c30      0x110 appbuild/los_task.o
                0x08006c30                osTaskAdd2TimerList
 .text.osTimerListDelete
                0x08006d40       0x64 appbuild/los_task.o
                0x08006d40                osTimerListDelete
 .text.osTaskScan
                0x08006da4      0x14c appbuild/los_task.o
                0x08006da4                osTaskScan
 .text.osConvertTskStatus
                0x08006ef0       0xbc appbuild/los_task.o
                0x08006ef0                osConvertTskStatus
 .text.osGetTaskWaterLine
                0x08006fac       0x88 appbuild/los_task.o
                0x08006fac                osGetTaskWaterLine
 .text.osGetAllTskInfo
                0x08007034       0xfc appbuild/los_task.o
                0x08007034                osGetAllTskInfo
 .text.osTaskInit
                0x08007130      0x130 appbuild/los_task.o
                0x08007130                osTaskInit
 .text.osIdleTaskCreate
                0x08007260       0x50 appbuild/los_task.o
                0x08007260                osIdleTaskCreate
 .text.LOS_CurTaskIDGet
                0x080072b0       0x28 appbuild/los_task.o
                0x080072b0                LOS_CurTaskIDGet
 .text.osTaskSwitchCheck
                0x080072d8      0x128 appbuild/los_task.o
                0x080072d8                osTaskSwitchCheck
 .text.osTaskMonInit
                0x08007400       0x38 appbuild/los_task.o
                0x08007400                osTaskMonInit
 .text.osTaskEntry
                0x08007438       0x3c appbuild/los_task.o
                0x08007438                osTaskEntry
 .text.LOS_TaskCreateOnly
                0x08007474      0x1d8 appbuild/los_task.o
                0x08007474                LOS_TaskCreateOnly
 .text.LOS_TaskCreate
                0x0800764c       0xec appbuild/los_task.o
                0x0800764c                LOS_TaskCreate
 .text.LOS_TaskDelete
                0x08007738      0x200 appbuild/los_task.o
                0x08007738                LOS_TaskDelete
 .text.LOS_TaskDelay
                0x08007938       0x98 appbuild/los_task.o
                0x08007938                LOS_TaskDelay
 .text.osTaskWait
                0x080079d0       0x74 appbuild/los_task.o
                0x080079d0                osTaskWait
 .text.osTaskWake
                0x08007a44       0x7c appbuild/los_task.o
                0x08007a44                osTaskWake
 .text.LOS_TaskYield
                0x08007ac0       0xac appbuild/los_task.o
                0x08007ac0                LOS_TaskYield
 .text.LOS_ListInit
                0x08007b6c       0x20 appbuild/los_priqueue.o
 .text.LOS_ListAdd
                0x08007b8c       0x32 appbuild/los_priqueue.o
 .text.LOS_ListTailInsert
                0x08007bbe       0x1e appbuild/los_priqueue.o
 .text.LOS_ListDelete
                0x08007bdc       0x34 appbuild/los_priqueue.o
 .text.LOS_ListEmpty
                0x08007c10       0x24 appbuild/los_priqueue.o
 .text.osPriqueueInit
                0x08007c34       0x64 appbuild/los_priqueue.o
                0x08007c34                osPriqueueInit
 .text.osPriqueueEnqueue
                0x08007c98       0x54 appbuild/los_priqueue.o
                0x08007c98                osPriqueueEnqueue
 .text.osPriqueueDequeue
                0x08007cec       0x54 appbuild/los_priqueue.o
                0x08007cec                osPriqueueDequeue
 .text.osPriqueueTop
                0x08007d40       0x40 appbuild/los_priqueue.o
                0x08007d40                osPriqueueTop
 .text.osPriqueueSize
                0x08007d80       0x50 appbuild/los_priqueue.o
                0x08007d80                osPriqueueSize
 .text.LOS_ListInit
                0x08007dd0       0x20 appbuild/los_queue.o
 .text.LOS_ListAdd
                0x08007df0       0x32 appbuild/los_queue.o
 .text.LOS_ListTailInsert
                0x08007e22       0x1e appbuild/los_queue.o
 .text.osQueueInit
                0x08007e40       0x8c appbuild/los_queue.o
                0x08007e40                osQueueInit
 .text.LOS_ListInit
                0x08007ecc       0x20 appbuild/los_sem.o
 .text.LOS_ListAdd
                0x08007eec       0x32 appbuild/los_sem.o
 .text.LOS_ListTailInsert
                0x08007f1e       0x1e appbuild/los_sem.o
 .text.LOS_ListDelete
                0x08007f3c       0x34 appbuild/los_sem.o
 .text.LOS_ListEmpty
                0x08007f70       0x24 appbuild/los_sem.o
 .text.osSemInit
                0x08007f94       0x7c appbuild/los_sem.o
                0x08007f94                osSemInit
 .text.osSemCreate
                0x08008010       0xc4 appbuild/los_sem.o
                0x08008010                osSemCreate
 .text.LOS_SemDelete
                0x080080d4       0xc4 appbuild/los_sem.o
                0x080080d4                LOS_SemDelete
 .text.LOS_SemPend
                0x08008198      0x15c appbuild/los_sem.o
                0x08008198                LOS_SemPend
 .text.LOS_SemPost
                0x080082f4       0xd0 appbuild/los_sem.o
                0x080082f4                LOS_SemPost
 .text.LOS_ListInit
                0x080083c4       0x20 appbuild/los_mux.o
 .text.LOS_ListAdd
                0x080083e4       0x32 appbuild/los_mux.o
 .text.LOS_ListTailInsert
                0x08008416       0x1e appbuild/los_mux.o
 .text.LOS_ListDelete
                0x08008434       0x34 appbuild/los_mux.o
 .text.LOS_ListEmpty
                0x08008468       0x24 appbuild/los_mux.o
 .text.osMuxInit
                0x0800848c       0x70 appbuild/los_mux.o
                0x0800848c                osMuxInit
 .text.LOS_MuxCreate
                0x080084fc       0xb8 appbuild/los_mux.o
                0x080084fc                LOS_MuxCreate
 .text.LOS_MuxDelete
                0x080085b4       0xc0 appbuild/los_mux.o
                0x080085b4                LOS_MuxDelete
 .text.LOS_MuxPend
                0x08008674      0x1ac appbuild/los_mux.o
                0x08008674                LOS_MuxPend
 .text.LOS_MuxPost
                0x08008820      0x120 appbuild/los_mux.o
                0x08008820                LOS_MuxPost
 .text.LOS_MemInit
                0x08008940       0x6a appbuild/los_memory.o
                0x08008940                LOS_MemInit
 *fill*         0x080089aa        0x2 
 .text.osMemSystemInit
                0x080089ac       0x78 appbuild/los_memory.o
                0x080089ac                osMemSystemInit
 .text.osHeapAllocAlign
                0x08008a24       0x20 appbuild/los_memory.o
                0x08008a24                osHeapAllocAlign
 .text.osHeapAlloc
                0x08008a44       0x1c appbuild/los_memory.o
                0x08008a44                osHeapAlloc
 .text.osHeapFree
                0x08008a60       0x26 appbuild/los_memory.o
                0x08008a60                osHeapFree
 .text.LOS_MemAlloc
                0x08008a86       0x46 appbuild/los_memory.o
                0x08008a86                LOS_MemAlloc
 .text.LOS_MemAllocAlign
                0x08008acc       0x20 appbuild/los_memory.o
                0x08008acc                LOS_MemAllocAlign
 .text.LOS_MemFree
                0x08008aec       0x4c appbuild/los_memory.o
                0x08008aec                LOS_MemFree
 .text.osSlabCtrlHdrGet
                0x08008b38       0x1a appbuild/los_memory.o
                0x08008b38                osSlabCtrlHdrGet
 *fill*         0x08008b52        0x2 
 .text.LOS_MemInfo
                0x08008b54       0x3c appbuild/los_memory.o
                0x08008b54                LOS_MemInfo
 .text.dlist_init
                0x08008b90       0x22 appbuild/los_heap.o
 .text.__dlist_add_at
                0x08008bb2       0x30 appbuild/los_heap.o
 .text.dlist_add_tail
                0x08008be2       0x20 appbuild/los_heap.o
 .text.dlist_del
                0x08008c02       0x28 appbuild/los_heap.o
 .text.dlist_empty
                0x08008c2a       0x24 appbuild/los_heap.o
 .text.__is_free
                0x08008c4e       0x26 appbuild/los_heap.o
 .text.__set_chunk_allocated
                0x08008c74       0x20 appbuild/los_heap.o
 .text.__set_chunk_free
                0x08008c94       0x20 appbuild/los_heap.o
 .text.__get_next_chunk
                0x08008cb4       0x20 appbuild/los_heap.o
 .text.__get_prev_chunk
                0x08008cd4       0x18 appbuild/los_heap.o
 .text.__get_mem_block
                0x08008cec       0x18 appbuild/los_heap.o
 .text.__get_ach_from_mem
                0x08008d04       0x2e appbuild/los_heap.o
 .text.__set_ach_to_mem
                0x08008d32       0x1e appbuild/los_heap.o
 .text.__cm_init
                0x08008d50       0x16 appbuild/los_heap.o
 .text.__get_fl_idx
                0x08008d66       0x1e appbuild/los_heap.o
 .text.__get_sl_idx
                0x08008d84       0x22 appbuild/los_heap.o
 .text.__cm_put_chunk
                0x08008da6       0xcc appbuild/los_heap.o
 .text.__cm_del_chunk
                0x08008e72       0xdc appbuild/los_heap.o
 .text.__cm_get_chunk
                0x08008f4e       0xce appbuild/los_heap.o
 .text.__get_max_free
                0x0800901c       0xb6 appbuild/los_heap.o
 .text.__stat_chunk_add
                0x080090d2       0x32 appbuild/los_heap.o
 .text.__stat_chunk_del
                0x08009104       0x32 appbuild/los_heap.o
 .text.__stat_chunk_alloc
                0x08009136       0x74 appbuild/los_heap.o
 .text.__stat_chunk_free
                0x080091aa       0x60 appbuild/los_heap.o
 .text.__put_chunk
                0x0800920a       0x38 appbuild/los_heap.o
 .text.__del_chunk
                0x08009242       0x2a appbuild/los_heap.o
 .text.__get_chunk
                0x0800926c       0x2e appbuild/los_heap.o
 .text.heap_init
                0x0800929a       0x4a appbuild/los_heap.o
                0x0800929a                heap_init
 .text.heap_add
                0x080092e4      0x104 appbuild/los_heap.o
                0x080092e4                heap_add
 .text.__carve_extra
                0x080093e8       0xf6 appbuild/los_heap.o
 .text.heap_alloc_align
                0x080094de       0xac appbuild/los_heap.o
                0x080094de                heap_alloc_align
 .text.heap_alloc
                0x0800958a       0x1e appbuild/los_heap.o
                0x0800958a                heap_alloc
 .text.heap_free
                0x080095a8       0xdc appbuild/los_heap.o
                0x080095a8                heap_free
 .text.__dump_block
                0x08009684       0x74 appbuild/los_heap.o
 .text.__dump_heap
                0x080096f8      0x130 appbuild/los_heap.o
                0x080096f8                __dump_heap
 .text.osAtomicBitsetGetNumBits
                0x08009828       0x18 appbuild/los_slab.o
                0x08009828                osAtomicBitsetGetNumBits
 .text.osAtomicBitsetGetBit
                0x08009840       0x48 appbuild/los_slab.o
                0x08009840                osAtomicBitsetGetBit
 .text.osAtomicBitsetClearBit
                0x08009888       0x48 appbuild/los_slab.o
                0x08009888                osAtomicBitsetClearBit
 .text.osAtomicBitsetFindClearAndSet
                0x080098d0       0x8e appbuild/los_slab.o
                0x080098d0                osAtomicBitsetFindClearAndSet
 .text.osSlabAllocatorAlloc
                0x0800995e       0x36 appbuild/los_slab.o
                0x0800995e                osSlabAllocatorAlloc
 .text.osSlabAllocatorFree
                0x08009994       0x76 appbuild/los_slab.o
                0x08009994                osSlabAllocatorFree
 .text.osSlabBlockHeadFill
                0x08009a0a       0x30 appbuild/los_slabmem.o
                0x08009a0a                osSlabBlockHeadFill
 .text.osSlabMemAlloc
                0x08009a3a       0xee appbuild/los_slabmem.o
                0x08009a3a                osSlabMemAlloc
 .text.osSlabMemFree
                0x08009b28       0xaa appbuild/los_slabmem.o
                0x08009b28                osSlabMemFree
 .text.LOS_Align
                0x08009bd2       0x3c appbuild/los_misc.o
                0x08009bd2                LOS_Align
 *fill*         0x08009c0e        0x2 
 .text.LOS_ErrHandle
                0x08009c10       0x48 appbuild/los_err.o
                0x08009c10                LOS_ErrHandle
 .text.shell_cmd_help
                0x08009c58       0xf4 appbuild/shell_cmd.o
 .text.shell_cmd_match
                0x08009d4c       0x9c appbuild/shell_cmd.o
 .text.shell_cmd_index
                0x08009de8       0xec appbuild/shell_cmd.o
                0x08009de8                shell_cmd_index
 .text.shell_cmd_execute
                0x08009ed4      0x104 appbuild/shell_cmd.o
                0x08009ed4                shell_cmd_execute
 .text.shell_cmd_init
                0x08009fd8       0x4c appbuild/shell_cmd.o
                0x08009fd8                shell_cmd_init
 .text.os_shell_version
                0x0800a024       0x24 appbuild/shell_cmd.o
 .text.shell_get_char
                0x0800a048        0xe appbuild/shell_main.o
 *fill*         0x0800a056        0x2 
 .text.shell_put_char
                0x0800a058       0x28 appbuild/shell_main.o
 .text.shell_put_string
                0x0800a080       0x40 appbuild/shell_main.o
 .text.shell_put_index
                0x0800a0c0       0x14 appbuild/shell_main.o
 .text.shell_put_backspace
                0x0800a0d4       0x38 appbuild/shell_main.o
 .text.shell_put_space
                0x0800a10c       0x30 appbuild/shell_main.o
 .text.shell_moves_cursor_right
                0x0800a13c       0x54 appbuild/shell_main.o
 .text.shell_bell
                0x0800a190        0xe appbuild/shell_main.o
 .text.shell_moves_cursor_left
                0x0800a19e       0x30 appbuild/shell_main.o
 .text.shell_cachecmd
                0x0800a1ce       0x9e appbuild/shell_main.o
 .text.shell_insert_string
                0x0800a26c       0xb6 appbuild/shell_main.o
 *fill*         0x0800a322        0x2 
 .text.shell_server_entry
                0x0800a324      0x66c appbuild/shell_main.o
 .text.shell_init
                0x0800a990       0x30 appbuild/shell_main.o
                0x0800a990                shell_init
 .text.shell_taskinfo
                0x0800a9c0       0x18 appbuild/shell_test.o
 .text.shell_heapinfo
                0x0800a9d8       0x1c appbuild/shell_test.o
 .text.shell_reboot
                0x0800a9f4       0x24 appbuild/shell_test.o
 .text.queue_create
                0x0800aa18       0xc6 appbuild/queue.o
                0x0800aa18                queue_create
 .text.raw_queue_pushdata
                0x0800aade       0x60 appbuild/queue.o
 .text.queue_push
                0x0800ab3e       0x80 appbuild/queue.o
                0x0800ab3e                queue_push
 .text.raw_queue_pop
                0x0800abbe       0x5e appbuild/queue.o
 .text.queue_pop
                0x0800ac1c       0x80 appbuild/queue.o
                0x0800ac1c                queue_pop
 .text.queue_delete
                0x0800ac9c       0x52 appbuild/queue.o
                0x0800ac9c                queue_delete
 *fill*         0x0800acee        0x2 
 .text.__driv_match
                0x0800acf0       0x44 appbuild/driver.o
 .text.los_driv_register
                0x0800ad34       0xcc appbuild/driver.o
                0x0800ad34                los_driv_register
 .text.osdriv_load_static
                0x0800ae00       0x4c appbuild/driver.o
 .text.los_driv_init
                0x0800ae4c       0x30 appbuild/driver.o
                0x0800ae4c                los_driv_init
 .text.los_dev_open
                0x0800ae7c      0x13c appbuild/driver.o
                0x0800ae7c                los_dev_open
 .text.los_dev_read
                0x0800afb8       0x80 appbuild/driver.o
                0x0800afb8                los_dev_read
 .text.los_dev_write
                0x0800b038       0x8c appbuild/driver.o
                0x0800b038                los_dev_write
 .text.__driv_show_shell
                0x0800b0c4       0xd4 appbuild/driver.o
 .text.__cmd_send
                0x0800b198       0xb8 appbuild/at.o
 .text.__resp_rcv
                0x0800b250       0xb0 appbuild/at.o
 .text.__cmd_create
                0x0800b300       0x84 appbuild/at.o
 .text.__cmd_clear
                0x0800b384       0x60 appbuild/at.o
 .text.__cmd_match
                0x0800b3e4       0x9c appbuild/at.o
 .text.__oob_match
                0x0800b480       0x80 appbuild/at.o
 .text.__rcv_task_entry
                0x0800b500      0x100 appbuild/at.o
 .text.at_command
                0x0800b600       0x9c appbuild/at.o
                0x0800b600                at_command
 .text.at_oobregister
                0x0800b69c       0x94 appbuild/at.o
                0x0800b69c                at_oobregister
 .text.at_init  0x0800b730      0x118 appbuild/at.o
                0x0800b730                at_init
 .text.shell_at
                0x0800b848       0xc4 appbuild/at.o
 .text.shell_atdebug
                0x0800b90c      0x10c appbuild/at.o
 .text.case_insensitive_strcmp
                0x0800ba18       0xd8 appbuild/cJSON.o
 .text.cJSON_strdup
                0x0800baf0       0x50 appbuild/cJSON.o
 .text.cJSON_InitHooks
                0x0800bb40       0x88 appbuild/cJSON.o
                0x0800bb40                cJSON_InitHooks
 .text.cJSON_New_Item
                0x0800bbc8       0x2c appbuild/cJSON.o
 .text.cJSON_Delete
                0x0800bbf4       0x94 appbuild/cJSON.o
                0x0800bbf4                cJSON_Delete
 .text.get_decimal_point
                0x0800bc88       0x10 appbuild/cJSON.o
 .text.parse_number
                0x0800bc98      0x1dc appbuild/cJSON.o
 .text.ensure   0x0800be74      0x13a appbuild/cJSON.o
 .text.update_offset
                0x0800bfae       0x42 appbuild/cJSON.o
 .text.print_number
                0x0800bff0      0x154 appbuild/cJSON.o
 .text.parse_hex4
                0x0800c144       0xc4 appbuild/cJSON.o
 .text.utf16_literal_to_utf8
                0x0800c208      0x1d0 appbuild/cJSON.o
 .text.parse_string
                0x0800c3d8      0x28c appbuild/cJSON.o
 .text.print_string_ptr
                0x0800c664      0x260 appbuild/cJSON.o
 .text.print_string
                0x0800c8c4       0x20 appbuild/cJSON.o
 .text.buffer_skip_whitespace
                0x0800c8e4       0x6a appbuild/cJSON.o
 *fill*         0x0800c94e        0x2 
 .text.skip_utf8_bom
                0x0800c950       0x68 appbuild/cJSON.o
 .text.cJSON_ParseWithOpts
                0x0800c9b8      0x134 appbuild/cJSON.o
                0x0800c9b8                cJSON_ParseWithOpts
 .text.cJSON_Parse
                0x0800caec       0x1c appbuild/cJSON.o
                0x0800caec                cJSON_Parse
 .text.print    0x0800cb08      0x108 appbuild/cJSON.o
 .text.cJSON_PrintUnformatted
                0x0800cc10       0x20 appbuild/cJSON.o
                0x0800cc10                cJSON_PrintUnformatted
 .text.parse_value
                0x0800cc30      0x1d8 appbuild/cJSON.o
 .text.print_value
                0x0800ce08      0x1c8 appbuild/cJSON.o
 .text.parse_array
                0x0800cfd0      0x17a appbuild/cJSON.o
 .text.print_array
                0x0800d14a      0x10c appbuild/cJSON.o
 .text.parse_object
                0x0800d256      0x1f0 appbuild/cJSON.o
 .text.print_object
                0x0800d446      0x23e appbuild/cJSON.o
 .text.get_object_item
                0x0800d684       0x76 appbuild/cJSON.o
 .text.cJSON_GetObjectItem
                0x0800d6fa       0x1e appbuild/cJSON.o
                0x0800d6fa                cJSON_GetObjectItem
 .text.suffix_object
                0x0800d718       0x22 appbuild/cJSON.o
 .text.add_item_to_array
                0x0800d73a       0x52 appbuild/cJSON.o
 .text.cJSON_AddItemToArray
                0x0800d78c       0x1a appbuild/cJSON.o
                0x0800d78c                cJSON_AddItemToArray
 .text.cast_away_const
                0x0800d7a6       0x16 appbuild/cJSON.o
 .text.add_item_to_object
                0x0800d7bc       0xa2 appbuild/cJSON.o
 *fill*         0x0800d85e        0x2 
 .text.cJSON_AddItemToObject
                0x0800d860       0x28 appbuild/cJSON.o
                0x0800d860                cJSON_AddItemToObject
 .text.cJSON_AddItemToObjectCS
                0x0800d888       0x28 appbuild/cJSON.o
                0x0800d888                cJSON_AddItemToObjectCS
 .text.cJSON_CreateNumber
                0x0800d8b0       0x90 appbuild/cJSON.o
                0x0800d8b0                cJSON_CreateNumber
 .text.cJSON_CreateString
                0x0800d940       0x4c appbuild/cJSON.o
                0x0800d940                cJSON_CreateString
 .text.cJSON_CreateArray
                0x0800d98c       0x28 appbuild/cJSON.o
                0x0800d98c                cJSON_CreateArray
 .text.cJSON_CreateObject
                0x0800d9b4       0x28 appbuild/cJSON.o
                0x0800d9b4                cJSON_CreateObject
 .text.inet_ntoa
                0x0800d9dc       0x50 appbuild/sal_netdb.o
                0x0800d9dc                inet_ntoa
 .text.link_tcpip_init
                0x0800da2c       0x88 appbuild/sal.o
                0x0800da2c                link_tcpip_init
 .text.link_sal_install
                0x0800dab4       0x34 appbuild/sal.o
                0x0800dab4                link_sal_install
 .text.__sal_sockcb_malloc
                0x0800dae8       0xa8 appbuild/sal.o
 .text.__sal_sockcb_free
                0x0800db90       0x6c appbuild/sal.o
 .text.__sal_sockcb_getcb
                0x0800dbfc       0x3c appbuild/sal.o
 .text.__sal_sockcb_getfd
                0x0800dc38       0x28 appbuild/sal.o
 .text.sal_socket
                0x0800dc60       0x84 appbuild/sal.o
                0x0800dc60                sal_socket
 .text.sal_connect
                0x0800dce4       0x4e appbuild/sal.o
                0x0800dce4                sal_connect
 .text.sal_setsockopt
                0x0800dd32       0x56 appbuild/sal.o
                0x0800dd32                sal_setsockopt
 .text.sal_recv
                0x0800dd88       0x52 appbuild/sal.o
                0x0800dd88                sal_recv
 .text.sal_send
                0x0800ddda       0x52 appbuild/sal.o
                0x0800ddda                sal_send
 .text.sal_closesocket
                0x0800de2c       0x52 appbuild/sal.o
                0x0800de2c                sal_closesocket
 *fill*         0x0800de7e        0x2 
 .text.sal_gethostbyname
                0x0800de80       0x48 appbuild/sal.o
                0x0800de80                sal_gethostbyname
 .text.esp8266_atcmd
                0x0800dec8       0x40 appbuild/esp8266_socket_imp.o
 .text.esp8266_atcmd_response
                0x0800df08       0x44 appbuild/esp8266_socket_imp.o
 .text.esp8266_rcvdeal
                0x0800df4c      0x1d4 appbuild/esp8266_socket_imp.o
 .text.esp8266_socket
                0x0800e120       0x38 appbuild/esp8266_socket_imp.o
 .text.__esp8266_bind
                0x0800e158       0x1a appbuild/esp8266_socket_imp.o
 .text.esp8266_listen
                0x0800e172       0x18 appbuild/esp8266_socket_imp.o
 .text.__esp8266_accept
                0x0800e18a       0x1a appbuild/esp8266_socket_imp.o
 .text.__esp8266_connect
                0x0800e1a4       0xc8 appbuild/esp8266_socket_imp.o
 .text.esp8266_send
                0x0800e26c       0xbc appbuild/esp8266_socket_imp.o
 .text.__esp8266_sendto
                0x0800e328       0x3c appbuild/esp8266_socket_imp.o
 .text.esp8266_recv
                0x0800e364       0xa8 appbuild/esp8266_socket_imp.o
 .text.__esp8266_recvfrom
                0x0800e40c       0x24 appbuild/esp8266_socket_imp.o
 .text.__esp8266_setsockopt
                0x0800e430       0x4c appbuild/esp8266_socket_imp.o
 .text.esp8266_getsockopt
                0x0800e47c       0x1c appbuild/esp8266_socket_imp.o
 .text.esp8266_close
                0x0800e498       0x5c appbuild/esp8266_socket_imp.o
 .text.esp8266_shutdown
                0x0800e4f4       0x1a appbuild/esp8266_socket_imp.o
 .text.esp8266_getsockname
                0x0800e50e       0x1a appbuild/esp8266_socket_imp.o
 .text.esp8266_getpeername
                0x0800e528       0x1a appbuild/esp8266_socket_imp.o
 *fill*         0x0800e542        0x2 
 .text.esp8266_gethostbyname
                0x0800e544      0x19c appbuild/esp8266_socket_imp.o
 .text.esp8266_reset
                0x0800e6e0       0x1c appbuild/esp8266_socket_imp.o
 .text.esp8266_echo_off
                0x0800e6fc       0x1c appbuild/esp8266_socket_imp.o
 .text.esp8266_show_dinfo
                0x0800e718       0x44 appbuild/esp8266_socket_imp.o
 .text.esp8266_set_mode
                0x0800e75c       0x44 appbuild/esp8266_socket_imp.o
 .text.esp8266_joinap
                0x0800e7a0       0x48 appbuild/esp8266_socket_imp.o
 .text.esp8266_set_mux
                0x0800e7e8       0x44 appbuild/esp8266_socket_imp.o
 .text.link_tcpip_imp_init
                0x0800e82c       0xbc appbuild/esp8266_socket_imp.o
                0x0800e82c                link_tcpip_imp_init
 .text.dtls_al_new
                0x0800e8e8       0x40 appbuild/dtls_al.o
                0x0800e8e8                dtls_al_new
 .text.dtls_al_connect
                0x0800e928       0x48 appbuild/dtls_al.o
                0x0800e928                dtls_al_connect
 .text.dtls_al_write
                0x0800e970       0x44 appbuild/dtls_al.o
                0x0800e970                dtls_al_write
 .text.dtls_al_read
                0x0800e9b4       0x44 appbuild/dtls_al.o
                0x0800e9b4                dtls_al_read
 .text.dtls_al_destroy
                0x0800e9f8       0x3c appbuild/dtls_al.o
                0x0800e9f8                dtls_al_destroy
 .text.dtls_al_install
                0x0800ea34       0x34 appbuild/dtls_al.o
                0x0800ea34                dtls_al_install
 .text.dtls_al_init
                0x0800ea68       0x1c appbuild/dtls_al.o
                0x0800ea68                dtls_al_init
 .text.mbedtls_platform_zeroize
                0x0800ea84       0x24 appbuild/platform_util.o
                0x0800ea84                mbedtls_platform_zeroize
 .text.mbedtls_ssl_list_ciphersuites
                0x0800eaa8       0x14 appbuild/ssl_ciphersuites.o
                0x0800eaa8                mbedtls_ssl_list_ciphersuites
 .text.mbedtls_ssl_ciphersuite_from_id
                0x0800eabc       0x3c appbuild/ssl_ciphersuites.o
                0x0800eabc                mbedtls_ssl_ciphersuite_from_id
 .text.mbedtls_ssl_ciphersuite_uses_psk
                0x0800eaf8       0x24 appbuild/ssl_ciphersuites.o
                0x0800eaf8                mbedtls_ssl_ciphersuite_uses_psk
 .text.ccm_ctx_alloc
                0x0800eb1c       0x26 appbuild/cipher_wrap.o
 .text.ccm_ctx_free
                0x0800eb42       0x1c appbuild/cipher_wrap.o
 .text.aes_crypt_ecb_wrap
                0x0800eb5e       0x28 appbuild/cipher_wrap.o
 .text.aes_crypt_cbc_wrap
                0x0800eb86       0x30 appbuild/cipher_wrap.o
 .text.aes_setkey_dec_wrap
                0x0800ebb6       0x20 appbuild/cipher_wrap.o
 .text.aes_setkey_enc_wrap
                0x0800ebd6       0x20 appbuild/cipher_wrap.o
 .text.aes_ctx_alloc
                0x0800ebf6       0x2c appbuild/cipher_wrap.o
 .text.aes_ctx_free
                0x0800ec22       0x1c appbuild/cipher_wrap.o
 .text.ccm_aes_setkey_wrap
                0x0800ec3e       0x22 appbuild/cipher_wrap.o
 .text.mbedtls_aes_init
                0x0800ec60       0x1c appbuild/aes.o
                0x0800ec60                mbedtls_aes_init
 .text.mbedtls_aes_free
                0x0800ec7c       0x22 appbuild/aes.o
                0x0800ec7c                mbedtls_aes_free
 *fill*         0x0800ec9e        0x2 
 .text.mbedtls_aes_setkey_enc
                0x0800eca0      0x3ac appbuild/aes.o
                0x0800eca0                mbedtls_aes_setkey_enc
 .text.mbedtls_aes_setkey_dec
                0x0800f04c      0x22c appbuild/aes.o
                0x0800f04c                mbedtls_aes_setkey_dec
 .text.mbedtls_internal_aes_encrypt
                0x0800f278      0x5c8 appbuild/aes.o
                0x0800f278                mbedtls_internal_aes_encrypt
 .text.mbedtls_internal_aes_decrypt
                0x0800f840      0x5c8 appbuild/aes.o
                0x0800f840                mbedtls_internal_aes_decrypt
 .text.mbedtls_aes_crypt_ecb
                0x0800fe08       0x36 appbuild/aes.o
                0x0800fe08                mbedtls_aes_crypt_ecb
 .text.mbedtls_aes_crypt_cbc
                0x0800fe3e      0x102 appbuild/aes.o
                0x0800fe3e                mbedtls_aes_crypt_cbc
 .text.mbedtls_cipher_get_block_size
                0x0800ff40       0x26 appbuild/ssl_tls.o
 .text.mbedtls_cipher_get_cipher_mode
                0x0800ff66       0x26 appbuild/ssl_tls.o
 .text.mbedtls_ssl_hdr_len
                0x0800ff8c       0x2c appbuild/ssl_tls.o
 .text.mbedtls_ssl_hs_hdr_len
                0x0800ffb8       0x2c appbuild/ssl_tls.o
 .text.mbedtls_ssl_safer_memcmp
                0x0800ffe4       0x62 appbuild/ssl_tls.o
 .text.ssl_ep_len
                0x08010046       0x2c appbuild/ssl_tls.o
 .text.ssl_set_timer
                0x08010072       0x2c appbuild/ssl_tls.o
 .text.ssl_check_timer
                0x0801009e       0x36 appbuild/ssl_tls.o
 .text.ssl_get_maximum_datagram_size
                0x080100d4       0x30 appbuild/ssl_tls.o
 .text.ssl_get_remaining_space_in_datagram
                0x08010104       0x38 appbuild/ssl_tls.o
 .text.ssl_get_remaining_payload_in_datagram
                0x0801013c       0x94 appbuild/ssl_tls.o
 .text.ssl_double_retransmit_timeout
                0x080101d0       0x7a appbuild/ssl_tls.o
 .text.ssl_reset_retransmit_timeout
                0x0801024a       0x20 appbuild/ssl_tls.o
 *fill*         0x0801026a        0x2 
 .text.ssl_mfl_code_to_length
                0x0801026c       0x58 appbuild/ssl_tls.o
 .text.tls_prf_generic
                0x080102c4      0x224 appbuild/ssl_tls.o
 .text.tls_prf_sha256
                0x080104e8       0x34 appbuild/ssl_tls.o
 .text.mbedtls_ssl_derive_keys
                0x0801051c      0x5ec appbuild/ssl_tls.o
                0x0801051c                mbedtls_ssl_derive_keys
 .text.ssl_calc_verify_tls_sha256
                0x08010b08       0x46 appbuild/ssl_tls.o
 *fill*         0x08010b4e        0x2 
 .text.mbedtls_ssl_psk_derive_premaster
                0x08010b50      0x120 appbuild/ssl_tls.o
                0x08010b50                mbedtls_ssl_psk_derive_premaster
 .text.ssl_read_memory
                0x08010c70       0x3e appbuild/ssl_tls.o
 *fill*         0x08010cae        0x2 
 .text.ssl_encrypt_buf
                0x08010cb0      0x464 appbuild/ssl_tls.o
 .text.ssl_decrypt_buf
                0x08011114      0x774 appbuild/ssl_tls.o
 .text.ssl_resend_hello_request
                0x08011888       0x66 appbuild/ssl_tls.o
 *fill*         0x080118ee        0x2 
 .text.mbedtls_ssl_fetch_input
                0x080118f0      0x278 appbuild/ssl_tls.o
                0x080118f0                mbedtls_ssl_fetch_input
 .text.mbedtls_ssl_flush_output
                0x08011b68       0xcc appbuild/ssl_tls.o
                0x08011b68                mbedtls_ssl_flush_output
 .text.ssl_flight_append
                0x08011c34       0xb4 appbuild/ssl_tls.o
 .text.ssl_flight_free
                0x08011ce8       0x38 appbuild/ssl_tls.o
 .text.ssl_swap_epochs
                0x08011d20       0x7a appbuild/ssl_tls.o
 .text.mbedtls_ssl_resend
                0x08011d9a       0x1e appbuild/ssl_tls.o
                0x08011d9a                mbedtls_ssl_resend
 .text.mbedtls_ssl_flight_transmit
                0x08011db8      0x2c6 appbuild/ssl_tls.o
                0x08011db8                mbedtls_ssl_flight_transmit
 .text.mbedtls_ssl_recv_flight_completed
                0x0801207e       0x76 appbuild/ssl_tls.o
                0x0801207e                mbedtls_ssl_recv_flight_completed
 .text.mbedtls_ssl_send_flight_completed
                0x080120f4       0x4a appbuild/ssl_tls.o
                0x080120f4                mbedtls_ssl_send_flight_completed
 *fill*         0x0801213e        0x2 
 .text.mbedtls_ssl_write_handshake_msg
                0x08012140      0x208 appbuild/ssl_tls.o
                0x08012140                mbedtls_ssl_write_handshake_msg
 .text.mbedtls_ssl_write_record
                0x08012348      0x1ec appbuild/ssl_tls.o
                0x08012348                mbedtls_ssl_write_record
 .text.ssl_hs_is_proper_fragment
                0x08012534       0x5c appbuild/ssl_tls.o
 .text.ssl_get_hs_frag_len
                0x08012590       0x34 appbuild/ssl_tls.o
 .text.ssl_get_hs_frag_off
                0x080125c4       0x34 appbuild/ssl_tls.o
 .text.ssl_check_hs_header
                0x080125f8       0x5e appbuild/ssl_tls.o
 .text.ssl_bitmask_set
                0x08012656      0x112 appbuild/ssl_tls.o
 .text.ssl_bitmask_check
                0x08012768       0x7c appbuild/ssl_tls.o
 .text.ssl_get_reassembly_buffer_size
                0x080127e4       0x46 appbuild/ssl_tls.o
 .text.ssl_get_hs_total_len
                0x0801282a       0x34 appbuild/ssl_tls.o
 *fill*         0x0801285e        0x2 
 .text.mbedtls_ssl_prepare_handshake_record
                0x08012860      0x114 appbuild/ssl_tls.o
                0x08012860                mbedtls_ssl_prepare_handshake_record
 .text.mbedtls_ssl_update_handshake_status
                0x08012974       0xa0 appbuild/ssl_tls.o
                0x08012974                mbedtls_ssl_update_handshake_status
 .text.ssl_dtls_replay_reset
                0x08012a14       0x30 appbuild/ssl_tls.o
 .text.ssl_load_six_bytes
                0x08012a44       0xea appbuild/ssl_tls.o
 .text.mbedtls_ssl_dtls_replay_check
                0x08012b2e       0xba appbuild/ssl_tls.o
                0x08012b2e                mbedtls_ssl_dtls_replay_check
 .text.mbedtls_ssl_dtls_replay_update
                0x08012be8      0x146 appbuild/ssl_tls.o
                0x08012be8                mbedtls_ssl_dtls_replay_update
 *fill*         0x08012d2e        0x2 
 .text.ssl_parse_record_header
                0x08012d30      0x1c0 appbuild/ssl_tls.o
 .text.ssl_prepare_record_content
                0x08012ef0       0x64 appbuild/ssl_tls.o
 .text.mbedtls_ssl_read_record
                0x08012f54       0xf4 appbuild/ssl_tls.o
                0x08012f54                mbedtls_ssl_read_record
 .text.ssl_next_record_is_in_datagram
                0x08013048       0x28 appbuild/ssl_tls.o
 .text.ssl_load_buffered_message
                0x08013070      0x10c appbuild/ssl_tls.o
 .text.ssl_buffer_make_space
                0x0801317c       0x64 appbuild/ssl_tls.o
 .text.ssl_buffer_message
                0x080131e0      0x244 appbuild/ssl_tls.o
 .text.ssl_consume_current_message
                0x08013424       0x88 appbuild/ssl_tls.o
 .text.ssl_record_is_in_progress
                0x080134ac       0x22 appbuild/ssl_tls.o
 .text.ssl_free_buffered_record
                0x080134ce       0x44 appbuild/ssl_tls.o
 *fill*         0x08013512        0x2 
 .text.ssl_load_buffered_record
                0x08013514       0xb8 appbuild/ssl_tls.o
 .text.ssl_buffer_future_record
                0x080135cc       0xa8 appbuild/ssl_tls.o
 .text.ssl_get_next_record
                0x08013674      0x194 appbuild/ssl_tls.o
 .text.mbedtls_ssl_handle_message_type
                0x08013808      0x11c appbuild/ssl_tls.o
                0x08013808                mbedtls_ssl_handle_message_type
 .text.mbedtls_ssl_send_alert_message
                0x08013924       0x6c appbuild/ssl_tls.o
                0x08013924                mbedtls_ssl_send_alert_message
 .text.mbedtls_ssl_write_certificate
                0x08013990       0x50 appbuild/ssl_tls.o
                0x08013990                mbedtls_ssl_write_certificate
 .text.mbedtls_ssl_parse_certificate
                0x080139e0       0x50 appbuild/ssl_tls.o
                0x080139e0                mbedtls_ssl_parse_certificate
 .text.mbedtls_ssl_write_change_cipher_spec
                0x08013a30       0x48 appbuild/ssl_tls.o
                0x08013a30                mbedtls_ssl_write_change_cipher_spec
 .text.mbedtls_ssl_parse_change_cipher_spec
                0x08013a78       0xb0 appbuild/ssl_tls.o
                0x08013a78                mbedtls_ssl_parse_change_cipher_spec
 .text.mbedtls_ssl_optimize_checksum
                0x08013b28       0x30 appbuild/ssl_tls.o
                0x08013b28                mbedtls_ssl_optimize_checksum
 .text.mbedtls_ssl_reset_checksum
                0x08013b58       0x1e appbuild/ssl_tls.o
                0x08013b58                mbedtls_ssl_reset_checksum
 .text.ssl_update_checksum_start
                0x08013b76       0x24 appbuild/ssl_tls.o
 .text.ssl_update_checksum_sha256
                0x08013b9a       0x24 appbuild/ssl_tls.o
 *fill*         0x08013bbe        0x2 
 .text.ssl_calc_finished_tls_sha256
                0x08013bc0       0xbc appbuild/ssl_tls.o
 .text.ssl_handshake_wrapup_free_hs_transform
                0x08013c7c       0x50 appbuild/ssl_tls.o
 .text.mbedtls_ssl_handshake_wrapup
                0x08013ccc       0xbc appbuild/ssl_tls.o
                0x08013ccc                mbedtls_ssl_handshake_wrapup
 .text.mbedtls_ssl_write_finished
                0x08013d88      0x1c8 appbuild/ssl_tls.o
                0x08013d88                mbedtls_ssl_write_finished
 .text.mbedtls_ssl_parse_finished
                0x08013f50      0x140 appbuild/ssl_tls.o
                0x08013f50                mbedtls_ssl_parse_finished
 .text.ssl_handshake_params_init
                0x08014090       0x40 appbuild/ssl_tls.o
 .text.ssl_transform_init
                0x080140d0       0x42 appbuild/ssl_tls.o
 .text.mbedtls_ssl_session_init
                0x08014112       0x1a appbuild/ssl_tls.o
                0x08014112                mbedtls_ssl_session_init
 .text.ssl_handshake_init
                0x0801412c      0x140 appbuild/ssl_tls.o
 .text.ssl_cookie_write_dummy
                0x0801426c       0x20 appbuild/ssl_tls.o
 .text.ssl_cookie_check_dummy
                0x0801428c       0x20 appbuild/ssl_tls.o
 .text.ssl_update_out_pointers
                0x080142ac       0xba appbuild/ssl_tls.o
 .text.ssl_update_in_pointers
                0x08014366       0x9a appbuild/ssl_tls.o
 .text.mbedtls_ssl_init
                0x08014400       0x1c appbuild/ssl_tls.o
                0x08014400                mbedtls_ssl_init
 .text.ssl_reset_in_out_pointers
                0x0801441c       0x64 appbuild/ssl_tls.o
 .text.mbedtls_ssl_setup
                0x08014480       0xf0 appbuild/ssl_tls.o
                0x08014480                mbedtls_ssl_setup
 .text.mbedtls_ssl_conf_endpoint
                0x08014570       0x2c appbuild/ssl_tls.o
                0x08014570                mbedtls_ssl_conf_endpoint
 .text.mbedtls_ssl_conf_transport
                0x0801459c       0x2c appbuild/ssl_tls.o
                0x0801459c                mbedtls_ssl_conf_transport
 .text.mbedtls_ssl_conf_authmode
                0x080145c8       0x2c appbuild/ssl_tls.o
                0x080145c8                mbedtls_ssl_conf_authmode
 .text.mbedtls_ssl_conf_rng
                0x080145f4       0x24 appbuild/ssl_tls.o
                0x080145f4                mbedtls_ssl_conf_rng
 .text.mbedtls_ssl_set_bio
                0x08014618       0x32 appbuild/ssl_tls.o
                0x08014618                mbedtls_ssl_set_bio
 .text.mbedtls_ssl_conf_read_timeout
                0x0801464a       0x1c appbuild/ssl_tls.o
                0x0801464a                mbedtls_ssl_conf_read_timeout
 .text.mbedtls_ssl_set_timer_cb
                0x08014666       0x30 appbuild/ssl_tls.o
                0x08014666                mbedtls_ssl_set_timer_cb
 *fill*         0x08014696        0x2 
 .text.mbedtls_ssl_conf_psk
                0x08014698      0x118 appbuild/ssl_tls.o
                0x08014698                mbedtls_ssl_conf_psk
 .text.mbedtls_ssl_get_record_expansion
                0x080147b0       0x9c appbuild/ssl_tls.o
                0x080147b0                mbedtls_ssl_get_record_expansion
 .text.mbedtls_ssl_get_max_frag_len
                0x0801484c       0x84 appbuild/ssl_tls.o
                0x0801484c                mbedtls_ssl_get_max_frag_len
 .text.ssl_get_current_mtu
                0x080148d0       0x80 appbuild/ssl_tls.o
 .text.mbedtls_ssl_get_max_out_record_payload
                0x08014950       0x7c appbuild/ssl_tls.o
                0x08014950                mbedtls_ssl_get_max_out_record_payload
 .text.mbedtls_ssl_handshake_step
                0x080149cc       0x64 appbuild/ssl_tls.o
                0x080149cc                mbedtls_ssl_handshake_step
 .text.mbedtls_ssl_handshake
                0x08014a30       0x48 appbuild/ssl_tls.o
                0x08014a30                mbedtls_ssl_handshake
 .text.ssl_write_hello_request
                0x08014a78       0x3e appbuild/ssl_tls.o
 .text.ssl_start_renegotiation
                0x08014ab6       0x80 appbuild/ssl_tls.o
 *fill*         0x08014b36        0x2 
 .text.mbedtls_ssl_renegotiate
                0x08014b38       0xac appbuild/ssl_tls.o
                0x08014b38                mbedtls_ssl_renegotiate
 .text.ssl_check_ctr_renegotiate
                0x08014be4       0x9c appbuild/ssl_tls.o
 .text.mbedtls_ssl_read
                0x08014c80      0x338 appbuild/ssl_tls.o
                0x08014c80                mbedtls_ssl_read
 .text.ssl_write_real
                0x08014fb8       0xa4 appbuild/ssl_tls.o
 .text.mbedtls_ssl_write
                0x0801505c       0x64 appbuild/ssl_tls.o
                0x0801505c                mbedtls_ssl_write
 .text.mbedtls_ssl_close_notify
                0x080150c0       0x5c appbuild/ssl_tls.o
                0x080150c0                mbedtls_ssl_close_notify
 .text.mbedtls_ssl_transform_free
                0x0801511c       0x48 appbuild/ssl_tls.o
                0x0801511c                mbedtls_ssl_transform_free
 .text.ssl_buffering_free
                0x08015164       0x42 appbuild/ssl_tls.o
 .text.ssl_buffering_free_slot
                0x080151a6       0x76 appbuild/ssl_tls.o
 .text.mbedtls_ssl_handshake_free
                0x0801521c       0x6e appbuild/ssl_tls.o
                0x0801521c                mbedtls_ssl_handshake_free
 .text.mbedtls_ssl_session_free
                0x0801528a       0x20 appbuild/ssl_tls.o
                0x0801528a                mbedtls_ssl_session_free
 .text.mbedtls_ssl_free
                0x080152aa       0xec appbuild/ssl_tls.o
                0x080152aa                mbedtls_ssl_free
 .text.mbedtls_ssl_config_init
                0x08015396       0x1a appbuild/ssl_tls.o
                0x08015396                mbedtls_ssl_config_init
 .text.mbedtls_ssl_config_defaults
                0x080153b0      0x13c appbuild/ssl_tls.o
                0x080153b0                mbedtls_ssl_config_defaults
 .text.mbedtls_ssl_config_free
                0x080154ec       0x74 appbuild/ssl_tls.o
                0x080154ec                mbedtls_ssl_config_free
 .text.mbedtls_ssl_write_version
                0x08015560       0x5e appbuild/ssl_tls.o
                0x08015560                mbedtls_ssl_write_version
 .text.mbedtls_ssl_read_version
                0x080155be       0x66 appbuild/ssl_tls.o
                0x080155be                mbedtls_ssl_read_version
 .text.mbedtls_ssl_ciphersuite_no_pfs
                0x08015624       0x54 appbuild/ssl_srv.o
 .text.mbedtls_ssl_hdr_len
                0x08015678       0x2c appbuild/ssl_srv.o
 .text.mbedtls_ssl_hs_hdr_len
                0x080156a4       0x2c appbuild/ssl_srv.o
 .text.mbedtls_ssl_safer_memcmp
                0x080156d0       0x62 appbuild/ssl_srv.o
 *fill*         0x08015732        0x2 
 .text.ssl_parse_renegotiation_info
                0x08015734       0x90 appbuild/ssl_srv.o
 .text.ssl_parse_max_fragment_length_ext
                0x080157c4       0x44 appbuild/ssl_srv.o
 .text.ssl_ciphersuite_match
                0x08015808       0xb4 appbuild/ssl_srv.o
 .text.ssl_parse_client_hello
                0x080158bc      0x880 appbuild/ssl_srv.o
 .text.ssl_write_renegotiation_ext
                0x0801613c       0xe6 appbuild/ssl_srv.o
 .text.ssl_write_max_fragment_length_ext
                0x08016222       0x6c appbuild/ssl_srv.o
 *fill*         0x0801628e        0x2 
 .text.ssl_write_hello_verify_request
                0x08016290      0x104 appbuild/ssl_srv.o
 .text.ssl_write_server_hello
                0x08016394      0x280 appbuild/ssl_srv.o
 .text.ssl_write_certificate_request
                0x08016614       0x58 appbuild/ssl_srv.o
 .text.ssl_prepare_server_key_exchange
                0x0801666c       0x28 appbuild/ssl_srv.o
 .text.ssl_write_server_key_exchange
                0x08016694       0x8e appbuild/ssl_srv.o
 .text.ssl_write_server_hello_done
                0x08016722       0x84 appbuild/ssl_srv.o
 *fill*         0x080167a6        0x2 
 .text.ssl_parse_client_psk_identity
                0x080167a8      0x124 appbuild/ssl_srv.o
 .text.ssl_parse_client_key_exchange
                0x080168cc       0xd4 appbuild/ssl_srv.o
 .text.ssl_parse_certificate_verify
                0x080169a0       0x58 appbuild/ssl_srv.o
 .text.mbedtls_ssl_handshake_server_step
                0x080169f8      0x170 appbuild/ssl_srv.o
                0x080169f8                mbedtls_ssl_handshake_server_step
 .text.mbedtls_ssl_ciphersuite_cert_req_allowed
                0x08016b68       0x2e appbuild/ssl_cli.o
 .text.mbedtls_ssl_hs_hdr_len
                0x08016b96       0x2c appbuild/ssl_cli.o
 .text.mbedtls_ssl_safer_memcmp
                0x08016bc2       0x62 appbuild/ssl_cli.o
 .text.ssl_write_renegotiation_ext
                0x08016c24       0xb8 appbuild/ssl_cli.o
 .text.ssl_write_max_fragment_length_ext
                0x08016cdc       0xa0 appbuild/ssl_cli.o
 .text.ssl_generate_random
                0x08016d7c       0x7e appbuild/ssl_cli.o
 .text.ssl_validate_ciphersuite
                0x08016dfa       0x60 appbuild/ssl_cli.o
 *fill*         0x08016e5a        0x2 
 .text.ssl_write_client_hello
                0x08016e5c      0x390 appbuild/ssl_cli.o
 .text.ssl_parse_renegotiation_info
                0x080171ec       0xb8 appbuild/ssl_cli.o
 .text.ssl_parse_max_fragment_length_ext
                0x080172a4       0x58 appbuild/ssl_cli.o
 .text.ssl_parse_hello_verify_request
                0x080172fc      0x110 appbuild/ssl_cli.o
 .text.ssl_parse_server_hello
                0x0801740c      0x574 appbuild/ssl_cli.o
 .text.ssl_parse_server_psk_hint
                0x08017980       0x78 appbuild/ssl_cli.o
 .text.ssl_parse_server_key_exchange
                0x080179f8      0x10c appbuild/ssl_cli.o
 .text.ssl_parse_certificate_request
                0x08017b04       0x38 appbuild/ssl_cli.o
 .text.ssl_parse_server_hello_done
                0x08017b3c       0x88 appbuild/ssl_cli.o
 .text.ssl_write_client_key_exchange
                0x08017bc4      0x124 appbuild/ssl_cli.o
 .text.ssl_write_certificate_verify
                0x08017ce8       0x68 appbuild/ssl_cli.o
 .text.mbedtls_ssl_handshake_client_step
                0x08017d50      0x15c appbuild/ssl_cli.o
                0x08017d50                mbedtls_ssl_handshake_client_step
 .text.mbedtls_sha256_init
                0x08017eac       0x1a appbuild/sha256.o
                0x08017eac                mbedtls_sha256_init
 .text.mbedtls_sha256_free
                0x08017ec6       0x20 appbuild/sha256.o
                0x08017ec6                mbedtls_sha256_free
 .text.mbedtls_sha256_clone
                0x08017ee6       0x22 appbuild/sha256.o
                0x08017ee6                mbedtls_sha256_clone
 .text.mbedtls_sha256_starts_ret
                0x08017f08       0xd4 appbuild/sha256.o
                0x08017f08                mbedtls_sha256_starts_ret
 .text.mbedtls_internal_sha256_process
                0x08017fdc     0x1420 appbuild/sha256.o
                0x08017fdc                mbedtls_internal_sha256_process
 .text.mbedtls_sha256_update_ret
                0x080193fc       0xea appbuild/sha256.o
                0x080193fc                mbedtls_sha256_update_ret
 .text.mbedtls_sha256_finish_ret
                0x080194e6      0x2ce appbuild/sha256.o
                0x080194e6                mbedtls_sha256_finish_ret
 .text.mbedtls_sha256_ret
                0x080197b4       0x70 appbuild/sha256.o
                0x080197b4                mbedtls_sha256_ret
 .text.sha224_starts_wrap
                0x08019824       0x1a appbuild/md_wrap.o
 .text.sha224_update_wrap
                0x0801983e       0x20 appbuild/md_wrap.o
 .text.sha224_finish_wrap
                0x0801985e       0x1c appbuild/md_wrap.o
 .text.sha224_wrap
                0x0801987a       0x22 appbuild/md_wrap.o
 .text.sha224_ctx_alloc
                0x0801989c       0x26 appbuild/md_wrap.o
 .text.sha224_ctx_free
                0x080198c2       0x1c appbuild/md_wrap.o
 .text.sha224_clone_wrap
                0x080198de       0x1a appbuild/md_wrap.o
 .text.sha224_process_wrap
                0x080198f8       0x1c appbuild/md_wrap.o
 .text.sha256_starts_wrap
                0x08019914       0x1a appbuild/md_wrap.o
 .text.sha256_wrap
                0x0801992e       0x22 appbuild/md_wrap.o
 .text.mbedtls_entropy_init
                0x08019950       0x48 appbuild/entropy.o
                0x08019950                mbedtls_entropy_init
 .text.mbedtls_entropy_free
                0x08019998       0x32 appbuild/entropy.o
                0x08019998                mbedtls_entropy_free
 .text.mbedtls_entropy_add_source
                0x080199ca       0x8e appbuild/entropy.o
                0x080199ca                mbedtls_entropy_add_source
 .text.entropy_update
                0x08019a58       0xbc appbuild/entropy.o
 .text.entropy_gather_internal
                0x08019b14      0x122 appbuild/entropy.o
 .text.mbedtls_entropy_func
                0x08019c36      0x174 appbuild/entropy.o
                0x08019c36                mbedtls_entropy_func
 .text.mbedtls_cipher_get_block_size
                0x08019daa       0x26 appbuild/cipher.o
 .text.mbedtls_cipher_get_iv_size
                0x08019dd0       0x34 appbuild/cipher.o
 .text.mbedtls_cipher_info_from_type
                0x08019e04       0x40 appbuild/cipher.o
                0x08019e04                mbedtls_cipher_info_from_type
 .text.mbedtls_cipher_info_from_values
                0x08019e44       0x64 appbuild/cipher.o
                0x08019e44                mbedtls_cipher_info_from_values
 .text.mbedtls_cipher_init
                0x08019ea8       0x1a appbuild/cipher.o
                0x08019ea8                mbedtls_cipher_init
 .text.mbedtls_cipher_free
                0x08019ec2       0x38 appbuild/cipher.o
                0x08019ec2                mbedtls_cipher_free
 *fill*         0x08019efa        0x2 
 .text.mbedtls_cipher_setup
                0x08019efc       0x58 appbuild/cipher.o
                0x08019efc                mbedtls_cipher_setup
 .text.mbedtls_cipher_setkey
                0x08019f54       0xb4 appbuild/cipher.o
                0x08019f54                mbedtls_cipher_setkey
 .text.mbedtls_cipher_set_iv
                0x0801a008       0x78 appbuild/cipher.o
                0x0801a008                mbedtls_cipher_set_iv
 .text.mbedtls_cipher_reset
                0x0801a080       0x2c appbuild/cipher.o
                0x0801a080                mbedtls_cipher_reset
 .text.mbedtls_cipher_update
                0x0801a0ac      0x280 appbuild/cipher.o
                0x0801a0ac                mbedtls_cipher_update
 .text.add_zeros_and_len_padding
                0x0801a32c       0x56 appbuild/cipher.o
 *fill*         0x0801a382        0x2 
 .text.get_zeros_and_len_padding
                0x0801a384       0xd0 appbuild/cipher.o
 .text.get_no_padding
                0x0801a454       0x34 appbuild/cipher.o
 .text.mbedtls_cipher_finish
                0x0801a488      0x190 appbuild/cipher.o
                0x0801a488                mbedtls_cipher_finish
 .text.mbedtls_cipher_set_padding_mode
                0x0801a618       0x70 appbuild/cipher.o
                0x0801a618                mbedtls_cipher_set_padding_mode
 .text.mbedtls_cipher_crypt
                0x0801a688       0x88 appbuild/cipher.o
                0x0801a688                mbedtls_cipher_crypt
 .text.mbedtls_cipher_auth_encrypt
                0x0801a710       0x58 appbuild/cipher.o
                0x0801a710                mbedtls_cipher_auth_encrypt
 .text.mbedtls_cipher_auth_decrypt
                0x0801a768       0x68 appbuild/cipher.o
                0x0801a768                mbedtls_cipher_auth_decrypt
 .text.mbedtls_md_info_from_type
                0x0801a7d0       0x34 appbuild/md.o
                0x0801a7d0                mbedtls_md_info_from_type
 .text.mbedtls_md_init
                0x0801a804       0x1a appbuild/md.o
                0x0801a804                mbedtls_md_init
 .text.mbedtls_md_free
                0x0801a81e       0x64 appbuild/md.o
                0x0801a81e                mbedtls_md_free
 *fill*         0x0801a882        0x2 
 .text.mbedtls_md_setup
                0x0801a884       0x7c appbuild/md.o
                0x0801a884                mbedtls_md_setup
 .text.mbedtls_md_hmac_starts
                0x0801a900      0x164 appbuild/md.o
                0x0801a900                mbedtls_md_hmac_starts
 .text.mbedtls_md_hmac_update
                0x0801aa64       0x44 appbuild/md.o
                0x0801aa64                mbedtls_md_hmac_update
 .text.mbedtls_md_hmac_finish
                0x0801aaa8       0xcc appbuild/md.o
                0x0801aaa8                mbedtls_md_hmac_finish
 .text.mbedtls_md_hmac_reset
                0x0801ab74       0x64 appbuild/md.o
                0x0801ab74                mbedtls_md_hmac_reset
 .text.mbedtls_md_process
                0x0801abd8       0x3c appbuild/md.o
                0x0801abd8                mbedtls_md_process
 .text.mbedtls_md_get_size
                0x0801ac14       0x24 appbuild/md.o
                0x0801ac14                mbedtls_md_get_size
 .text.mbedtls_ccm_init
                0x0801ac38       0x1a appbuild/ccm.o
                0x0801ac38                mbedtls_ccm_init
 .text.mbedtls_ccm_setkey
                0x0801ac52       0x78 appbuild/ccm.o
                0x0801ac52                mbedtls_ccm_setkey
 .text.mbedtls_ccm_free
                0x0801acca       0x28 appbuild/ccm.o
                0x0801acca                mbedtls_ccm_free
 .text.ccm_auth_crypt
                0x0801acf2      0x5ee appbuild/ccm.o
 .text.mbedtls_ccm_star_encrypt_and_tag
                0x0801b2e0       0x40 appbuild/ccm.o
                0x0801b2e0                mbedtls_ccm_star_encrypt_and_tag
 .text.mbedtls_ccm_encrypt_and_tag
                0x0801b320       0x48 appbuild/ccm.o
                0x0801b320                mbedtls_ccm_encrypt_and_tag
 .text.mbedtls_ccm_star_auth_decrypt
                0x0801b368       0xa6 appbuild/ccm.o
                0x0801b368                mbedtls_ccm_star_auth_decrypt
 .text.mbedtls_ccm_auth_decrypt
                0x0801b40e       0x48 appbuild/ccm.o
                0x0801b40e                mbedtls_ccm_auth_decrypt
 .text.mbedtls_ctr_drbg_init
                0x0801b456       0x1c appbuild/ctr_drbg.o
                0x0801b456                mbedtls_ctr_drbg_init
 .text.mbedtls_ctr_drbg_seed_entropy_len
                0x0801b472       0x82 appbuild/ctr_drbg.o
                0x0801b472                mbedtls_ctr_drbg_seed_entropy_len
 .text.mbedtls_ctr_drbg_seed
                0x0801b4f4       0x2c appbuild/ctr_drbg.o
                0x0801b4f4                mbedtls_ctr_drbg_seed
 .text.mbedtls_ctr_drbg_free
                0x0801b520       0x2c appbuild/ctr_drbg.o
                0x0801b520                mbedtls_ctr_drbg_free
 .text.block_cipher_df
                0x0801b54c      0x30e appbuild/ctr_drbg.o
 .text.ctr_drbg_update_internal
                0x0801b85a       0xfc appbuild/ctr_drbg.o
 .text.mbedtls_ctr_drbg_reseed
                0x0801b956      0x134 appbuild/ctr_drbg.o
                0x0801b956                mbedtls_ctr_drbg_reseed
 .text.mbedtls_ctr_drbg_random_with_add
                0x0801ba8a      0x16a appbuild/ctr_drbg.o
                0x0801ba8a                mbedtls_ctr_drbg_random_with_add
 .text.mbedtls_ctr_drbg_random
                0x0801bbf4       0x2c appbuild/ctr_drbg.o
                0x0801bbf4                mbedtls_ctr_drbg_random
 .text.mbedtls_calloc
                0x0801bc20       0x24 appbuild/platform.o
                0x0801bc20                mbedtls_calloc
 .text.mbedtls_free
                0x0801bc44       0x1c appbuild/platform.o
                0x0801bc44                mbedtls_free
 .text.mbedtls_platform_set_calloc_free
                0x0801bc60       0x2c appbuild/platform.o
                0x0801bc60                mbedtls_platform_set_calloc_free
 .text.mbedtls_platform_set_snprintf
                0x0801bc8c       0x20 appbuild/platform.o
                0x0801bc8c                mbedtls_platform_set_snprintf
 .text.mbedtls_platform_set_printf
                0x0801bcac       0x20 appbuild/platform.o
                0x0801bcac                mbedtls_platform_set_printf
 .text.dtls_ssl_new
                0x0801bccc      0x254 appbuild/dtls_interface.o
                0x0801bccc                dtls_ssl_new
 .text.dtls_gettime
                0x0801bf20       0x12 appbuild/dtls_interface.o
 *fill*         0x0801bf32        0x2 
 .text.dtls_shakehand
                0x0801bf34      0x190 appbuild/dtls_interface.o
                0x0801bf34                dtls_shakehand
 .text.dtls_ssl_destroy
                0x0801c0c4       0xd0 appbuild/dtls_interface.o
                0x0801c0c4                dtls_ssl_destroy
 .text.dtls_write
                0x0801c194       0x44 appbuild/dtls_interface.o