Archive member included to satisfy reference by file (symbol)

c:/users/lenovo/.iotlink/tools/gcc-arm-none-eabi/bin/../lib/gcc/arm-none-eabi/9.2.1/../../../../arm-none-eabi/lib/thumb/v7e-m+fp/hard\libc_nano.a(lib_a-atoi.o)
                              appbuild/net_sockets_alt.o (atoi)
c:/users/lenovo/.iotlink/tools/gcc-arm-none-eabi/bin/../lib/gcc/arm-none-eabi/9.2.1/../../../../arm-none-eabi/lib/thumb/v7e-m+fp/hard\libc_nano.a(lib_a-ctype_.o)
                              appbuild/cJSON.o (_ctype_)
c:/users/lenovo/.iotlink/tools/gcc-arm-none-eabi/bin/../lib/gcc/arm-none-eabi/9.2.1/../../../../arm-none-eabi/lib/thumb/v7e-m+fp/hard\libc_nano.a(lib_a-exit.o)
                              c:/users/lenovo/.iotlink/tools/gcc-arm-none-eabi/bin/../lib/gcc/arm-none-eabi/9.2.1/../../../../arm-none-eabi/lib/thumb/v7e-m+fp/hard/crt0.o (exit)
c:/users/lenovo/.iotlink/tools/gcc-arm-none-eabi/bin/../lib/gcc/arm-none-eabi/9.2.1/../../../../arm-none-eabi/lib/thumb/v7e-m+fp/hard\libc_nano.a(lib_a-fflush.o)
                              appbuild/shell_main.o (fflush)
c:/users/lenovo/.iotlink/tools/gcc-arm-none-eabi/bin/../lib/gcc/arm-none-eabi/9.2.1/../../../../arm-none-eabi/lib/thumb/v7e-m+fp/hard\libc_nano.a(lib_a-findfp.o)
                              c:/users/lenovo/.iotlink/tools/gcc-arm-none-eabi/bin/../lib/gcc/arm-none-eabi/9.2.1/../../../../arm-none-eabi/lib/thumb/v7e-m+fp/hard\libc_nano.a(lib_a-fflush.o) (__sinit)
c:/users/lenovo/.iotlink/tools/gcc-arm-none-eabi/bin/../lib/gcc/arm-none-eabi/9.2.1/../../../../arm-none-eabi/lib/thumb/v7e-m+fp/hard\libc_nano.a(lib_a-fwalk.o)
                              c:/users/lenovo/.iotlink/tools/gcc-arm-none-eabi/bin/../lib/gcc/arm-none-eabi/9.2.1/../../../../arm-none-eabi/lib/thumb/v7e-m+fp/hard\libc_nano.a(lib_a-findfp.o) (_fwalk)
c:/users/lenovo/.iotlink/tools/gcc-arm-none-eabi/bin/../lib/gcc/arm-none-eabi/9.2.1/../../../../arm-none-eabi/lib/thumb/v7e-m+fp/hard\libc_nano.a(lib_a-getchar.o)
                              appbuild/shell_main.o (getchar)
c:/users/lenovo/.iotlink/tools/gcc-arm-none-eabi/bin/../lib/gcc/arm-none-eabi/9.2.1/../../../../arm-none-eabi/lib/thumb/v7e-m+fp/hard\libc_nano.a(lib_a-gmtime.o)
                              appbuild/oc_mqtt_tiny.o (gmtime)
c:/users/lenovo/.iotlink/tools/gcc-arm-none-eabi/bin/../lib/gcc/arm-none-eabi/9.2.1/../../../../arm-none-eabi/lib/thumb/v7e-m+fp/hard\libc_nano.a(lib_a-gmtime_r.o)
                              c:/users/lenovo/.iotlink/tools/gcc-arm-none-eabi/bin/../lib/gcc/arm-none-eabi/9.2.1/../../../../arm-none-eabi/lib/thumb/v7e-m+fp/hard\libc_nano.a(lib_a-gmtime.o) (gmtime_r)
c:/users/lenovo/.iotlink/tools/gcc-arm-none-eabi/bin/../lib/gcc/arm-none-eabi/9.2.1/../../../../arm-none-eabi/lib/thumb/v7e-m+fp/hard\libc_nano.a(lib_a-impure.o)
                              c:/users/lenovo/.iotlink/tools/gcc-arm-none-eabi/bin/../lib/gcc/arm-none-eabi/9.2.1/../../../../arm-none-eabi/lib/thumb/v7e-m+fp/hard\libc_nano.a(lib_a-exit.o) (_global_impure_ptr)
c:/users/lenovo/.iotlink/tools/gcc-arm-none-eabi/bin/../lib/gcc/arm-none-eabi/9.2.1/../../../../arm-none-eabi/lib/thumb/v7e-m+fp/hard\libc_nano.a(lib_a-init.o)
                              c:/users/lenovo/.iotlink/tools/gcc-arm-none-eabi/bin/../lib/gcc/arm-none-eabi/9.2.1/../../../../arm-none-eabi/lib/thumb/v7e-m+fp/hard/crt0.o (__libc_init_array)
c:/users/lenovo/.iotlink/tools/gcc-arm-none-eabi/bin/../lib/gcc/arm-none-eabi/9.2.1/../../../../arm-none-eabi/lib/thumb/v7e-m+fp/hard\libc_nano.a(lib_a-lock.o)
                              c:/users/lenovo/.iotlink/tools/gcc-arm-none-eabi/bin/../lib/gcc/arm-none-eabi/9.2.1/../../../../arm-none-eabi/lib/thumb/v7e-m+fp/hard\libc_nano.a(lib_a-findfp.o) (__retarget_lock_init_recursive)
c:/users/lenovo/.iotlink/tools/gcc-arm-none-eabi/bin/../lib/gcc/arm-none-eabi/9.2.1/../../../../arm-none-eabi/lib/thumb/v7e-m+fp/hard\libc_nano.a(lib_a-memcmp.o)
                              appbuild/at.o (memcmp)
c:/users/lenovo/.iotlink/tools/gcc-arm-none-eabi/bin/../lib/gcc/arm-none-eabi/9.2.1/../../../../arm-none-eabi/lib/thumb/v7e-m+fp/hard\libc_nano.a(lib_a-memcpy-stub.o)
                              appbuild/hal_rng.o (memcpy)
c:/users/lenovo/.iotlink/tools/gcc-arm-none-eabi/bin/../lib/gcc/arm-none-eabi/9.2.1/../../../../arm-none-eabi/lib/thumb/v7e-m+fp/hard\libc_nano.a(lib_a-memmove.o)
                              appbuild/ssl_tls.o (memmove)
c:/users/lenovo/.iotlink/tools/gcc-arm-none-eabi/bin/../lib/gcc/arm-none-eabi/9.2.1/../../../../arm-none-eabi/lib/thumb/v7e-m+fp/hard\libc_nano.a(lib_a-memset.o)
                              c:/users/lenovo/.iotlink/tools/gcc-arm-none-eabi/bin/../lib/gcc/arm-none-eabi/9.2.1/../../../../arm-none-eabi/lib/thumb/v7e-m+fp/hard/crt0.o (memset)
c:/users/lenovo/.iotlink/tools/gcc-arm-none-eabi/bin/../lib/gcc/arm-none-eabi/9.2.1/../../../../arm-none-eabi/lib/thumb/v7e-m+fp/hard\libc_nano.a(lib_a-nano-vfprintf_float.o)
                              (_printf_float)
[...]
Memory Configuration

Name             Origin             Length             Attributes
RAM              0x20000000         0x00010000         xrw
FLASH            0x08000000         0x00040000         xr
*default*        0x00000000         0xffffffff

Linker script and memory map

LOAD c:/users/lenovo/.iotlink/tools/gcc-arm-none-eabi/bin/../lib/gcc/arm-none-eabi/9.2.1/thumb/v7e-m+fp/hard/crti.o
LOAD c:/users/lenovo/.iotlink/tools/gcc-arm-none-eabi/bin/../lib/gcc/arm-none-eabi/9.2.1/thumb/v7e-m+fp/hard/crtbegin.o
LOAD c:/users/lenovo/.iotlink/tools/gcc-arm-none-eabi/bin/../lib/gcc/arm-none-eabi/9.2.1/../../../../arm-none-eabi/lib/thumb/v7e-m+fp/hard/crt0.o
LOAD appbuild/stm32l4xx_hal_flash.o
LOAD appbuild/stm32l4xx_hal_tim_ex.o
LOAD appbuild/stm32l4xx_hal_rcc.o
LOAD appbuild/stm32l4xx_hal_pwr_ex.o
LOAD appbuild/stm32l4xx_hal_pwr.o
LOAD appbuild/stm32l4xx_hal_gpio.o
LOAD appbuild/stm32l4xx_hal_rcc_ex.o
LOAD appbuild/stm32l4xx_hal_flash_ex.o
LOAD appbuild/stm32l4xx_hal_flash_ramfunc.o
LOAD appbuild/stm32l4xx_hal_cortex.o
LOAD appbuild/stm32l4xx_hal_uart.o
LOAD appbuild/stm32l4xx_hal_uart_ex.o
LOAD appbuild/stm32l4xx_hal.o
LOAD appbuild/stm32l4xx_hal_tim.o
LOAD appbuild/stm32l4xx_hal_spi.o
LOAD appbuild/stm32l4xx_hal_i2c.o
LOAD appbuild/stm32l4xx_hal_i2c_ex.o
LOAD appbuild/stm32l4xx_hal_iwdg.o
LOAD appbuild/stm32l4xx_hal_adc.o
LOAD appbuild/hal_iwdg.o
LOAD appbuild/hal_rng.o
LOAD appbuild/hal_qspi_flash.o
LOAD appbuild/lcd.o
LOAD appbuild/stm32l4xx_hal_dma.o
LOAD appbuild/stm32l4xx_hal_dma_ex.o
LOAD appbuild/stm32l4xx_hal_rng.o
LOAD appbuild/main.o
LOAD appbuild/system_stm32l4xx.o
LOAD appbuild/stm32l4xx_it.o
LOAD appbuild/sys_init.o
LOAD appbuild/usart.o
LOAD appbuild/uart_debug.o
LOAD appbuild/dwt.o
LOAD appbuild/i2c.o
LOAD appbuild/spi.o
LOAD appbuild/gpio.o
LOAD appbuild/uart_at.o
LOAD appbuild/link_string.o
LOAD appbuild/link_random.o
LOAD appbuild/link_ring_buffer.o
LOAD appbuild/link_log.o
LOAD appbuild/atiny_log.o
LOAD appbuild/osal.o
LOAD appbuild/los_exc.o
LOAD appbuild/los_dispatch.o
LOAD appbuild/los_hw_tick.o
LOAD appbuild/los_hwi.o
LOAD appbuild/los_svc.o
LOAD appbuild/los_mpu.o
LOAD appbuild/los_hw.o
LOAD appbuild/cmsis_liteos.o
LOAD appbuild/rbtree.o
LOAD appbuild/liteos_errno.o
LOAD appbuild/newlib_stub.o
LOAD appbuild/liteos_imp.o
LOAD appbuild/malloc.o
LOAD appbuild/los_init.o
LOAD appbuild/los_sys.o
LOAD appbuild/los_priqueue.o
LOAD appbuild/los_timeslice.o
LOAD appbuild/los_task.o
LOAD appbuild/los_tick.o
LOAD appbuild/los_swtmr.o
LOAD appbuild/los_queue.o
LOAD appbuild/los_event.o
LOAD appbuild/los_sem.o
LOAD appbuild/los_rwlock.o
LOAD appbuild/los_mux.o
LOAD appbuild/los_memory.o
LOAD appbuild/los_heap.o
LOAD appbuild/los_membox.o
LOAD appbuild/los_slab.o
LOAD appbuild/los_slabmem.o
LOAD appbuild/los_memcheck.o
LOAD appbuild/los_misc.o
LOAD appbuild/los_err.o
LOAD appbuild/los_tickless.o
LOAD appbuild/shell_cmd.o
LOAD appbuild/shell_main.o
LOAD appbuild/shell_test.o
LOAD appbuild/queue.o
LOAD appbuild/driver.o
LOAD appbuild/at.o
LOAD appbuild/cJSON.o
LOAD appbuild/crc32.o
LOAD appbuild/crc8.o
LOAD appbuild/crc16.o
LOAD appbuild/sal_netdb.o
LOAD appbuild/sal.o
LOAD appbuild/esp8266_socket_imp.o
LOAD appbuild/dtls_al.o
LOAD appbuild/ssl_srv.o
LOAD appbuild/bignum.o
LOAD appbuild/rsa_internal.o
LOAD appbuild/ctr_drbg.o
LOAD appbuild/aria.o
LOAD appbuild/chacha20.o
LOAD appbuild/md2.o
LOAD appbuild/memory_buffer_alloc.o
LOAD appbuild/ssl_cache.o
LOAD appbuild/padlock.o
LOAD appbuild/asn1parse.o
LOAD appbuild/pkwrite.o
LOAD appbuild/sha256.o
LOAD appbuild/platform_util.o
LOAD appbuild/md.o
LOAD appbuild/ripemd160.o
LOAD appbuild/x509write_csr.o
LOAD appbuild/ssl_ticket.o
LOAD appbuild/ssl_cli.o
LOAD appbuild/sha1.o
LOAD appbuild/pk_wrap.o
LOAD appbuild/poly1305.o
LOAD appbuild/certs.o
LOAD appbuild/cmac.o
LOAD appbuild/pkparse.o
LOAD appbuild/base64.o
LOAD appbuild/pkcs5.o
LOAD appbuild/oid.o
LOAD appbuild/ssl_tls.o
LOAD appbuild/debug.o
LOAD appbuild/dhm.o
LOAD appbuild/version_features.o
LOAD appbuild/cipher.o
LOAD appbuild/aes.o
LOAD appbuild/rsa.o
LOAD appbuild/timing.o
LOAD appbuild/pkcs11.o
LOAD appbuild/chachapoly.o
LOAD appbuild/md4.o
LOAD appbuild/x509_csr.o
LOAD appbuild/ccm.o
LOAD appbuild/sha512.o
LOAD appbuild/ecp_curves.o
LOAD appbuild/x509write_crt.o
LOAD appbuild/havege.o
LOAD appbuild/x509.o
LOAD appbuild/camellia.o
LOAD appbuild/arc4.o
LOAD appbuild/aesni.o
LOAD appbuild/md5.o
LOAD appbuild/x509_create.o
LOAD appbuild/asn1write.o
LOAD appbuild/ecdh.o
LOAD appbuild/ecdsa.o
LOAD appbuild/x509_crt.o
LOAD appbuild/md_wrap.o
LOAD appbuild/entropy_poll.o
LOAD appbuild/error.o
LOAD appbuild/blowfish.o
LOAD appbuild/ecp.o
LOAD appbuild/cipher_wrap.o
LOAD appbuild/platform.o
LOAD appbuild/xtea.o
LOAD appbuild/des.o
LOAD appbuild/ssl_cookie.o
LOAD appbuild/pem.o
LOAD appbuild/ssl_ciphersuites.o
LOAD appbuild/x509_crl.o
LOAD appbuild/threading.o
LOAD appbuild/entropy.o
LOAD appbuild/net_sockets.o
LOAD appbuild/ecjpake.o
LOAD appbuild/gcm.o
LOAD appbuild/version.o
LOAD appbuild/hkdf.o
LOAD appbuild/nist_kw.o
LOAD appbuild/pk.o
LOAD appbuild/pkcs12.o
LOAD appbuild/hmac_drbg.o
LOAD appbuild/dtls_interface.o
LOAD appbuild/net_sockets_alt.o
LOAD appbuild/timing_alt.o
LOAD appbuild/mbed_port.o
LOAD appbuild/entropy_hardware_poll.o
LOAD appbuild/mqtt_al.o
LOAD appbuild/paho_mqtt_port.o
LOAD appbuild/MQTTConnectClient.o
LOAD appbuild/MQTTSubscribeServer.o
LOAD appbuild/MQTTUnsubscribeClient.o
LOAD appbuild/MQTTDeserializePublish.o
LOAD appbuild/MQTTSubscribeClient.o
LOAD appbuild/MQTTFormat.o
LOAD appbuild/MQTTSerializePublish.o
LOAD appbuild/MQTTPacket.o
LOAD appbuild/MQTTUnsubscribeServer.o
LOAD appbuild/MQTTConnectServer.o
LOAD appbuild/MQTTClient.o
LOAD appbuild/oc_mqtt_al.o
LOAD appbuild/oc_mqtt_at.o
LOAD appbuild/oc_mqtt_profile_package.o
LOAD appbuild/oc_mqtt_profile.o
LOAD appbuild/hmac.o
LOAD appbuild/oc_mqtt_tiny.o
LOAD appbuild/storage.o
LOAD appbuild/partition.o
LOAD appbuild/link_main.o
LOAD appbuild/oc_mqtt_v5_demo.o
LOAD appbuild/los_startup.o
LOAD c:/users/lenovo/.iotlink/tools/gcc-arm-none-eabi/bin/../lib/gcc/arm-none-eabi/9.2.1/../../../../arm-none-eabi/lib/thumb/v7e-m+fp/hard\libc_nano.a
LOAD c:/users/lenovo/.iotlink/tools/gcc-arm-none-eabi/bin/../lib/gcc/arm-none-eabi/9.2.1/../../../../arm-none-eabi/lib/thumb/v7e-m+fp/hard\libm.a
LOAD c:/users/lenovo/.iotlink/tools/gcc-arm-none-eabi/bin/../lib/gcc/arm-none-eabi/9.2.1/../../../../arm-none-eabi/lib/thumb/v7e-m+fp/hard\libnosys.a
START GROUP
LOAD c:/users/lenovo/.iotlink/tools/gcc-arm-none-eabi/bin/../lib/gcc/arm-none-eabi/9.2.1/thumb/v7e-m+fp/hard\libgcc.a
LOAD c:/users/lenovo/.iotlink/tools/gcc-arm-none-eabi/bin/../lib/gcc/arm-none-eabi/9.2.1/../../../../arm-none-eabi/lib/thumb/v7e-m+fp/hard\libc_nano.a
END GROUP
START GROUP
LOAD c:/users/lenovo/.iotlink/tools/gcc-arm-none-eabi/bin/../lib/gcc/arm-none-eabi/9.2.1/thumb/v7e-m+fp/hard\libgcc.a
LOAD c:/users/lenovo/.iotlink/tools/gcc-arm-none-eabi/bin/../lib/gcc/arm-none-eabi/9.2.1/../../../../arm-none-eabi/lib/thumb/v7e-m+fp/hard\libc_nano.a
END GROUP
LOAD c:/users/lenovo/.iotlink/tools/gcc-arm-none-eabi/bin/../lib/gcc/arm-none-eabi/9.2.1/thumb/v7e-m+fp/hard/crtend.o
LOAD c:/users/lenovo/.iotlink/tools/gcc-arm-none-eabi/bin/../lib/gcc/arm-none-eabi/9.2.1/thumb/v7e-m+fp/hard/crtn.o
                0x20010000                _estack = 0x20010000
                0x00000200                _Min_Heap_Size = 0x200
                0x00000400                _Min_Stack_Size = 0x400

.isr_vector     0x08000000      0x400
                0x08000000                . = ALIGN (0x8)
 *(.isr_vector)
 .isr_vector    0x08000000      0x400 appbuild/los_hwi.o
                0x08000000                g_pstHwiForm
                0x08000400                . = ALIGN (0x8)

.text           0x08000400    0x26d68
                0x08000400                . = ALIGN (0x8)
 *(.text)
 .text          0x08000400       0x40 c:/users/lenovo/.iotlink/tools/gcc-arm-none-eabi/bin/../lib/gcc/arm-none-eabi/9.2.1/thumb/v7e-m+fp/hard/crtbegin.o
 .text          0x08000440       0x60 appbuild/los_startup.o
                0x08000440                Reset_Handler
 .text          0x080004a0       0x14 c:/users/lenovo/.iotlink/tools/gcc-arm-none-eabi/bin/../lib/gcc/arm-none-eabi/9.2.1/../../../../arm-none-eabi/lib/thumb/v7e-m+fp/hard\libc_nano.a(lib_a-strcmp.o)
                0x080004a0                strcmp
 .text          0x080004b4       0x10 c:/users/lenovo/.iotlink/tools/gcc-arm-none-eabi/bin/../lib/gcc/arm-none-eabi/9.2.1/../../../../arm-none-eabi/lib/thumb/v7e-m+fp/hard\libc_nano.a(lib_a-strlen.o)
                0x080004b4                strlen
 *fill*         0x080004c4        0xc 
 .text          0x080004d0       0xa0 c:/users/lenovo/.iotlink/tools/gcc-arm-none-eabi/bin/../lib/gcc/arm-none-eabi/9.2.1/../../../../arm-none-eabi/lib/thumb/v7e-m+fp/hard\libc_nano.a(lib_a-memchr.o)
                0x080004d0                memchr
 .text          0x08000570      0x378 c:/users/lenovo/.iotlink/tools/gcc-arm-none-eabi/bin/../lib/gcc/arm-none-eabi/9.2.1/thumb/v7e-m+fp/hard\libgcc.a(_arm_addsubdf3.o)
                0x08000570                __aeabi_drsub
                0x08000578                __aeabi_dsub
                0x08000578                __subdf3
                0x0800057c                __aeabi_dadd
                0x0800057c                __adddf3
                0x080007f4                __floatunsidf
                0x080007f4                __aeabi_ui2d
                0x08000814                __floatsidf
                0x08000814                __aeabi_i2d
                0x08000838                __aeabi_f2d
                0x08000838                __extendsfdf2
                0x0800087c                __floatundidf
                0x0800087c                __aeabi_ul2d
                0x0800088c                __floatdidf
                0x0800088c                __aeabi_l2d
 .text          0x080008e8      0x424 c:/users/lenovo/.iotlink/tools/gcc-arm-none-eabi/bin/../lib/gcc/arm-none-eabi/9.2.1/thumb/v7e-m+fp/hard\libgcc.a(_arm_muldivdf3.o)
                0x080008e8                __aeabi_dmul
                0x080008e8                __muldf3
                0x08000b3c                __divdf3
                0x08000b3c                __aeabi_ddiv
 .text          0x08000d0c      0x110 c:/users/lenovo/.iotlink/tools/gcc-arm-none-eabi/bin/../lib/gcc/arm-none-eabi/9.2.1/thumb/v7e-m+fp/hard\libgcc.a(_arm_cmpdf2.o)
                0x08000d0c                __gtdf2
                0x08000d0c                __gedf2
                0x08000d14                __ltdf2
                0x08000d14                __ledf2
                0x08000d1c                __nedf2
                0x08000d1c                __eqdf2
                0x08000d1c                __cmpdf2
                0x08000d98                __aeabi_cdrcmple
                0x08000da8                __aeabi_cdcmpeq
                0x08000da8                __aeabi_cdcmple
                0x08000db8                __aeabi_dcmpeq
                0x08000dcc                __aeabi_dcmplt
                0x08000de0                __aeabi_dcmple
                0x08000df4                __aeabi_dcmpge
                0x08000e08                __aeabi_dcmpgt
 .text          0x08000e1c       0x2c c:/users/lenovo/.iotlink/tools/gcc-arm-none-eabi/bin/../lib/gcc/arm-none-eabi/9.2.1/thumb/v7e-m+fp/hard\libgcc.a(_arm_unorddf2.o)
                0x08000e1c                __unorddf2
                0x08000e1c                __aeabi_dcmpun
 .text          0x08000e48       0x50 c:/users/lenovo/.iotlink/tools/gcc-arm-none-eabi/bin/../lib/gcc/arm-none-eabi/9.2.1/thumb/v7e-m+fp/hard\libgcc.a(_arm_fixdfsi.o)
                0x08000e48                __aeabi_d2iz
                0x08000e48                __fixdfsi
 .text          0x08000e98       0x40 c:/users/lenovo/.iotlink/tools/gcc-arm-none-eabi/bin/../lib/gcc/arm-none-eabi/9.2.1/thumb/v7e-m+fp/hard\libgcc.a(_arm_fixunsdfsi.o)
                0x08000e98                __aeabi_d2uiz
                0x08000e98                __fixunsdfsi
 .text          0x08000ed8       0xa0 c:/users/lenovo/.iotlink/tools/gcc-arm-none-eabi/bin/../lib/gcc/arm-none-eabi/9.2.1/thumb/v7e-m+fp/hard\libgcc.a(_aeabi_ldivmod.o)
                0x08000ed8                __aeabi_ldivmod
 .text          0x08000f78       0x30 c:/users/lenovo/.iotlink/tools/gcc-arm-none-eabi/bin/../lib/gcc/arm-none-eabi/9.2.1/thumb/v7e-m+fp/hard\libgcc.a(_aeabi_uldivmod.o)
                0x08000f78                __aeabi_uldivmod
 .text          0x08000fa8       0x30 c:/users/lenovo/.iotlink/tools/gcc-arm-none-eabi/bin/../lib/gcc/arm-none-eabi/9.2.1/thumb/v7e-m+fp/hard\libgcc.a(_fixdfdi.o)
                0x08000fa8                __fixdfdi
                0x08000fa8                __aeabi_d2lz
 .text          0x08000fd8       0x3c c:/users/lenovo/.iotlink/tools/gcc-arm-none-eabi/bin/../lib/gcc/arm-none-eabi/9.2.1/thumb/v7e-m+fp/hard\libgcc.a(_fixunsdfdi.o)
                0x08000fd8                __fixunsdfdi
                0x08000fd8                __aeabi_d2ulz
 .text          0x08001014      0x2c4 c:/users/lenovo/.iotlink/tools/gcc-arm-none-eabi/bin/../lib/gcc/arm-none-eabi/9.2.1/thumb/v7e-m+fp/hard\libgcc.a(_udivmoddi4.o)
                0x08001014                __udivmoddi4
 .text          0x080012d8        0x4 c:/users/lenovo/.iotlink/tools/gcc-arm-none-eabi/bin/../lib/gcc/arm-none-eabi/9.2.1/thumb/v7e-m+fp/hard\libgcc.a(_dvmd_tls.o)
                0x080012d8                __aeabi_idiv0
                0x080012d8                __aeabi_ldiv0
 *(.text*)
 .text.HAL_RCC_OscConfig
                0x080012dc      0x73c appbuild/stm32l4xx_hal_rcc.o
                0x080012dc                HAL_RCC_OscConfig
 .text.HAL_RCC_ClockConfig
                0x08001a18      0x230 appbuild/stm32l4xx_hal_rcc.o
                0x08001a18                HAL_RCC_ClockConfig
 .text.HAL_RCC_GetSysClockFreq
                0x08001c48      0x160 appbuild/stm32l4xx_hal_rcc.o
                0x08001c48                HAL_RCC_GetSysClockFreq
 .text.HAL_RCC_GetHCLKFreq
                0x08001da8       0x18 appbuild/stm32l4xx_hal_rcc.o
                0x08001da8                HAL_RCC_GetHCLKFreq
 .text.HAL_RCC_GetPCLK1Freq
                0x08001dc0       0x28 appbuild/stm32l4xx_hal_rcc.o
                0x08001dc0                HAL_RCC_GetPCLK1Freq
 .text.HAL_RCC_GetPCLK2Freq
                0x08001de8       0x28 appbuild/stm32l4xx_hal_rcc.o
                0x08001de8                HAL_RCC_GetPCLK2Freq
 .text.RCC_SetFlashLatencyFromMSIRange
                0x08001e10       0xc4 appbuild/stm32l4xx_hal_rcc.o
 .text.HAL_PWREx_GetVoltageRange
                0x08001ed4       0x1c appbuild/stm32l4xx_hal_pwr_ex.o
                0x08001ed4                HAL_PWREx_GetVoltageRange
 .text.HAL_PWREx_ControlVoltageScaling
                0x08001ef0       0xac appbuild/stm32l4xx_hal_pwr_ex.o
                0x08001ef0                HAL_PWREx_ControlVoltageScaling
 .text.HAL_PWR_EnableBkUpAccess
                0x08001f9c       0x20 appbuild/stm32l4xx_hal_pwr.o
                0x08001f9c                HAL_PWR_EnableBkUpAccess
 .text.HAL_GPIO_Init
                0x08001fbc      0x2fc appbuild/stm32l4xx_hal_gpio.o
                0x08001fbc                HAL_GPIO_Init
 .text.HAL_GPIO_ReadPin
                0x080022b8       0x30 appbuild/stm32l4xx_hal_gpio.o
                0x080022b8                HAL_GPIO_ReadPin
 .text.HAL_GPIO_WritePin
                0x080022e8       0x30 appbuild/stm32l4xx_hal_gpio.o
                0x080022e8                HAL_GPIO_WritePin
 .text.HAL_GPIO_TogglePin
                0x08002318       0x24 appbuild/stm32l4xx_hal_gpio.o
                0x08002318                HAL_GPIO_TogglePin
 .text.HAL_RCCEx_PeriphCLKConfig
                0x0800233c      0x42c appbuild/stm32l4xx_hal_rcc_ex.o
                0x0800233c                HAL_RCCEx_PeriphCLKConfig
 .text.RCCEx_PLLSAI1_Config
                0x08002768      0x1e8 appbuild/stm32l4xx_hal_rcc_ex.o
 .text.__NVIC_SetPriorityGrouping
                0x08002950       0x48 appbuild/stm32l4xx_hal_cortex.o
 .text.__NVIC_GetPriorityGrouping
                0x08002998       0x1c appbuild/stm32l4xx_hal_cortex.o
 .text.__NVIC_EnableIRQ
                0x080029b4       0x3c appbuild/stm32l4xx_hal_cortex.o
 .text.__NVIC_SetPriority
                0x080029f0       0x54 appbuild/stm32l4xx_hal_cortex.o
 .text.NVIC_EncodePriority
                0x08002a44       0x66 appbuild/stm32l4xx_hal_cortex.o
 *fill*         0x08002aaa        0x2 
 .text.SysTick_Config
                0x08002aac       0x44 appbuild/stm32l4xx_hal_cortex.o
 .text.HAL_NVIC_SetPriorityGrouping
                0x08002af0       0x16 appbuild/stm32l4xx_hal_cortex.o
                0x08002af0                HAL_NVIC_SetPriorityGrouping
 .text.HAL_NVIC_SetPriority
                0x08002b06       0x38 appbuild/stm32l4xx_hal_cortex.o
                0x08002b06                HAL_NVIC_SetPriority
 .text.HAL_NVIC_EnableIRQ
                0x08002b3e       0x1c appbuild/stm32l4xx_hal_cortex.o
                0x08002b3e                HAL_NVIC_EnableIRQ
 .text.HAL_SYSTICK_Config
                0x08002b5a       0x18 appbuild/stm32l4xx_hal_cortex.o
                0x08002b5a                HAL_SYSTICK_Config
 .text.HAL_UART_Init
                0x08002b72       0xa2 appbuild/stm32l4xx_hal_uart.o
                0x08002b72                HAL_UART_Init
 .text.HAL_UART_Transmit
                0x08002c14      0x154 appbuild/stm32l4xx_hal_uart.o
                0x08002c14                HAL_UART_Transmit
 .text.UART_SetConfig
                0x08002d68      0x5c0 appbuild/stm32l4xx_hal_uart.o
                0x08002d68                UART_SetConfig
 .text.UART_AdvFeatureConfig
                0x08003328      0x144 appbuild/stm32l4xx_hal_uart.o
                0x08003328                UART_AdvFeatureConfig
 .text.UART_CheckIdleState
                0x0800346c       0x92 appbuild/stm32l4xx_hal_uart.o
                0x0800346c                UART_CheckIdleState
 .text.UART_WaitOnFlagUntilTimeout
                0x080034fe       0x94 appbuild/stm32l4xx_hal_uart.o
                0x080034fe                UART_WaitOnFlagUntilTimeout
 .text.HAL_Init
                0x08003592       0x1a appbuild/stm32l4xx_hal.o
                0x08003592                HAL_Init
 .text.HAL_MspInit
                0x080035ac        0xe appbuild/stm32l4xx_hal.o
                0x080035ac                HAL_MspInit
 *fill*         0x080035ba        0x2 
 .text.HAL_InitTick
                0x080035bc       0x38 appbuild/stm32l4xx_hal.o
                0x080035bc                HAL_InitTick
 .text.HAL_SPI_Init
                0x080035f4      0x114 appbuild/stm32l4xx_hal_spi.o
                0x080035f4                HAL_SPI_Init
 .text.HAL_SPI_Transmit
                0x08003708      0x2ac appbuild/stm32l4xx_hal_spi.o
                0x08003708                HAL_SPI_Transmit
 .text.SPI_WaitFlagStateUntilTimeout
                0x080039b4       0xd0 appbuild/stm32l4xx_hal_spi.o
 .text.SPI_WaitFifoStateUntilTimeout
                0x08003a84       0xe0 appbuild/stm32l4xx_hal_spi.o
 .text.SPI_EndRxTxTransaction
                0x08003b64       0x8c appbuild/stm32l4xx_hal_spi.o
 .text.HAL_I2C_Init
                0x08003bf0      0x11e appbuild/stm32l4xx_hal_i2c.o
                0x08003bf0                HAL_I2C_Init
 .text.HAL_I2CEx_ConfigAnalogFilter
                0x08003d0e       0x96 appbuild/stm32l4xx_hal_i2c_ex.o
                0x08003d0e                HAL_I2CEx_ConfigAnalogFilter
 .text.HAL_I2CEx_ConfigDigitalFilter
                0x08003da4       0x9c appbuild/stm32l4xx_hal_i2c_ex.o
                0x08003da4                HAL_I2CEx_ConfigDigitalFilter
 .text.LCD_Gpio_Init
                0x08003e40       0xc0 appbuild/lcd.o
 .text.LCD_SPI_Send
                0x08003f00       0x1e appbuild/lcd.o
 *fill*         0x08003f1e        0x2 
 .text.LCD_Write_Cmd
                0x08003f20       0x2c appbuild/lcd.o
 .text.LCD_Write_Data
                0x08003f4c       0x2c appbuild/lcd.o
 .text.LCD_Write_HalfWord
                0x08003f78       0x40 appbuild/lcd.o
                0x08003f78                LCD_Write_HalfWord
 .text.LCD_Address_Set
                0x08003fb8       0x98 appbuild/lcd.o
                0x08003fb8                LCD_Address_Set
 .text.LCD_Clear
                0x08004050       0x8c appbuild/lcd.o
                0x08004050                LCD_Clear
 .text.LCD_ShowChar
                0x080040dc      0x260 appbuild/lcd.o
                0x080040dc                LCD_ShowChar
 .text.LCD_ShowString
                0x0800433c       0x96 appbuild/lcd.o
                0x0800433c                LCD_ShowString
 *fill*         0x080043d2        0x2 
 .text.LCD_Init
                0x080043d4      0x1a4 appbuild/lcd.o
                0x080043d4                LCD_Init
 .text.HardWare_Init
                0x08004578       0x40 appbuild/main.o
                0x08004578                HardWare_Init
 .text.link_test
                0x080045b8       0x60 appbuild/main.o
 .text.main     0x08004618       0x38 appbuild/main.o
                0x08004618                main
 .text.SystemInit
                0x08004650       0x6c appbuild/system_stm32l4xx.o
                0x08004650                SystemInit
 .text.NMI_Handler
                0x080046bc        0xe appbuild/stm32l4xx_it.o
                0x080046bc                NMI_Handler
 .text.HardFault_Handler
                0x080046ca        0x6 appbuild/stm32l4xx_it.o
                0x080046ca                HardFault_Handler
 .text.MemManage_Handler
                0x080046d0        0x6 appbuild/stm32l4xx_it.o
                0x080046d0                MemManage_Handler
 .text.BusFault_Handler
                0x080046d6        0x6 appbuild/stm32l4xx_it.o
                0x080046d6                BusFault_Handler
 .text.UsageFault_Handler
                0x080046dc        0x6 appbuild/stm32l4xx_it.o
                0x080046dc                UsageFault_Handler
 .text.SVC_Handler
                0x080046e2        0xe appbuild/stm32l4xx_it.o
                0x080046e2                SVC_Handler
 .text.HAL_GetTick
                0x080046f0       0x12 appbuild/sys_init.o
                0x080046f0                HAL_GetTick
 .text._Error_Handler
                0x08004702        0xc appbuild/sys_init.o
                0x08004702                _Error_Handler
 *fill*         0x0800470e        0x2 
 .text.SystemClock_Config
                0x08004710      0x140 appbuild/sys_init.o
                0x08004710                SystemClock_Config
 .text.HAL_UART_MspInit
                0x08004850      0x17c appbuild/usart.o
                0x08004850                HAL_UART_MspInit
 .text.uart_debug_irq
                0x080049cc       0x64 appbuild/uart_debug.o
 .text.shell_uart_init
                0x08004a30       0xb4 appbuild/uart_debug.o
                0x08004a30                shell_uart_init
 .text._write   0x08004ae4       0x38 appbuild/uart_debug.o
                0x08004ae4                _write
 .text._read    0x08004b1c       0x54 appbuild/uart_debug.o
                0x08004b1c                _read
 .text.dwt_delay_init
                0x08004b70       0x40 appbuild/dwt.o
                0x08004b70                dwt_delay_init
 .text.delayus  0x08004bb0       0x78 appbuild/dwt.o
                0x08004bb0                delayus
 .text.delay10ms
                0x08004c28       0x20 appbuild/dwt.o
                0x08004c28                delay10ms
 .text.MX_I2C1_Init
                0x08004c48       0x90 appbuild/i2c.o
                0x08004c48                MX_I2C1_Init
 .text.HAL_I2C_MspInit
                0x08004cd8      0x114 appbuild/i2c.o
                0x08004cd8                HAL_I2C_MspInit
 .text.MX_SPI2_Init
                0x08004dec       0x84 appbuild/spi.o
                0x08004dec                MX_SPI2_Init
 .text.HAL_SPI_MspInit
                0x08004e70       0x84 appbuild/spi.o
                0x08004e70                HAL_SPI_MspInit
 .text.SPI2_WriteByte
                0x08004ef4       0x28 appbuild/spi.o
                0x08004ef4                SPI2_WriteByte
 .text.MX_GPIO_Init
                0x08004f1c       0xec appbuild/gpio.o
                0x08004f1c                MX_GPIO_Init
 .text.atio_irq
                0x08005008      0x13c appbuild/uart_at.o
 .text.uart_at_init
                0x08005144       0xfc appbuild/uart_at.o
                0x08005144                uart_at_init
 .text.uart_at_send
                0x08005240       0x58 appbuild/uart_at.o
 .text.uart_at_receive
                0x08005298       0xe4 appbuild/uart_at.o
 .text.__at_read
                0x0800537c       0x22 appbuild/uart_at.o
 .text.__at_write
                0x0800539e       0x22 appbuild/uart_at.o
 .text.string_to_arg
                0x080053c0       0xb8 appbuild/link_string.o
                0x080053c0                string_to_arg
 .text.osal_strdup
                0x08005478       0x4e appbuild/link_string.o
                0x08005478                osal_strdup
 .text.byte2hexstr
                0x080054c6       0xba appbuild/link_string.o
                0x080054c6                byte2hexstr
 .text.link_random
                0x08005580       0x6e appbuild/link_random.o
                0x08005580                link_random
 .text.ring_buffer_init
                0x080055ee       0x48 appbuild/link_ring_buffer.o
                0x080055ee                ring_buffer_init
 .text.ring_buffer_write
                0x08005636      0x162 appbuild/link_ring_buffer.o
                0x08005636                ring_buffer_write
 .text.ring_buffer_read
                0x08005798      0x104 appbuild/link_ring_buffer.o
                0x08005798                ring_buffer_read
 .text.ring_buffer_datalen
                0x0800589c       0x28 appbuild/link_ring_buffer.o
                0x0800589c                ring_buffer_datalen
 .text.ring_buffer_reset
                0x080058c4       0x32 appbuild/link_ring_buffer.o
                0x080058c4                ring_buffer_reset
 *fill*         0x080058f6        0x2 
 .text.osal_install
                0x080058f8       0x34 appbuild/osal.o
                0x080058f8                osal_install
 .text.osal_task_create
                0x0800592c       0x5c appbuild/osal.o
                0x0800592c                osal_task_create
 .text.osal_task_kill
                0x08005988       0x48 appbuild/osal.o
                0x08005988                osal_task_kill
 .text.osal_task_sleep
                0x080059d0       0x40 appbuild/osal.o
                0x080059d0                osal_task_sleep
 .text.osal_mutex_create
                0x08005a10       0x48 appbuild/osal.o
                0x08005a10                osal_mutex_create
 .text.osal_mutex_lock
                0x08005a58       0x48 appbuild/osal.o
                0x08005a58                osal_mutex_lock
 .text.osal_mutex_unlock
                0x08005aa0       0x48 appbuild/osal.o
                0x08005aa0                osal_mutex_unlock
 .text.osal_mutex_del
                0x08005ae8       0x48 appbuild/osal.o
                0x08005ae8                osal_mutex_del
 .text.osal_semp_create
                0x08005b30       0x50 appbuild/osal.o
                0x08005b30                osal_semp_create
 .text.osal_semp_pend
                0x08005b80       0x4c appbuild/osal.o
                0x08005b80                osal_semp_pend
 .text.osal_semp_post
                0x08005bcc       0x48 appbuild/osal.o
                0x08005bcc                osal_semp_post
 .text.osal_semp_del
                0x08005c14       0x48 appbuild/osal.o
                0x08005c14                osal_semp_del
 .text.osal_malloc
                0x08005c5c       0x48 appbuild/osal.o
                0x08005c5c                osal_malloc
 .text.osal_free
                0x08005ca4       0x40 appbuild/osal.o
                0x08005ca4                osal_free
 .text.osal_realloc
                0x08005ce4       0x4c appbuild/osal.o
                0x08005ce4                osal_realloc
 .text.osal_calloc
                0x08005d30       0x3c appbuild/osal.o
                0x08005d30                osal_calloc
 .text.osal_sys_time
                0x08005d6c       0x50 appbuild/osal.o
                0x08005d6c                osal_sys_time
 .text.osal_loop_timer_init
                0x08005dbc       0x1e appbuild/osal.o
                0x08005dbc                osal_loop_timer_init
 .text.osal_loop_timer_expired
                0x08005dda       0x30 appbuild/osal.o
                0x08005dda                osal_loop_timer_expired
 .text.osal_loop_timer_count_downms
                0x08005e0a       0x32 appbuild/osal.o
                0x08005e0a                osal_loop_timer_count_downms
 .text.osal_loop_timer_count_down
                0x08005e3c       0x24 appbuild/osal.o
                0x08005e3c                osal_loop_timer_count_down
 .text.osal_loop_timer_left
                0x08005e60       0x38 appbuild/osal.o
                0x08005e60                osal_loop_timer_left
 .text.osal_reboot
                0x08005e98       0x44 appbuild/osal.o
                0x08005e98                osal_reboot
 .text.osal_init
                0x08005edc       0x1c appbuild/osal.o
                0x08005edc                osal_init
 .text.LOS_StartToRun
                0x08005ef8       0x68 appbuild/los_dispatch.o
                0x08005ef8                LOS_StartToRun
 .text.LOS_IntLock
                0x08005f60        0xc appbuild/los_dispatch.o
                0x08005f60                LOS_IntLock
 .text.LOS_IntRestore
                0x08005f6c        0x8 appbuild/los_dispatch.o
                0x08005f6c                LOS_IntRestore
 .text.osTaskSchedule
                0x08005f74       0x10 appbuild/los_dispatch.o
                0x08005f74                osTaskSchedule
 .text.PendSV_Handler
                0x08005f84       0x74 appbuild/los_dispatch.o
                0x08005f84                PendSV_Handler
 .text.__NVIC_SetPriority
                0x08005ff8       0x54 appbuild/los_hw_tick.o
 .text.SysTick_Config
                0x0800604c       0x44 appbuild/los_hw_tick.o
 .text.osTickStart
                0x08006090       0x9c appbuild/los_hw_tick.o
                0x08006090                osTickStart
 .text.__NVIC_SetPriorityGrouping
                0x0800612c       0x48 appbuild/los_hwi.o
 .text.__NVIC_EnableIRQ
                0x08006174       0x3c appbuild/los_hwi.o
 .text.__NVIC_SetPriority
                0x080061b0       0x54 appbuild/los_hwi.o
 .text.osIntNumGet
                0x08006204       0x1a appbuild/los_hwi.o
                0x08006204                osIntNumGet
 *fill*         0x0800621e        0x2 
 .text.osHwiDefaultHandler
                0x08006220       0x28 appbuild/los_hwi.o
                0x08006220                osHwiDefaultHandler
 .text.Debug_Handler
                0x08006248        0xc appbuild/los_hwi.o
                0x08006248                Debug_Handler
 .text.osInterrupt
                0x08006254       0x6c appbuild/los_hwi.o
                0x08006254                osInterrupt
 .text.osHwiInit
                0x080062c0       0x1c appbuild/los_hwi.o
                0x080062c0                osHwiInit
 .text.LOS_HwiCreate
                0x080062dc       0x84 appbuild/los_hwi.o
                0x080062dc                LOS_HwiCreate
 .text.osSchedule
                0x08006360        0xc appbuild/los_hw.o
                0x08006360                osSchedule
 .text.LOS_Schedule
                0x0800636c       0x4c appbuild/los_hw.o
                0x0800636c                LOS_Schedule
 .text.osTaskExit
                0x080063b8        0xa appbuild/los_hw.o
                0x080063b8                osTaskExit
 *fill*         0x080063c2        0x2 
 .text.osTskStackInit
                0x080063c4       0xdc appbuild/los_hw.o
                0x080063c4                osTskStackInit
 .text.osTskStackAlloc
                0x080064a0       0x44 appbuild/los_hw.o
                0x080064a0                osTskStackAlloc
 .text.osKernelGetTickCount
                0x080064e4       0x48 appbuild/cmsis_liteos.o
                0x080064e4                osKernelGetTickCount
 .text._malloc_r
                0x0800652c       0x1a appbuild/newlib_stub.o
                0x0800652c                _malloc_r
 .text._realloc_r
                0x08006546       0x1e appbuild/newlib_stub.o
                0x08006546                _realloc_r
 .text._calloc_r
                0x08006564       0x1e appbuild/newlib_stub.o
                0x08006564                _calloc_r
 .text._free_r  0x08006582       0x18 appbuild/newlib_stub.o
                0x08006582                _free_r
 .text.__task_sleep
                0x0800659a       0x18 appbuild/liteos_imp.o
 .text.__task_create
                0x080065b2       0x64 appbuild/liteos_imp.o
 .text.__task_kill
                0x08006616       0x32 appbuild/liteos_imp.o
 .text.__task_exit
                0x08006648        0x6 appbuild/liteos_imp.o
 .text.__mutex_create
                0x0800664e       0x22 appbuild/liteos_imp.o
 .text.__mutex_lock
                0x08006670       0x28 appbuild/liteos_imp.o
 .text.__mutex_unlock
                0x08006698       0x24 appbuild/liteos_imp.o
 .text.__mutex_del
                0x080066bc       0x24 appbuild/liteos_imp.o
 .text.__semp_create
                0x080066e0       0x30 appbuild/liteos_imp.o
 .text.__semp_pend
                0x08006710       0x38 appbuild/liteos_imp.o
 .text.__semp_post
                0x08006748       0x24 appbuild/liteos_imp.o
 .text.__semp_del
                0x0800676c       0x24 appbuild/liteos_imp.o
 .text.__mem_malloc
                0x08006790       0x44 appbuild/liteos_imp.o
 .text.__mem_free
                0x080067d4       0x20 appbuild/liteos_imp.o
 .text.__get_sys_time
                0x080067f4       0x12 appbuild/liteos_imp.o
 .text.liteos_reboot
                0x08006806        0x6 appbuild/liteos_imp.o
                0x08006806                liteos_reboot
 .text.__int_connect
                0x0800680c       0x2c appbuild/liteos_imp.o
 .text.os_imp_init
                0x08006838       0x24 appbuild/liteos_imp.o
                0x08006838                os_imp_init
 .text.free     0x0800685c       0x16 appbuild/malloc.o
                0x0800685c                free
 .text.malloc   0x08006872       0x18 appbuild/malloc.o
                0x08006872                malloc
 .text.calloc   0x0800688a       0x1c appbuild/malloc.o
                0x0800688a                calloc
 .text.realloc  0x080068a6       0x1c appbuild/malloc.o
                0x080068a6                realloc
 *fill*         0x080068c2        0x2 
 .text.osRegister
                0x080068c4       0x18 appbuild/los_init.o
 .text.LOS_Start
                0x080068dc       0x38 appbuild/los_init.o
                0x080068dc                LOS_Start
 .text.LOS_KernelInit
                0x08006914       0xb8 appbuild/los_init.o
                0x08006914                LOS_KernelInit
 .text.LOS_TickCountGet
                0x080069cc       0x1c appbuild/los_sys.o
                0x080069cc                LOS_TickCountGet
 .text.LOS_ListInit
                0x080069e8       0x20 appbuild/los_priqueue.o
 .text.LOS_ListAdd
                0x08006a08       0x32 appbuild/los_priqueue.o
 .text.LOS_ListTailInsert
                0x08006a3a       0x1e appbuild/los_priqueue.o
 .text.LOS_ListDelete
                0x08006a58       0x34 appbuild/los_priqueue.o
 .text.LOS_ListEmpty
                0x08006a8c       0x24 appbuild/los_priqueue.o
 .text.osPriqueueInit
                0x08006ab0       0x64 appbuild/los_priqueue.o
                0x08006ab0                osPriqueueInit
 .text.osPriqueueEnqueue
                0x08006b14       0x54 appbuild/los_priqueue.o
                0x08006b14                osPriqueueEnqueue
 .text.osPriqueueDequeue
                0x08006b68       0x54 appbuild/los_priqueue.o
                0x08006b68                osPriqueueDequeue
 .text.osPriqueueTop
                0x08006bbc       0x40 appbuild/los_priqueue.o
                0x08006bbc                osPriqueueTop
 .text.osPriqueueSize
                0x08006bfc       0x50 appbuild/los_priqueue.o
                0x08006bfc                osPriqueueSize
 .text.osTimesliceInit
                0x08006c4c       0x20 appbuild/los_timeslice.o
                0x08006c4c                osTimesliceInit
 .text.osTimesliceCheck
                0x08006c6c       0x5c appbuild/los_timeslice.o
                0x08006c6c                osTimesliceCheck
 .text.LOS_ListInit
                0x08006cc8       0x20 appbuild/los_task.o
 .text.LOS_ListAdd
                0x08006ce8       0x32 appbuild/los_task.o
 .text.LOS_ListTailInsert
                0x08006d1a       0x1e appbuild/los_task.o
 .text.LOS_ListDelete
                0x08006d38       0x34 appbuild/los_task.o
 .text.LOS_ListEmpty
                0x08006d6c       0x24 appbuild/los_task.o
 .text.osIdleTask
                0x08006d90        0x6 appbuild/los_task.o
                0x08006d90                osIdleTask
 .text.osTaskPriModify
                0x08006d96       0x66 appbuild/los_task.o
                0x08006d96                osTaskPriModify
 .text.osTaskAdd2TimerList
                0x08006dfc      0x110 appbuild/los_task.o
                0x08006dfc                osTaskAdd2TimerList
 .text.osTimerListDelete
                0x08006f0c       0x64 appbuild/los_task.o
                0x08006f0c                osTimerListDelete
 .text.osTaskScan
                0x08006f70      0x14c appbuild/los_task.o
                0x08006f70                osTaskScan
 .text.osConvertTskStatus
                0x080070bc       0xbc appbuild/los_task.o
                0x080070bc                osConvertTskStatus
 .text.osGetTaskWaterLine
                0x08007178       0x88 appbuild/los_task.o
                0x08007178                osGetTaskWaterLine
 .text.osGetAllTskInfo
                0x08007200       0xfc appbuild/los_task.o
                0x08007200                osGetAllTskInfo
 .text.osTaskInit
                0x080072fc      0x130 appbuild/los_task.o
                0x080072fc                osTaskInit
 .text.osIdleTaskCreate
                0x0800742c       0x50 appbuild/los_task.o
                0x0800742c                osIdleTaskCreate
 .text.LOS_CurTaskIDGet
                0x0800747c       0x28 appbuild/los_task.o
                0x0800747c                LOS_CurTaskIDGet
 .text.osTaskSwitchCheck
                0x080074a4      0x128 appbuild/los_task.o
                0x080074a4                osTaskSwitchCheck
 .text.osTaskMonInit
                0x080075cc       0x38 appbuild/los_task.o
                0x080075cc                osTaskMonInit
 .text.osTaskEntry
                0x08007604       0x3c appbuild/los_task.o
                0x08007604                osTaskEntry
 .text.LOS_TaskCreateOnly
                0x08007640      0x1d8 appbuild/los_task.o
                0x08007640                LOS_TaskCreateOnly
 .text.LOS_TaskCreate
                0x08007818       0xec appbuild/los_task.o
                0x08007818                LOS_TaskCreate
 .text.LOS_TaskDelete
                0x08007904      0x200 appbuild/los_task.o
                0x08007904                LOS_TaskDelete
 .text.LOS_TaskDelay
                0x08007b04       0x98 appbuild/los_task.o
                0x08007b04                LOS_TaskDelay
 .text.osTaskWait
                0x08007b9c       0x74 appbuild/los_task.o
                0x08007b9c                osTaskWait
 .text.osTaskWake
                0x08007c10       0x7c appbuild/los_task.o
                0x08007c10                osTaskWake
 .text.LOS_TaskYield
                0x08007c8c       0xac appbuild/los_task.o
                0x08007c8c                LOS_TaskYield
 .text.osTickHandler
                0x08007d38       0x44 appbuild/los_tick.o
                0x08007d38                osTickHandler
 .text.LOS_ListInit
                0x08007d7c       0x20 appbuild/los_queue.o
 .text.LOS_ListAdd
                0x08007d9c       0x32 appbuild/los_queue.o
 .text.LOS_ListTailInsert
                0x08007dce       0x1e appbuild/los_queue.o
 .text.osQueueInit
                0x08007dec       0x8c appbuild/los_queue.o
                0x08007dec                osQueueInit
 .text.LOS_ListInit
                0x08007e78       0x20 appbuild/los_sem.o
 .text.LOS_ListAdd
                0x08007e98       0x32 appbuild/los_sem.o
 .text.LOS_ListTailInsert
                0x08007eca       0x1e appbuild/los_sem.o
 .text.LOS_ListDelete
                0x08007ee8       0x34 appbuild/los_sem.o
 .text.LOS_ListEmpty
                0x08007f1c       0x24 appbuild/los_sem.o
 .text.osSemInit
                0x08007f40       0x7c appbuild/los_sem.o
                0x08007f40                osSemInit
 .text.osSemCreate
                0x08007fbc       0xc4 appbuild/los_sem.o
                0x08007fbc                osSemCreate
 .text.LOS_SemDelete
                0x08008080       0xc4 appbuild/los_sem.o
                0x08008080                LOS_SemDelete
 .text.LOS_SemPend
                0x08008144      0x15c appbuild/los_sem.o
                0x08008144                LOS_SemPend
 .text.LOS_SemPost
                0x080082a0       0xd0 appbuild/los_sem.o
                0x080082a0                LOS_SemPost
 .text.LOS_ListInit
                0x08008370       0x20 appbuild/los_mux.o
 .text.LOS_ListAdd
                0x08008390       0x32 appbuild/los_mux.o
 .text.LOS_ListTailInsert
                0x080083c2       0x1e appbuild/los_mux.o
 .text.LOS_ListDelete
                0x080083e0       0x34 appbuild/los_mux.o
 .text.LOS_ListEmpty
                0x08008414       0x24 appbuild/los_mux.o
 .text.osMuxInit
                0x08008438       0x70 appbuild/los_mux.o
                0x08008438                osMuxInit
 .text.LOS_MuxCreate
                0x080084a8       0xb8 appbuild/los_mux.o
                0x080084a8                LOS_MuxCreate
 .text.LOS_MuxDelete
                0x08008560       0xc0 appbuild/los_mux.o
                0x08008560                LOS_MuxDelete
 .text.LOS_MuxPend
                0x08008620      0x1ac appbuild/los_mux.o
                0x08008620                LOS_MuxPend
 .text.LOS_MuxPost
                0x080087cc      0x120 appbuild/los_mux.o
                0x080087cc                LOS_MuxPost
 .text.LOS_MemInit
                0x080088ec       0x6a appbuild/los_memory.o
                0x080088ec                LOS_MemInit
 *fill*         0x08008956        0x2 
 .text.osMemSystemInit
                0x08008958       0x78 appbuild/los_memory.o
                0x08008958                osMemSystemInit
 .text.osHeapAllocAlign
                0x080089d0       0x20 appbuild/los_memory.o
                0x080089d0                osHeapAllocAlign
 .text.osHeapAlloc
                0x080089f0       0x1c appbuild/los_memory.o
                0x080089f0                osHeapAlloc
 .text.osHeapFree
                0x08008a0c       0x26 appbuild/los_memory.o
                0x08008a0c                osHeapFree
 .text.LOS_MemAlloc
                0x08008a32       0x46 appbuild/los_memory.o
                0x08008a32                LOS_MemAlloc
 .text.LOS_MemAllocAlign
                0x08008a78       0x20 appbuild/los_memory.o
                0x08008a78                LOS_MemAllocAlign
 .text.LOS_MemFree
                0x08008a98       0x4c appbuild/los_memory.o
                0x08008a98                LOS_MemFree
 .text.osSlabCtrlHdrGet
                0x08008ae4       0x1a appbuild/los_memory.o
                0x08008ae4                osSlabCtrlHdrGet
 *fill*         0x08008afe        0x2 
 .text.LOS_MemInfo
                0x08008b00       0x3c appbuild/los_memory.o
                0x08008b00                LOS_MemInfo
 .text.dlist_init
                0x08008b3c       0x22 appbuild/los_heap.o
 .text.__dlist_add_at
                0x08008b5e       0x30 appbuild/los_heap.o
 .text.dlist_add_tail
                0x08008b8e       0x20 appbuild/los_heap.o
 .text.dlist_del
                0x08008bae       0x28 appbuild/los_heap.o
 .text.dlist_empty
                0x08008bd6       0x24 appbuild/los_heap.o
 .text.__is_free
                0x08008bfa       0x26 appbuild/los_heap.o
 .text.__set_chunk_allocated
                0x08008c20       0x20 appbuild/los_heap.o
 .text.__set_chunk_free
                0x08008c40       0x20 appbuild/los_heap.o
 .text.__get_next_chunk
                0x08008c60       0x20 appbuild/los_heap.o
 .text.__get_prev_chunk
                0x08008c80       0x18 appbuild/los_heap.o
 .text.__get_mem_block
                0x08008c98       0x18 appbuild/los_heap.o
 .text.__get_ach_from_mem
                0x08008cb0       0x2e appbuild/los_heap.o
 .text.__set_ach_to_mem
                0x08008cde       0x1e appbuild/los_heap.o
 .text.__cm_init
                0x08008cfc       0x16 appbuild/los_heap.o
 .text.__get_fl_idx
                0x08008d12       0x1e appbuild/los_heap.o
 .text.__get_sl_idx
                0x08008d30       0x22 appbuild/los_heap.o
 .text.__cm_put_chunk
                0x08008d52       0xcc appbuild/los_heap.o
 .text.__cm_del_chunk
                0x08008e1e       0xdc appbuild/los_heap.o
 .text.__cm_get_chunk
                0x08008efa       0xce appbuild/los_heap.o
 .text.__get_max_free
                0x08008fc8       0xb6 appbuild/los_heap.o
 .text.__stat_chunk_add
                0x0800907e       0x32 appbuild/los_heap.o
 .text.__stat_chunk_del
                0x080090b0       0x32 appbuild/los_heap.o
 .text.__stat_chunk_alloc
                0x080090e2       0x74 appbuild/los_heap.o
 .text.__stat_chunk_free
                0x08009156       0x60 appbuild/los_heap.o
 .text.__put_chunk
                0x080091b6       0x38 appbuild/los_heap.o
 .text.__del_chunk
                0x080091ee       0x2a appbuild/los_heap.o
 .text.__get_chunk
                0x08009218       0x2e appbuild/los_heap.o
 .text.heap_init
                0x08009246       0x4a appbuild/los_heap.o
                0x08009246                heap_init
 .text.heap_add
                0x08009290      0x104 appbuild/los_heap.o
                0x08009290                heap_add
 .text.__carve_extra
                0x08009394       0xf6 appbuild/los_heap.o
 .text.heap_alloc_align
                0x0800948a       0xac appbuild/los_heap.o
                0x0800948a                heap_alloc_align
 .text.heap_alloc
                0x08009536       0x1e appbuild/los_heap.o
                0x08009536                heap_alloc
 .text.heap_free
                0x08009554       0xdc appbuild/los_heap.o
                0x08009554                heap_free
 .text.__dump_block
                0x08009630       0x74 appbuild/los_heap.o
 .text.__dump_heap
                0x080096a4      0x130 appbuild/los_heap.o
                0x080096a4                __dump_heap
 .text.osAtomicBitsetGetNumBits
                0x080097d4       0x18 appbuild/los_slab.o
                0x080097d4                osAtomicBitsetGetNumBits
 .text.osAtomicBitsetGetBit
                0x080097ec       0x48 appbuild/los_slab.o
                0x080097ec                osAtomicBitsetGetBit
 .text.osAtomicBitsetClearBit
                0x08009834       0x48 appbuild/los_slab.o
                0x08009834                osAtomicBitsetClearBit
 .text.osAtomicBitsetFindClearAndSet
                0x0800987c       0x8e appbuild/los_slab.o
                0x0800987c                osAtomicBitsetFindClearAndSet
 .text.osSlabAllocatorAlloc
                0x0800990a       0x36 appbuild/los_slab.o
                0x0800990a                osSlabAllocatorAlloc
 .text.osSlabAllocatorFree
                0x08009940       0x76 appbuild/los_slab.o
                0x08009940                osSlabAllocatorFree
 .text.osSlabBlockHeadFill
                0x080099b6       0x30 appbuild/los_slabmem.o
                0x080099b6                osSlabBlockHeadFill
 .text.osSlabMemAlloc
                0x080099e6       0xee appbuild/los_slabmem.o
                0x080099e6                osSlabMemAlloc
 .text.osSlabMemFree
                0x08009ad4       0xaa appbuild/los_slabmem.o
                0x08009ad4                osSlabMemFree
 .text.LOS_Align
                0x08009b7e       0x3c appbuild/los_misc.o
                0x08009b7e                LOS_Align
 *fill*         0x08009bba        0x2 
 .text.LOS_ErrHandle
                0x08009bbc       0x48 appbuild/los_err.o
                0x08009bbc                LOS_ErrHandle
 .text.shell_cmd_help
                0x08009c04       0xf4 appbuild/shell_cmd.o
 .text.shell_cmd_match
                0x08009cf8       0x9c appbuild/shell_cmd.o
 .text.shell_cmd_index
                0x08009d94       0xec appbuild/shell_cmd.o
                0x08009d94                shell_cmd_index
 .text.shell_cmd_execute
                0x08009e80      0x104 appbuild/shell_cmd.o
                0x08009e80                shell_cmd_execute
 .text.shell_cmd_init
                0x08009f84       0x4c appbuild/shell_cmd.o
                0x08009f84                shell_cmd_init
 .text.os_shell_version
                0x08009fd0       0x24 appbuild/shell_cmd.o
 .text.shell_get_char
                0x08009ff4        0xe appbuild/shell_main.o
 *fill*         0x0800a002        0x2 
 .text.shell_put_char
                0x0800a004       0x28 appbuild/shell_main.o
 .text.shell_put_string
                0x0800a02c       0x40 appbuild/shell_main.o
 .text.shell_put_index
                0x0800a06c       0x14 appbuild/shell_main.o
 .text.shell_put_backspace
                0x0800a080       0x38 appbuild/shell_main.o
 .text.shell_put_space
                0x0800a0b8       0x30 appbuild/shell_main.o
 .text.shell_moves_cursor_right
                0x0800a0e8       0x54 appbuild/shell_main.o
 .text.shell_bell
                0x0800a13c        0xe appbuild/shell_main.o
 .text.shell_moves_cursor_left
                0x0800a14a       0x30 appbuild/shell_main.o
 .text.shell_cachecmd
                0x0800a17a       0x9e appbuild/shell_main.o
 .text.shell_insert_string
                0x0800a218       0xb6 appbuild/shell_main.o
 *fill*         0x0800a2ce        0x2 
 .text.shell_server_entry
                0x0800a2d0      0x66c appbuild/shell_main.o
 .text.shell_init
                0x0800a93c       0x30 appbuild/shell_main.o
                0x0800a93c                shell_init
 .text.shell_taskinfo
                0x0800a96c       0x18 appbuild/shell_test.o
 .text.shell_heapinfo
                0x0800a984       0x1c appbuild/shell_test.o
 .text.shell_reboot
                0x0800a9a0       0x24 appbuild/shell_test.o
 .text.queue_create
                0x0800a9c4       0xc6 appbuild/queue.o
                0x0800a9c4                queue_create
 .text.raw_queue_pushdata
                0x0800aa8a       0x60 appbuild/queue.o
 .text.queue_push
                0x0800aaea       0x80 appbuild/queue.o
                0x0800aaea                queue_push
 .text.raw_queue_pop
                0x0800ab6a       0x5e appbuild/queue.o
 .text.queue_pop
                0x0800abc8       0x80 appbuild/queue.o
                0x0800abc8                queue_pop
 .text.queue_delete
                0x0800ac48       0x52 appbuild/queue.o
                0x0800ac48                queue_delete
 *fill*         0x0800ac9a        0x2 
 .text.__driv_match
                0x0800ac9c       0x44 appbuild/driver.o
 .text.los_driv_register
                0x0800ace0       0xcc appbuild/driver.o
                0x0800ace0                los_driv_register
 .text.osdriv_load_static
                0x0800adac       0x4c appbuild/driver.o
 .text.los_driv_init
                0x0800adf8       0x30 appbuild/driver.o
                0x0800adf8                los_driv_init
 .text.los_dev_open
                0x0800ae28      0x13c appbuild/driver.o
                0x0800ae28                los_dev_open
 .text.los_dev_read
                0x0800af64       0x80 appbuild/driver.o
                0x0800af64                los_dev_read
 .text.los_dev_write
                0x0800afe4       0x8c appbuild/driver.o
                0x0800afe4                los_dev_write
 .text.__driv_show_shell
                0x0800b070       0xd4 appbuild/driver.o
 .text.__cmd_send
                0x0800b144       0xb8 appbuild/at.o
 .text.__resp_rcv
                0x0800b1fc       0xb0 appbuild/at.o
 .text.__cmd_create
                0x0800b2ac       0x84 appbuild/at.o
 .text.__cmd_clear
                0x0800b330       0x60 appbuild/at.o
 .text.__cmd_match
                0x0800b390       0x9c appbuild/at.o
 .text.__oob_match
                0x0800b42c       0x80 appbuild/at.o
 .text.__rcv_task_entry
                0x0800b4ac      0x100 appbuild/at.o
 .text.at_command
                0x0800b5ac       0x9c appbuild/at.o
                0x0800b5ac                at_command
 .text.at_oobregister
                0x0800b648       0x94 appbuild/at.o
                0x0800b648                at_oobregister
 .text.at_init  0x0800b6dc      0x118 appbuild/at.o
                0x0800b6dc                at_init
 .text.shell_at
                0x0800b7f4       0xc4 appbuild/at.o
 .text.shell_atdebug
                0x0800b8b8      0x10c appbuild/at.o
 .text.case_insensitive_strcmp
                0x0800b9c4       0xd8 appbuild/cJSON.o
 .text.cJSON_strdup
                0x0800ba9c       0x50 appbuild/cJSON.o
 .text.cJSON_InitHooks
                0x0800baec       0x88 appbuild/cJSON.o
                0x0800baec                cJSON_InitHooks
 .text.cJSON_New_Item
                0x0800bb74       0x2c appbuild/cJSON.o
 .text.cJSON_Delete
                0x0800bba0       0x94 appbuild/cJSON.o
                0x0800bba0                cJSON_Delete
 .text.get_decimal_point
                0x0800bc34       0x10 appbuild/cJSON.o
 *fill*         0x0800bc44        0x4 
 .text.parse_number
                0x0800bc48      0x1dc appbuild/cJSON.o
 .text.ensure   0x0800be24      0x13a appbuild/cJSON.o
 .text.update_offset
                0x0800bf5e       0x42 appbuild/cJSON.o
 .text.print_number
                0x0800bfa0      0x154 appbuild/cJSON.o
 .text.parse_hex4
                0x0800c0f4       0xc4 appbuild/cJSON.o
 .text.utf16_literal_to_utf8
                0x0800c1b8      0x1d0 appbuild/cJSON.o
 .text.parse_string
                0x0800c388      0x28c appbuild/cJSON.o
 .text.print_string_ptr
                0x0800c614      0x260 appbuild/cJSON.o
 .text.print_string
                0x0800c874       0x20 appbuild/cJSON.o
 .text.buffer_skip_whitespace
                0x0800c894       0x6a appbuild/cJSON.o
 *fill*         0x0800c8fe        0x2 
 .text.skip_utf8_bom
                0x0800c900       0x68 appbuild/cJSON.o
 .text.cJSON_ParseWithOpts
                0x0800c968      0x134 appbuild/cJSON.o
                0x0800c968                cJSON_ParseWithOpts
 .text.cJSON_Parse
                0x0800ca9c       0x1c appbuild/cJSON.o
                0x0800ca9c                cJSON_Parse
 .text.print    0x0800cab8      0x108 appbuild/cJSON.o
 .text.cJSON_PrintUnformatted
                0x0800cbc0       0x20 appbuild/cJSON.o
                0x0800cbc0                cJSON_PrintUnformatted
 .text.parse_value
                0x0800cbe0      0x1d8 appbuild/cJSON.o
 .text.print_value
                0x0800cdb8      0x1c8 appbuild/cJSON.o
 .text.parse_array
                0x0800cf80      0x17a appbuild/cJSON.o
 .text.print_array
                0x0800d0fa      0x10c appbuild/cJSON.o
 .text.parse_object
                0x0800d206      0x1f0 appbuild/cJSON.o
 .text.print_object
                0x0800d3f6      0x23e appbuild/cJSON.o
 .text.get_object_item
                0x0800d634       0x76 appbuild/cJSON.o
 .text.cJSON_GetObjectItem
                0x0800d6aa       0x1e appbuild/cJSON.o
                0x0800d6aa                cJSON_GetObjectItem
 .text.suffix_object
                0x0800d6c8       0x22 appbuild/cJSON.o
 .text.add_item_to_array
                0x0800d6ea       0x52 appbuild/cJSON.o
 .text.cJSON_AddItemToArray
                0x0800d73c       0x1a appbuild/cJSON.o
                0x0800d73c                cJSON_AddItemToArray
 .text.cast_away_const
                0x0800d756       0x16 appbuild/cJSON.o
 .text.add_item_to_object
                0x0800d76c       0xa2 appbuild/cJSON.o
 *fill*         0x0800d80e        0x2 
 .text.cJSON_AddItemToObject
                0x0800d810       0x28 appbuild/cJSON.o
                0x0800d810                cJSON_AddItemToObject
 .text.cJSON_AddItemToObjectCS
                0x0800d838       0x28 appbuild/cJSON.o
                0x0800d838                cJSON_AddItemToObjectCS
 .text.cJSON_CreateNumber
                0x0800d860       0x90 appbuild/cJSON.o
                0x0800d860                cJSON_CreateNumber
 .text.cJSON_CreateString
                0x0800d8f0       0x4c appbuild/cJSON.o
                0x0800d8f0                cJSON_CreateString
 .text.cJSON_CreateArray
                0x0800d93c       0x28 appbuild/cJSON.o
                0x0800d93c                cJSON_CreateArray
 .text.cJSON_CreateObject
                0x0800d964       0x28 appbuild/cJSON.o
                0x0800d964                cJSON_CreateObject
 .text.inet_ntoa
                0x0800d98c       0x50 appbuild/sal_netdb.o
                0x0800d98c                inet_ntoa
 .text.link_tcpip_init
                0x0800d9dc       0x88 appbuild/sal.o
                0x0800d9dc                link_tcpip_init
 .text.link_sal_install
                0x0800da64       0x34 appbuild/sal.o
                0x0800da64                link_sal_install
 .text.__sal_sockcb_malloc
                0x0800da98       0xa8 appbuild/sal.o
 .text.__sal_sockcb_free
                0x0800db40       0x6c appbuild/sal.o
 .text.__sal_sockcb_getcb
                0x0800dbac       0x3c appbuild/sal.o
 .text.__sal_sockcb_getfd
                0x0800dbe8       0x28 appbuild/sal.o
 .text.sal_socket
                0x0800dc10       0x84 appbuild/sal.o
                0x0800dc10                sal_socket
 .text.sal_connect
                0x0800dc94       0x4e appbuild/sal.o
                0x0800dc94                sal_connect
 .text.sal_setsockopt
                0x0800dce2       0x56 appbuild/sal.o
                0x0800dce2                sal_setsockopt
 .text.sal_recv
                0x0800dd38       0x52 appbuild/sal.o
                0x0800dd38                sal_recv
 .text.sal_send
                0x0800dd8a       0x52 appbuild/sal.o
                0x0800dd8a                sal_send
 .text.sal_closesocket
                0x0800dddc       0x52 appbuild/sal.o
                0x0800dddc                sal_closesocket
 *fill*         0x0800de2e        0x2 
 .text.sal_gethostbyname
                0x0800de30       0x48 appbuild/sal.o
                0x0800de30                sal_gethostbyname
 .text.esp8266_atcmd
                0x0800de78       0x40 appbuild/esp8266_socket_imp.o
 .text.esp8266_atcmd_response
                0x0800deb8       0x44 appbuild/esp8266_socket_imp.o
 .text.esp8266_rcvdeal
                0x0800defc      0x1d4 appbuild/esp8266_socket_imp.o
 .text.esp8266_socket
                0x0800e0d0       0x38 appbuild/esp8266_socket_imp.o
 .text.__esp8266_bind
                0x0800e108       0x1a appbuild/esp8266_socket_imp.o
 .text.esp8266_listen
                0x0800e122       0x18 appbuild/esp8266_socket_imp.o
 .text.__esp8266_accept
                0x0800e13a       0x1a appbuild/esp8266_socket_imp.o
 .text.__esp8266_connect
                0x0800e154       0xc8 appbuild/esp8266_socket_imp.o
 .text.esp8266_send
                0x0800e21c       0xbc appbuild/esp8266_socket_imp.o
 .text.__esp8266_sendto
                0x0800e2d8       0x3c appbuild/esp8266_socket_imp.o
 .text.esp8266_recv
                0x0800e314       0xa8 appbuild/esp8266_socket_imp.o
 .text.__esp8266_recvfrom
                0x0800e3bc       0x24 appbuild/esp8266_socket_imp.o
 .text.__esp8266_setsockopt
                0x0800e3e0       0x4c appbuild/esp8266_socket_imp.o
 .text.esp8266_getsockopt
                0x0800e42c       0x1c appbuild/esp8266_socket_imp.o
 .text.esp8266_close
                0x0800e448       0x5c appbuild/esp8266_socket_imp.o
 .text.esp8266_shutdown
                0x0800e4a4       0x1a appbuild/esp8266_socket_imp.o
 .text.esp8266_getsockname
                0x0800e4be       0x1a appbuild/esp8266_socket_imp.o
 .text.esp8266_getpeername
                0x0800e4d8       0x1a appbuild/esp8266_socket_imp.o
 *fill*         0x0800e4f2        0x2 
 .text.esp8266_gethostbyname
                0x0800e4f4      0x19c appbuild/esp8266_socket_imp.o
 .text.esp8266_reset
                0x0800e690       0x1c appbuild/esp8266_socket_imp.o
 .text.esp8266_echo_off
                0x0800e6ac       0x1c appbuild/esp8266_socket_imp.o
 .text.esp8266_show_dinfo
                0x0800e6c8       0x44 appbuild/esp8266_socket_imp.o
 .text.esp8266_set_mode
                0x0800e70c       0x44 appbuild/esp8266_socket_imp.o
 .text.esp8266_joinap
                0x0800e750       0x48 appbuild/esp8266_socket_imp.o
 .text.esp8266_set_mux
                0x0800e798       0x44 appbuild/esp8266_socket_imp.o
 .text.link_tcpip_imp_init
                0x0800e7dc       0xbc appbuild/esp8266_socket_imp.o
                0x0800e7dc                link_tcpip_imp_init
 .text.dtls_al_new
                0x0800e898       0x40 appbuild/dtls_al.o
                0x0800e898                dtls_al_new
 .text.dtls_al_connect
                0x0800e8d8       0x48 appbuild/dtls_al.o
                0x0800e8d8                dtls_al_connect
 .text.dtls_al_write
                0x0800e920       0x44 appbuild/dtls_al.o
                0x0800e920                dtls_al_write
 .text.dtls_al_read
                0x0800e964       0x44 appbuild/dtls_al.o
                0x0800e964                dtls_al_read
 .text.dtls_al_destroy
                0x0800e9a8       0x3c appbuild/dtls_al.o
                0x0800e9a8                dtls_al_destroy
 .text.dtls_al_install
                0x0800e9e4       0x34 appbuild/dtls_al.o
                0x0800e9e4                dtls_al_install
 .text.dtls_al_init
                0x0800ea18       0x1c appbuild/dtls_al.o
                0x0800ea18                dtls_al_init
 .text.mbedtls_ssl_ciphersuite_no_pfs
                0x0800ea34       0x54 appbuild/ssl_srv.o
 .text.mbedtls_ssl_hdr_len
                0x0800ea88       0x2c appbuild/ssl_srv.o
 .text.mbedtls_ssl_hs_hdr_len
                0x0800eab4       0x2c appbuild/ssl_srv.o
 .text.mbedtls_ssl_safer_memcmp
                0x0800eae0       0x62 appbuild/ssl_srv.o
 *fill*         0x0800eb42        0x2 
 .text.ssl_parse_renegotiation_info
                0x0800eb44       0x90 appbuild/ssl_srv.o
 .text.ssl_parse_max_fragment_length_ext
                0x0800ebd4       0x44 appbuild/ssl_srv.o
 .text.ssl_ciphersuite_match
                0x0800ec18       0xb4 appbuild/ssl_srv.o
 .text.ssl_parse_client_hello
                0x0800eccc      0x880 appbuild/ssl_srv.o
 .text.ssl_write_renegotiation_ext
                0x0800f54c       0xe6 appbuild/ssl_srv.o
 .text.ssl_write_max_fragment_length_ext
                0x0800f632       0x6c appbuild/ssl_srv.o
 *fill*         0x0800f69e        0x2 
 .text.ssl_write_hello_verify_request
                0x0800f6a0      0x104 appbuild/ssl_srv.o
 .text.ssl_write_server_hello
                0x0800f7a4      0x280 appbuild/ssl_srv.o
 .text.ssl_write_certificate_request
                0x0800fa24       0x58 appbuild/ssl_srv.o
 .text.ssl_prepare_server_key_exchange
                0x0800fa7c       0x28 appbuild/ssl_srv.o
 .text.ssl_write_server_key_exchange
                0x0800faa4       0x8e appbuild/ssl_srv.o
 .text.ssl_write_server_hello_done
                0x0800fb32       0x84 appbuild/ssl_srv.o
 *fill*         0x0800fbb6        0x2 
 .text.ssl_parse_client_psk_identity
                0x0800fbb8      0x124 appbuild/ssl_srv.o
 .text.ssl_parse_client_key_exchange
                0x0800fcdc       0xd4 appbuild/ssl_srv.o
 .text.ssl_parse_certificate_verify
                0x0800fdb0       0x58 appbuild/ssl_srv.o
 .text.mbedtls_ssl_handshake_server_step
                0x0800fe08      0x170 appbuild/ssl_srv.o
                0x0800fe08                mbedtls_ssl_handshake_server_step
 .text.mbedtls_ctr_drbg_init
                0x0800ff78       0x1c appbuild/ctr_drbg.o
                0x0800ff78                mbedtls_ctr_drbg_init
 .text.mbedtls_ctr_drbg_seed_entropy_len
                0x0800ff94       0x82 appbuild/ctr_drbg.o
                0x0800ff94                mbedtls_ctr_drbg_seed_entropy_len
 .text.mbedtls_ctr_drbg_seed
                0x08010016       0x2c appbuild/ctr_drbg.o
                0x08010016                mbedtls_ctr_drbg_seed
 .text.mbedtls_ctr_drbg_free
                0x08010042       0x2c appbuild/ctr_drbg.o
                0x08010042                mbedtls_ctr_drbg_free
 .text.block_cipher_df
                0x0801006e      0x30e appbuild/ctr_drbg.o
 .text.ctr_drbg_update_internal
                0x0801037c       0xfc appbuild/ctr_drbg.o
 .text.mbedtls_ctr_drbg_reseed
                0x08010478      0x134 appbuild/ctr_drbg.o
                0x08010478                mbedtls_ctr_drbg_reseed
 .text.mbedtls_ctr_drbg_random_with_add
                0x080105ac      0x16a appbuild/ctr_drbg.o
                0x080105ac                mbedtls_ctr_drbg_random_with_add
 .text.mbedtls_ctr_drbg_random
                0x08010716       0x2c appbuild/ctr_drbg.o
                0x08010716                mbedtls_ctr_drbg_random
 .text.mbedtls_sha256_init
                0x08010742       0x1a appbuild/sha256.o
                0x08010742                mbedtls_sha256_init
 .text.mbedtls_sha256_free
                0x0801075c       0x20 appbuild/sha256.o
                0x0801075c                mbedtls_sha256_free
 .text.mbedtls_sha256_clone
                0x0801077c       0x22 appbuild/sha256.o
                0x0801077c                mbedtls_sha256_clone
 *fill*         0x0801079e        0x2 
 .text.mbedtls_sha256_starts_ret
                0x080107a0       0xd4 appbuild/sha256.o
                0x080107a0                mbedtls_sha256_starts_ret
 .text.mbedtls_internal_sha256_process
                0x08010874     0x1420 appbuild/sha256.o
                0x08010874                mbedtls_internal_sha256_process
 .text.mbedtls_sha256_update_ret
                0x08011c94       0xea appbuild/sha256.o
                0x08011c94                mbedtls_sha256_update_ret
 .text.mbedtls_sha256_finish_ret
                0x08011d7e      0x2ce appbuild/sha256.o
                0x08011d7e                mbedtls_sha256_finish_ret
 .text.mbedtls_sha256_ret
                0x0801204c       0x70 appbuild/sha256.o
                0x0801204c                mbedtls_sha256_ret
 .text.mbedtls_platform_zeroize
                0x080120bc       0x24 appbuild/platform_util.o
                0x080120bc                mbedtls_platform_zeroize
 .text.mbedtls_md_info_from_type
                0x080120e0       0x34 appbuild/md.o
                0x080120e0                mbedtls_md_info_from_type
 .text.mbedtls_md_init
                0x08012114       0x1a appbuild/md.o
                0x08012114                mbedtls_md_init
 .text.mbedtls_md_free
                0x0801212e       0x64 appbuild/md.o
                0x0801212e                mbedtls_md_free
 *fill*         0x08012192        0x2 
 .text.mbedtls_md_setup
                0x08012194       0x7c appbuild/md.o
                0x08012194                mbedtls_md_setup
 .text.mbedtls_md_hmac_starts
                0x08012210      0x164 appbuild/md.o
                0x08012210                mbedtls_md_hmac_starts
 .text.mbedtls_md_hmac_update
                0x08012374       0x44 appbuild/md.o
                0x08012374                mbedtls_md_hmac_update
 .text.mbedtls_md_hmac_finish
                0x080123b8       0xcc appbuild/md.o
                0x080123b8                mbedtls_md_hmac_finish
 .text.mbedtls_md_hmac_reset
                0x08012484       0x64 appbuild/md.o
                0x08012484                mbedtls_md_hmac_reset
 .text.mbedtls_md_process
                0x080124e8       0x3c appbuild/md.o
                0x080124e8                mbedtls_md_process
 .text.mbedtls_md_get_size
                0x08012524       0x24 appbuild/md.o
                0x08012524                mbedtls_md_get_size
 .text.mbedtls_ssl_ciphersuite_cert_req_allowed
                0x08012548       0x2e appbuild/ssl_cli.o
 .text.mbedtls_ssl_hs_hdr_len
                0x08012576       0x2c appbuild/ssl_cli.o
 .text.mbedtls_ssl_safer_memcmp
                0x080125a2       0x62 appbuild/ssl_cli.o
 .text.ssl_write_renegotiation_ext
                0x08012604       0xb8 appbuild/ssl_cli.o
 .text.ssl_write_max_fragment_length_ext
                0x080126bc       0xa0 appbuild/ssl_cli.o
 .text.ssl_generate_random
                0x0801275c       0x7e appbuild/ssl_cli.o
 .text.ssl_validate_ciphersuite
                0x080127da       0x60 appbuild/ssl_cli.o
 *fill*         0x0801283a        0x2 
 .text.ssl_write_client_hello
                0x0801283c      0x390 appbuild/ssl_cli.o
 .text.ssl_parse_renegotiation_info
                0x08012bcc       0xb8 appbuild/ssl_cli.o
 .text.ssl_parse_max_fragment_length_ext
                0x08012c84       0x58 appbuild/ssl_cli.o
 .text.ssl_parse_hello_verify_request
                0x08012cdc      0x110 appbuild/ssl_cli.o
 .text.ssl_parse_server_hello
                0x08012dec      0x574 appbuild/ssl_cli.o
 .text.ssl_parse_server_psk_hint
                0x08013360       0x78 appbuild/ssl_cli.o
 .text.ssl_parse_server_key_exchange
                0x080133d8      0x10c appbuild/ssl_cli.o
 .text.ssl_parse_certificate_request
                0x080134e4       0x38 appbuild/ssl_cli.o
 .text.ssl_parse_server_hello_done
                0x0801351c       0x88 appbuild/ssl_cli.o
 .text.ssl_write_client_key_exchange
                0x080135a4      0x124 appbuild/ssl_cli.o
 .text.ssl_write_certificate_verify
                0x080136c8       0x68 appbuild/ssl_cli.o
 .text.mbedtls_ssl_handshake_client_step
                0x08013730      0x15c appbuild/ssl_cli.o
                0x08013730                mbedtls_ssl_handshake_client_step
 .text.mbedtls_cipher_get_block_size
                0x0801388c       0x26 appbuild/ssl_tls.o
 .text.mbedtls_cipher_get_cipher_mode
                0x080138b2       0x26 appbuild/ssl_tls.o
 .text.mbedtls_ssl_hdr_len
                0x080138d8       0x2c appbuild/ssl_tls.o
 .text.mbedtls_ssl_hs_hdr_len
                0x08013904       0x2c appbuild/ssl_tls.o
 .text.mbedtls_ssl_safer_memcmp
                0x08013930       0x62 appbuild/ssl_tls.o
 .text.ssl_ep_len
                0x08013992       0x2c appbuild/ssl_tls.o
 .text.ssl_set_timer
                0x080139be       0x2c appbuild/ssl_tls.o
 .text.ssl_check_timer
                0x080139ea       0x36 appbuild/ssl_tls.o
 .text.ssl_get_maximum_datagram_size
                0x08013a20       0x30 appbuild/ssl_tls.o
 .text.ssl_get_remaining_space_in_datagram
                0x08013a50       0x38 appbuild/ssl_tls.o
 .text.ssl_get_remaining_payload_in_datagram
                0x08013a88       0x94 appbuild/ssl_tls.o
 .text.ssl_double_retransmit_timeout
                0x08013b1c       0x7a appbuild/ssl_tls.o
 .text.ssl_reset_retransmit_timeout
                0x08013b96       0x20 appbuild/ssl_tls.o
 *fill*         0x08013bb6        0x2 
 .text.ssl_mfl_code_to_length
                0x08013bb8       0x58 appbuild/ssl_tls.o
 .text.tls_prf_generic
                0x08013c10      0x224 appbuild/ssl_tls.o
 .text.tls_prf_sha256
                0x08013e34       0x34 appbuild/ssl_tls.o
 .text.mbedtls_ssl_derive_keys
                0x08013e68      0x5ec appbuild/ssl_tls.o
                0x08013e68                mbedtls_ssl_derive_keys
 .text.ssl_calc_verify_tls_sha256
                0x08014454       0x46 appbuild/ssl_tls.o
 *fill*         0x0801449a        0x2 
 .text.mbedtls_ssl_psk_derive_premaster
                0x0801449c      0x120 appbuild/ssl_tls.o
                0x0801449c                mbedtls_ssl_psk_derive_premaster
 .text.ssl_read_memory
                0x080145bc       0x3e appbuild/ssl_tls.o
 *fill*         0x080145fa        0x2 
 .text.ssl_encrypt_buf
                0x080145fc      0x464 appbuild/ssl_tls.o
 .text.ssl_decrypt_buf
                0x08014a60      0x774 appbuild/ssl_tls.o
 .text.ssl_resend_hello_request
                0x080151d4       0x66 appbuild/ssl_tls.o
 *fill*         0x0801523a        0x2 
 .text.mbedtls_ssl_fetch_input
                0x0801523c      0x278 appbuild/ssl_tls.o
                0x0801523c                mbedtls_ssl_fetch_input
 .text.mbedtls_ssl_flush_output
                0x080154b4       0xcc appbuild/ssl_tls.o
                0x080154b4                mbedtls_ssl_flush_output
 .text.ssl_flight_append
                0x08015580       0xb4 appbuild/ssl_tls.o
 .text.ssl_flight_free
                0x08015634       0x38 appbuild/ssl_tls.o
 .text.ssl_swap_epochs
                0x0801566c       0x7a appbuild/ssl_tls.o
 .text.mbedtls_ssl_resend
                0x080156e6       0x1e appbuild/ssl_tls.o
                0x080156e6                mbedtls_ssl_resend
 .text.mbedtls_ssl_flight_transmit
                0x08015704      0x2c6 appbuild/ssl_tls.o
                0x08015704                mbedtls_ssl_flight_transmit
 .text.mbedtls_ssl_recv_flight_completed
                0x080159ca       0x76 appbuild/ssl_tls.o
                0x080159ca                mbedtls_ssl_recv_flight_completed
 .text.mbedtls_ssl_send_flight_completed
                0x08015a40       0x4a appbuild/ssl_tls.o
                0x08015a40                mbedtls_ssl_send_flight_completed
 *fill*         0x08015a8a        0x2 
 .text.mbedtls_ssl_write_handshake_msg
                0x08015a8c      0x208 appbuild/ssl_tls.o
                0x08015a8c                mbedtls_ssl_write_handshake_msg
 .text.mbedtls_ssl_write_record
                0x08015c94      0x1ec appbuild/ssl_tls.o
                0x08015c94                mbedtls_ssl_write_record
 .text.ssl_hs_is_proper_fragment
                0x08015e80       0x5c appbuild/ssl_tls.o
 .text.ssl_get_hs_frag_len
                0x08015edc       0x34 appbuild/ssl_tls.o
 .text.ssl_get_hs_frag_off
                0x08015f10       0x34 appbuild/ssl_tls.o
 .text.ssl_check_hs_header
                0x08015f44       0x5e appbuild/ssl_tls.o
 .text.ssl_bitmask_set
                0x08015fa2      0x112 appbuild/ssl_tls.o
 .text.ssl_bitmask_check
                0x080160b4       0x7c appbuild/ssl_tls.o
 .text.ssl_get_reassembly_buffer_size
                0x08016130       0x46 appbuild/ssl_tls.o
 .text.ssl_get_hs_total_len
                0x08016176       0x34 appbuild/ssl_tls.o
 *fill*         0x080161aa        0x2 
 .text.mbedtls_ssl_prepare_handshake_record
                0x080161ac      0x114 appbuild/ssl_tls.o
                0x080161ac                mbedtls_ssl_prepare_handshake_record
 .text.mbedtls_ssl_update_handshake_status
                0x080162c0       0xa0 appbuild/ssl_tls.o
                0x080162c0                mbedtls_ssl_update_handshake_status
 .text.ssl_dtls_replay_reset
                0x08016360       0x30 appbuild/ssl_tls.o
 .text.ssl_load_six_bytes
                0x08016390       0xea appbuild/ssl_tls.o
 .text.mbedtls_ssl_dtls_replay_check
                0x0801647a       0xba appbuild/ssl_tls.o
                0x0801647a                mbedtls_ssl_dtls_replay_check
 .text.mbedtls_ssl_dtls_replay_update
                0x08016534      0x146 appbuild/ssl_tls.o
                0x08016534                mbedtls_ssl_dtls_replay_update
 *fill*         0x0801667a        0x2 
 .text.ssl_parse_record_header
                0x0801667c      0x1c0 appbuild/ssl_tls.o
 .text.ssl_prepare_record_content
                0x0801683c       0x64 appbuild/ssl_tls.o
 .text.mbedtls_ssl_read_record
                0x080168a0       0xf4 appbuild/ssl_tls.o
                0x080168a0                mbedtls_ssl_read_record
 .text.ssl_next_record_is_in_datagram
                0x08016994       0x28 appbuild/ssl_tls.o
 .text.ssl_load_buffered_message
                0x080169bc      0x10c appbuild/ssl_tls.o
 .text.ssl_buffer_make_space
                0x08016ac8       0x64 appbuild/ssl_tls.o
 .text.ssl_buffer_message
                0x08016b2c      0x244 appbuild/ssl_tls.o
 .text.ssl_consume_current_message
                0x08016d70       0x88 appbuild/ssl_tls.o
 .text.ssl_record_is_in_progress
                0x08016df8       0x22 appbuild/ssl_tls.o
 .text.ssl_free_buffered_record
                0x08016e1a       0x44 appbuild/ssl_tls.o
 *fill*         0x08016e5e        0x2 
 .text.ssl_load_buffered_record
                0x08016e60       0xb8 appbuild/ssl_tls.o
 .text.ssl_buffer_future_record
                0x08016f18       0xa8 appbuild/ssl_tls.o
 .text.ssl_get_next_record
                0x08016fc0      0x194 appbuild/ssl_tls.o
 .text.mbedtls_ssl_handle_message_type
                0x08017154      0x11c appbuild/ssl_tls.o
                0x08017154                mbedtls_ssl_handle_message_type
 .text.mbedtls_ssl_send_alert_message
                0x08017270       0x6c appbuild/ssl_tls.o
                0x08017270                mbedtls_ssl_send_alert_message
 .text.mbedtls_ssl_write_certificate
                0x080172dc       0x50 appbuild/ssl_tls.o
                0x080172dc                mbedtls_ssl_write_certificate
 .text.mbedtls_ssl_parse_certificate
                0x0801732c       0x50 appbuild/ssl_tls.o
                0x0801732c                mbedtls_ssl_parse_certificate
 .text.mbedtls_ssl_write_change_cipher_spec
                0x0801737c       0x48 appbuild/ssl_tls.o
                0x0801737c                mbedtls_ssl_write_change_cipher_spec
 .text.mbedtls_ssl_parse_change_cipher_spec
                0x080173c4       0xb0 appbuild/ssl_tls.o
                0x080173c4                mbedtls_ssl_parse_change_cipher_spec
 .text.mbedtls_ssl_optimize_checksum
                0x08017474       0x30 appbuild/ssl_tls.o
                0x08017474                mbedtls_ssl_optimize_checksum
 .text.mbedtls_ssl_reset_checksum
                0x080174a4       0x1e appbuild/ssl_tls.o
                0x080174a4                mbedtls_ssl_reset_checksum
 .text.ssl_update_checksum_start
                0x080174c2       0x24 appbuild/ssl_tls.o
 .text.ssl_update_checksum_sha256
                0x080174e6       0x24 appbuild/ssl_tls.o
 *fill*         0x0801750a        0x2 
 .text.ssl_calc_finished_tls_sha256
                0x0801750c       0xbc appbuild/ssl_tls.o
 .text.ssl_handshake_wrapup_free_hs_transform
                0x080175c8       0x50 appbuild/ssl_tls.o
 .text.mbedtls_ssl_handshake_wrapup
                0x08017618       0xbc appbuild/ssl_tls.o
                0x08017618                mbedtls_ssl_handshake_wrapup
 .text.mbedtls_ssl_write_finished
                0x080176d4      0x1c8 appbuild/ssl_tls.o
                0x080176d4                mbedtls_ssl_write_finished
 .text.mbedtls_ssl_parse_finished
                0x0801789c      0x140 appbuild/ssl_tls.o
                0x0801789c                mbedtls_ssl_parse_finished
 .text.ssl_handshake_params_init
                0x080179dc       0x40 appbuild/ssl_tls.o
 .text.ssl_transform_init
                0x08017a1c       0x42 appbuild/ssl_tls.o
 .text.mbedtls_ssl_session_init
                0x08017a5e       0x1a appbuild/ssl_tls.o
                0x08017a5e                mbedtls_ssl_session_init
 .text.ssl_handshake_init
                0x08017a78      0x140 appbuild/ssl_tls.o
 .text.ssl_cookie_write_dummy
                0x08017bb8       0x20 appbuild/ssl_tls.o
 .text.ssl_cookie_check_dummy
                0x08017bd8       0x20 appbuild/ssl_tls.o
 .text.ssl_update_out_pointers
                0x08017bf8       0xba appbuild/ssl_tls.o
 .text.ssl_update_in_pointers
                0x08017cb2       0x9a appbuild/ssl_tls.o
 .text.mbedtls_ssl_init
                0x08017d4c       0x1c appbuild/ssl_tls.o
                0x08017d4c                mbedtls_ssl_init
 .text.ssl_reset_in_out_pointers
                0x08017d68       0x64 appbuild/ssl_tls.o
 .text.mbedtls_ssl_setup
                0x08017dcc       0xf0 appbuild/ssl_tls.o
                0x08017dcc                mbedtls_ssl_setup
 .text.mbedtls_ssl_conf_endpoint
                0x08017ebc       0x2c appbuild/ssl_tls.o
                0x08017ebc                mbedtls_ssl_conf_endpoint
 .text.mbedtls_ssl_conf_transport
                0x08017ee8       0x2c appbuild/ssl_tls.o
                0x08017ee8                mbedtls_ssl_conf_transport
 .text.mbedtls_ssl_conf_authmode
                0x08017f14       0x2c appbuild/ssl_tls.o
                0x08017f14                mbedtls_ssl_conf_authmode
 .text.mbedtls_ssl_conf_rng
                0x08017f40       0x24 appbuild/ssl_tls.o
                0x08017f40                mbedtls_ssl_conf_rng
 .text.mbedtls_ssl_set_bio
                0x08017f64       0x32 appbuild/ssl_tls.o
                0x08017f64                mbedtls_ssl_set_bio
 .text.mbedtls_ssl_conf_read_timeout
                0x08017f96       0x1c appbuild/ssl_tls.o
                0x08017f96                mbedtls_ssl_conf_read_timeout
 .text.mbedtls_ssl_set_timer_cb
                0x08017fb2       0x30 appbuild/ssl_tls.o
                0x08017fb2                mbedtls_ssl_set_timer_cb
 *fill*         0x08017fe2        0x2 
 .text.mbedtls_ssl_conf_psk
                0x08017fe4      0x118 appbuild/ssl_tls.o
                0x08017fe4                mbedtls_ssl_conf_psk
 .text.mbedtls_ssl_get_record_expansion
                0x080180fc       0x9c appbuild/ssl_tls.o
                0x080180fc                mbedtls_ssl_get_record_expansion
 .text.mbedtls_ssl_get_max_frag_len
                0x08018198       0x84 appbuild/ssl_tls.o
                0x08018198                mbedtls_ssl_get_max_frag_len
 .text.ssl_get_current_mtu
                0x0801821c       0x80 appbuild/ssl_tls.o
 .text.mbedtls_ssl_get_max_out_record_payload
                0x0801829c       0x7c appbuild/ssl_tls.o
                0x0801829c                mbedtls_ssl_get_max_out_record_payload
 .text.mbedtls_ssl_handshake_step
                0x08018318       0x64 appbuild/ssl_tls.o
                0x08018318                mbedtls_ssl_handshake_step
 .text.mbedtls_ssl_handshake
                0x0801837c       0x48 appbuild/ssl_tls.o
                0x0801837c                mbedtls_ssl_handshake
 .text.ssl_write_hello_request
                0x080183c4       0x3e appbuild/ssl_tls.o
 .text.ssl_start_renegotiation
                0x08018402       0x80 appbuild/ssl_tls.o
 *fill*         0x08018482        0x2 
 .text.mbedtls_ssl_renegotiate
                0x08018484       0xac appbuild/ssl_tls.o
                0x08018484                mbedtls_ssl_renegotiate
 .text.ssl_check_ctr_renegotiate
                0x08018530       0x9c appbuild/ssl_tls.o
 .text.mbedtls_ssl_read
                0x080185cc      0x338 appbuild/ssl_tls.o
                0x080185cc                mbedtls_ssl_read
 .text.ssl_write_real
                0x08018904       0xa4 appbuild/ssl_tls.o
 .text.mbedtls_ssl_write
                0x080189a8       0x64 appbuild/ssl_tls.o
                0x080189a8                mbedtls_ssl_write
 .text.mbedtls_ssl_close_notify
                0x08018a0c       0x5c appbuild/ssl_tls.o
                0x08018a0c                mbedtls_ssl_close_notify
 .text.mbedtls_ssl_transform_free
                0x08018a68       0x48 appbuild/ssl_tls.o
                0x08018a68                mbedtls_ssl_transform_free
 .text.ssl_buffering_free
                0x08018ab0       0x42 appbuild/ssl_tls.o
 .text.ssl_buffering_free_slot
                0x08018af2       0x76 appbuild/ssl_tls.o
 .text.mbedtls_ssl_handshake_free
                0x08018b68       0x6e appbuild/ssl_tls.o
                0x08018b68                mbedtls_ssl_handshake_free
 .text.mbedtls_ssl_session_free
                0x08018bd6       0x20 appbuild/ssl_tls.o
                0x08018bd6                mbedtls_ssl_session_free
 .text.mbedtls_ssl_free
                0x08018bf6       0xec appbuild/ssl_tls.o
                0x08018bf6                mbedtls_ssl_free
 .text.mbedtls_ssl_config_init
                0x08018ce2       0x1a appbuild/ssl_tls.o
                0x08018ce2                mbedtls_ssl_config_init
 .text.mbedtls_ssl_config_defaults
                0x08018cfc      0x13c appbuild/ssl_tls.o
                0x08018cfc                mbedtls_ssl_config_defaults
 .text.mbedtls_ssl_config_free
                0x08018e38       0x74 appbuild/ssl_tls.o
                0x08018e38                mbedtls_ssl_config_free
 .text.mbedtls_ssl_write_version
                0x08018eac       0x5e appbuild/ssl_tls.o
                0x08018eac                mbedtls_ssl_write_version
 .text.mbedtls_ssl_read_version
                0x08018f0a       0x66 appbuild/ssl_tls.o
                0x08018f0a                mbedtls_ssl_read_version
 .text.mbedtls_cipher_get_block_size
                0x08018f70       0x26 appbuild/cipher.o
 .text.mbedtls_cipher_get_iv_size
                0x08018f96       0x34 appbuild/cipher.o
 *fill*         0x08018fca        0x2 
 .text.mbedtls_cipher_info_from_type
                0x08018fcc       0x40 appbuild/cipher.o
                0x08018fcc                mbedtls_cipher_info_from_type
 .text.mbedtls_cipher_info_from_values
                0x0801900c       0x64 appbuild/cipher.o
                0x0801900c                mbedtls_cipher_info_from_values
 .text.mbedtls_cipher_init
                0x08019070       0x1a appbuild/cipher.o
                0x08019070                mbedtls_cipher_init
 .text.mbedtls_cipher_free
                0x0801908a       0x38 appbuild/cipher.o
                0x0801908a                mbedtls_cipher_free
 *fill*         0x080190c2        0x2 
 .text.mbedtls_cipher_setup
                0x080190c4       0x58 appbuild/cipher.o
                0x080190c4                mbedtls_cipher_setup
 .text.mbedtls_cipher_setkey
                0x0801911c       0xb4 appbuild/cipher.o
                0x0801911c                mbedtls_cipher_setkey
 .text.mbedtls_cipher_set_iv
                0x080191d0       0x78 appbuild/cipher.o
                0x080191d0                mbedtls_cipher_set_iv
 .text.mbedtls_cipher_reset
                0x08019248       0x2c appbuild/cipher.o
                0x08019248                mbedtls_cipher_reset
 .text.mbedtls_cipher_update
                0x08019274      0x280 appbuild/cipher.o
                0x08019274                mbedtls_cipher_update
 .text.add_zeros_and_len_padding
                0x080194f4       0x56 appbuild/cipher.o
 *fill*         0x0801954a        0x2 
 .text.get_zeros_and_len_padding
                0x0801954c       0xd0 appbuild/cipher.o
 .text.get_no_padding
                0x0801961c       0x34 appbuild/cipher.o
 .text.mbedtls_cipher_finish
                0x08019650      0x190 appbuild/cipher.o
                0x08019650                mbedtls_cipher_finish
 .text.mbedtls_cipher_set_padding_mode
                0x080197e0       0x70 appbuild/cipher.o
                0x080197e0                mbedtls_cipher_set_padding_mode
 .text.mbedtls_cipher_crypt
                0x08019850       0x88 appbuild/cipher.o
                0x08019850                mbedtls_cipher_crypt
 .text.mbedtls_cipher_auth_encrypt
                0x080198d8       0x58 appbuild/cipher.o
                0x080198d8                mbedtls_cipher_auth_encrypt
 .text.mbedtls_cipher_auth_decrypt
                0x08019930       0x68 appbuild/cipher.o
                0x08019930                mbedtls_cipher_auth_decrypt
 .text.mbedtls_aes_init
                0x08019998       0x1c appbuild/aes.o
                0x08019998                mbedtls_aes_init
 .text.mbedtls_aes_free
                0x080199b4       0x22 appbuild/aes.o
                0x080199b4                mbedtls_aes_free
 *fill*         0x080199d6        0x2 
 .text.mbedtls_aes_setkey_enc
                0x080199d8      0x3ac appbuild/aes.o
                0x080199d8                mbedtls_aes_setkey_enc
 .text.mbedtls_aes_setkey_dec
                0x08019d84      0x22c appbuild/aes.o
                0x08019d84                mbedtls_aes_setkey_dec
 .text.mbedtls_internal_aes_encrypt
                0x08019fb0      0x5c8 appbuild/aes.o
                0x08019fb0                mbedtls_internal_aes_encrypt
 .text.mbedtls_internal_aes_decrypt
                0x0801a578      0x5c8 appbuild/aes.o
                0x0801a578                mbedtls_internal_aes_decrypt
 .text.mbedtls_aes_crypt_ecb
                0x0801ab40       0x36 appbuild/aes.o
                0x0801ab40                mbedtls_aes_crypt_ecb
 .text.mbedtls_aes_crypt_cbc
                0x0801ab76      0x102 appbuild/aes.o
                0x0801ab76                mbedtls_aes_crypt_cbc
 .text.mbedtls_ccm_init
                0x0801ac78       0x1a appbuild/ccm.o
                0x0801ac78                mbedtls_ccm_init
 .text.mbedtls_ccm_setkey
                0x0801ac92       0x78 appbuild/ccm.o
                0x0801ac92                mbedtls_ccm_setkey
 .text.mbedtls_ccm_free
                0x0801ad0a       0x28 appbuild/ccm.o
                0x0801ad0a                mbedtls_ccm_free
 .text.ccm_auth_crypt
                0x0801ad32      0x5ee appbuild/ccm.o
 .text.mbedtls_ccm_star_encrypt_and_tag
                0x0801b320       0x40 appbuild/ccm.o
                0x0801b320                mbedtls_ccm_star_encrypt_and_tag
 .text.mbedtls_ccm_encrypt_and_tag
                0x0801b360       0x48 appbuild/ccm.o
                0x0801b360                mbedtls_ccm_encrypt_and_tag
 .text.mbedtls_ccm_star_auth_decrypt
                0x0801b3a8       0xa6 appbuild/ccm.o
                0x0801b3a8                mbedtls_ccm_star_auth_decrypt
 .text.mbedtls_ccm_auth_decrypt
                0x0801b44e       0x48 appbuild/ccm.o
                0x0801b44e                mbedtls_ccm_auth_decrypt
 .text.sha224_starts_wrap
                0x0801b496       0x1a appbuild/md_wrap.o
 .text.sha224_update_wrap
                0x0801b4b0       0x20 appbuild/md_wrap.o
 .text.sha224_finish_wrap
                0x0801b4d0       0x1c appbuild/md_wrap.o
 .text.sha224_wrap
                0x0801b4ec       0x22 appbuild/md_wrap.o
 .text.sha224_ctx_alloc
                0x0801b50e       0x26 appbuild/md_wrap.o
 .text.sha224_ctx_free
                0x0801b534       0x1c appbuild/md_wrap.o
 .text.sha224_clone_wrap
                0x0801b550       0x1a appbuild/md_wrap.o
 .text.sha224_process_wrap
                0x0801b56a       0x1c appbuild/md_wrap.o
 .text.sha256_starts_wrap
                0x0801b586       0x1a appbuild/md_wrap.o
 .text.sha256_wrap
                0x0801b5a0       0x22 appbuild/md_wrap.o
 .text.ccm_ctx_alloc
                0x0801b5c2       0x26 appbuild/cipher_wrap.o
 .text.ccm_ctx_free
                0x0801b5e8       0x1c appbuild/cipher_wrap.o
 .text.aes_crypt_ecb_wrap
                0x0801b604       0x28 appbuild/cipher_wrap.o
 .text.aes_crypt_cbc_wrap
                0x0801b62c       0x30 appbuild/cipher_wrap.o
 .text.aes_setkey_dec_wrap
                0x0801b65c       0x20 appbuild/cipher_wrap.o
 .text.aes_setkey_enc_wrap
                0x0801b67c       0x20 appbuild/cipher_wrap.o
 .text.aes_ctx_alloc
                0x0801b69c       0x2c appbuild/cipher_wrap.o
 .text.aes_ctx_free
                0x0801b6c8       0x1c appbuild/cipher_wrap.o
 .text.ccm_aes_setkey_wrap
                0x0801b6e4       0x22 appbuild/cipher_wrap.o
 *fill*         0x0801b706        0x2 
 .text.mbedtls_calloc
                0x0801b708       0x24 appbuild/platform.o
                0x0801b708                mbedtls_calloc
 .text.mbedtls_free
                0x0801b72c       0x1c appbuild/platform.o
                0x0801b72c                mbedtls_free
 .text.mbedtls_platform_set_calloc_free
                0x0801b748       0x2c appbuild/platform.o
                0x0801b748                mbedtls_platform_set_calloc_free
 .text.mbedtls_platform_set_snprintf
                0x0801b774       0x20 appbuild/platform.o
                0x0801b774                mbedtls_platform_set_snprintf
 .text.mbedtls_platform_set_printf
                0x0801b794       0x20 appbuild/platform.o
                0x0801b794                mbedtls_platform_set_printf
 .text.mbedtls_ssl_list_ciphersuites
                0x0801b7b4       0x14 appbuild/ssl_ciphersuites.o
                0x0801b7b4                mbedtls_ssl_list_ciphersuites
 .text.mbedtls_ssl_ciphersuite_from_id
                0x0801b7c8       0x3c appbuild/ssl_ciphersuites.o
                0x0801b7c8                mbedtls_ssl_ciphersuite_from_id
 .text.mbedtls_ssl_ciphersuite_uses_psk
                0x0801b804       0x24 appbuild/ssl_ciphersuites.o
                0x0801b804                mbedtls_ssl_ciphersuite_uses_psk
 .text.mbedtls_entropy_init
                0x0801b828       0x48 appbuild/entropy.o
                0x0801b828                mbedtls_entropy_init
 .text.mbedtls_entropy_free
                0x0801b870       0x32 appbuild/entropy.o
                0x0801b870                mbedtls_entropy_free
 .text.mbedtls_entropy_add_source
                0x0801b8a2       0x8e appbuild/entropy.o
                0x0801b8a2                mbedtls_entropy_add_source
 .text.entropy_update
                0x0801b930       0xbc appbuild/entropy.o
 .text.entropy_gather_internal
                0x0801b9ec      0x122 appbuild/entropy.o
 .text.mbedtls_entropy_func
                0x0801bb0e      0x174 appbuild/entropy.o
                0x0801bb0e                mbedtls_entropy_func
 *fill*         0x0801bc82        0x2 
 .text.dtls_ssl_new
                0x0801bc84      0x254 appbuild/dtls_interface.o
                0x0801bc84                dtls_ssl_new
 .text.dtls_gettime
                0x0801bed8       0x12 appbuild/dtls_interface.o
 *fill*         0x0801beea        0x2 
 .text.dtls_shakehand
                0x0801beec      0x190 appbuild/dtls_interface.o
                0x0801beec                dtls_shakehand
 .text.dtls_ssl_destroy